2025-12-04T14:31:17.1024562Z Current runner version: '2.329.0'
2025-12-04T14:31:17.1058960Z ##[group]Runner Image Provisioner
2025-12-04T14:31:17.1060301Z Hosted Compute Agent
2025-12-04T14:31:17.1061146Z Version: 20251124.448
2025-12-04T14:31:17.1062723Z Commit: fda5086b43ec66ade217e5fcd18146c879571177
2025-12-04T14:31:17.1064129Z Build Date: 2025-11-24T21:16:26Z
2025-12-04T14:31:17.1065150Z ##[endgroup]
2025-12-04T14:31:17.1066166Z ##[group]Operating System
2025-12-04T14:31:17.1067094Z Ubuntu
2025-12-04T14:31:17.1067926Z 24.04.3
2025-12-04T14:31:17.1068717Z LTS
2025-12-04T14:31:17.1069473Z ##[endgroup]
2025-12-04T14:31:17.1070218Z ##[group]Runner Image
2025-12-04T14:31:17.1071211Z Image: ubuntu-24.04
2025-12-04T14:31:17.1071984Z Version: 20251126.144.1
2025-12-04T14:31:17.1073997Z Included Software: https://github.com/actions/runner-images/blob/ubuntu24/20251126.144/images/ubuntu/Ubuntu2404-Readme.md
2025-12-04T14:31:17.1076925Z Image Release: https://github.com/actions/runner-images/releases/tag/ubuntu24%2F20251126.144
2025-12-04T14:31:17.1078813Z ##[endgroup]
2025-12-04T14:31:17.1080657Z ##[group]GITHUB_TOKEN Permissions
2025-12-04T14:31:17.1084055Z Contents: read
2025-12-04T14:31:17.1085095Z Metadata: read
2025-12-04T14:31:17.1085937Z Packages: read
2025-12-04T14:31:17.1086825Z ##[endgroup]
2025-12-04T14:31:17.1090829Z Secret source: Actions
2025-12-04T14:31:17.1092306Z Prepare workflow directory
2025-12-04T14:31:17.1715652Z Prepare all required actions
2025-12-04T14:31:17.1770885Z Getting action download info
2025-12-04T14:31:17.4462280Z Download action repository 'actions/checkout@v4' (SHA:34e114876b0b11c390a56381ad16ebd13914f8d5)
2025-12-04T14:31:17.7834908Z Download action repository 'shivammathur/setup-php@v2' (SHA:44454db4f0199b8b9685a5d763dc37cbf79108e1)
2025-12-04T14:31:17.9620069Z Download action repository 'actions/upload-artifact@v4' (SHA:ea165f8d65b6e75b540449e92b4886f43607fa02)
2025-12-04T14:31:18.2882186Z Complete job name: test (8.2)
2025-12-04T14:31:18.3402703Z ##[group]Checking docker version
2025-12-04T14:31:18.3416237Z ##[command]/usr/bin/docker version --format '{{.Server.APIVersion}}'
2025-12-04T14:31:19.6593005Z '1.48'
2025-12-04T14:31:19.6606117Z Docker daemon API version: '1.48'
2025-12-04T14:31:19.6606613Z ##[command]/usr/bin/docker version --format '{{.Client.APIVersion}}'
2025-12-04T14:31:19.6817321Z '1.48'
2025-12-04T14:31:19.6829828Z Docker client API version: '1.48'
2025-12-04T14:31:19.6835354Z ##[endgroup]
2025-12-04T14:31:19.6838118Z ##[group]Clean up resources from previous jobs
2025-12-04T14:31:19.6843213Z ##[command]/usr/bin/docker ps --all --quiet --no-trunc --filter "label=8da2c2"
2025-12-04T14:31:19.6978251Z ##[command]/usr/bin/docker network prune --force --filter "label=8da2c2"
2025-12-04T14:31:19.7136131Z ##[endgroup]
2025-12-04T14:31:19.7136457Z ##[group]Create local container network
2025-12-04T14:31:19.7145990Z ##[command]/usr/bin/docker network create --label 8da2c2 github_network_776fe68955184fc3a5e5b8c04d93adde
2025-12-04T14:31:19.7621617Z 55002bb641dc952fa190740a1e9e518cbdf606bf6891b81741de8f21472476b3
2025-12-04T14:31:19.7641368Z ##[endgroup]
2025-12-04T14:31:19.7665412Z ##[group]Starting mysql service container
2025-12-04T14:31:19.7684581Z ##[command]/usr/bin/docker pull mysql:8.0
2025-12-04T14:31:19.9541729Z 8.0: Pulling from library/mysql
2025-12-04T14:31:20.0007463Z 7a5e1e917526: Pulling fs layer
2025-12-04T14:31:20.0008885Z a3c731ffd1a3: Pulling fs layer
2025-12-04T14:31:20.0009832Z 98c09a342d40: Pulling fs layer
2025-12-04T14:31:20.0013030Z 6b8812fa3131: Pulling fs layer
2025-12-04T14:31:20.0013814Z 96682d77f5a0: Pulling fs layer
2025-12-04T14:31:20.0014278Z 4f1ef7d4d76b: Pulling fs layer
2025-12-04T14:31:20.0014696Z 3a7bd505eaa0: Pulling fs layer
2025-12-04T14:31:20.0015124Z 907afe780e24: Pulling fs layer
2025-12-04T14:31:20.0015413Z 8c3cd0b3401c: Pulling fs layer
2025-12-04T14:31:20.0015718Z 5f838d3bc363: Pulling fs layer
2025-12-04T14:31:20.0016037Z 0ddab5f772d8: Pulling fs layer
2025-12-04T14:31:20.0016347Z 3a7bd505eaa0: Waiting
2025-12-04T14:31:20.0016603Z 907afe780e24: Waiting
2025-12-04T14:31:20.0017223Z 8c3cd0b3401c: Waiting
2025-12-04T14:31:20.0017465Z 5f838d3bc363: Waiting
2025-12-04T14:31:20.0017738Z 0ddab5f772d8: Waiting
2025-12-04T14:31:20.0017976Z 6b8812fa3131: Waiting
2025-12-04T14:31:20.0018221Z 96682d77f5a0: Waiting
2025-12-04T14:31:20.0018455Z 4f1ef7d4d76b: Waiting
2025-12-04T14:31:20.1938460Z a3c731ffd1a3: Download complete
2025-12-04T14:31:20.2091719Z 98c09a342d40: Download complete
2025-12-04T14:31:20.3059771Z 96682d77f5a0: Verifying Checksum
2025-12-04T14:31:20.3063925Z 96682d77f5a0: Download complete
2025-12-04T14:31:20.3828946Z 4f1ef7d4d76b: Download complete
2025-12-04T14:31:20.4001720Z 6b8812fa3131: Verifying Checksum
2025-12-04T14:31:20.4002505Z 6b8812fa3131: Download complete
2025-12-04T14:31:20.4666909Z 907afe780e24: Download complete
2025-12-04T14:31:21.5086369Z 7a5e1e917526: Verifying Checksum
2025-12-04T14:31:21.5087113Z 7a5e1e917526: Download complete
2025-12-04T14:31:21.5773166Z 5f838d3bc363: Verifying Checksum
2025-12-04T14:31:21.5774043Z 5f838d3bc363: Download complete
2025-12-04T14:31:21.6863083Z 0ddab5f772d8: Download complete
2025-12-04T14:31:21.9581147Z 3a7bd505eaa0: Verifying Checksum
2025-12-04T14:31:21.9581685Z 3a7bd505eaa0: Download complete
2025-12-04T14:31:22.9021453Z 7a5e1e917526: Pull complete
2025-12-04T14:31:23.3320267Z a3c731ffd1a3: Pull complete
2025-12-04T14:31:23.3728220Z 98c09a342d40: Pull complete
2025-12-04T14:31:23.5952792Z 8c3cd0b3401c: Verifying Checksum
2025-12-04T14:31:23.5953314Z 8c3cd0b3401c: Download complete
2025-12-04T14:31:23.6011452Z 6b8812fa3131: Pull complete
2025-12-04T14:31:23.6136798Z 96682d77f5a0: Pull complete
2025-12-04T14:31:23.6242418Z 4f1ef7d4d76b: Pull complete
2025-12-04T14:31:24.3827612Z 3a7bd505eaa0: Pull complete
2025-12-04T14:31:24.3946833Z 907afe780e24: Pull complete
2025-12-04T14:31:31.6237508Z 8c3cd0b3401c: Pull complete
2025-12-04T14:31:31.6385411Z 5f838d3bc363: Pull complete
2025-12-04T14:31:31.6487722Z 0ddab5f772d8: Pull complete
2025-12-04T14:31:31.6560081Z Digest: sha256:0275a35e79c60caae68fac520602d9f6897feb9b0941a1471196b1a01760e581
2025-12-04T14:31:31.6571921Z Status: Downloaded newer image for mysql:8.0
2025-12-04T14:31:31.6584607Z docker.io/library/mysql:8.0
2025-12-04T14:31:31.6646638Z ##[command]/usr/bin/docker create --name 28647029b7d742b4828442493129381c_mysql80_115ac8 --label 8da2c2 --network github_network_776fe68955184fc3a5e5b8c04d93adde --network-alias mysql -p 3306:3306 --health-cmd="mysqladmin ping -u root" --health-interval=10s --health-timeout=5s --health-retries=3 -e "MYSQL_ROOT_PASSWORD" -e "MYSQL_ALLOW_EMPTY_PASSWORD=yes" -e "MYSQL_DATABASE=glx2026test" -e GITHUB_ACTIONS=true -e CI=true mysql:8.0
2025-12-04T14:31:31.7008590Z 594b35604d36017b831b365f9150a5cdb67c37e9d74f33b654f16b6dfe382145
2025-12-04T14:31:31.7030952Z ##[command]/usr/bin/docker start 594b35604d36017b831b365f9150a5cdb67c37e9d74f33b654f16b6dfe382145
2025-12-04T14:31:32.4442866Z 594b35604d36017b831b365f9150a5cdb67c37e9d74f33b654f16b6dfe382145
2025-12-04T14:31:32.4465781Z ##[command]/usr/bin/docker ps --all --filter id=594b35604d36017b831b365f9150a5cdb67c37e9d74f33b654f16b6dfe382145 --filter status=running --no-trunc --format "{{.ID}} {{.Status}}"
2025-12-04T14:31:32.4591915Z 594b35604d36017b831b365f9150a5cdb67c37e9d74f33b654f16b6dfe382145 Up Less than a second (health: starting)
2025-12-04T14:31:32.4615255Z ##[command]/usr/bin/docker port 594b35604d36017b831b365f9150a5cdb67c37e9d74f33b654f16b6dfe382145
2025-12-04T14:31:32.4748489Z 3306/tcp -> 0.0.0.0:3306
2025-12-04T14:31:32.4748948Z 3306/tcp -> [::]:3306
2025-12-04T14:31:32.4807447Z ##[endgroup]
2025-12-04T14:31:32.4818719Z ##[group]Waiting for all services to be ready
2025-12-04T14:31:32.4836311Z ##[command]/usr/bin/docker inspect --format="{{if .Config.Healthcheck}}{{print .State.Health.Status}}{{end}}" 594b35604d36017b831b365f9150a5cdb67c37e9d74f33b654f16b6dfe382145
2025-12-04T14:31:32.4988584Z starting
2025-12-04T14:31:32.5018452Z mysql service is starting, waiting 2 seconds before checking again.
2025-12-04T14:31:34.5020816Z ##[command]/usr/bin/docker inspect --format="{{if .Config.Healthcheck}}{{print .State.Health.Status}}{{end}}" 594b35604d36017b831b365f9150a5cdb67c37e9d74f33b654f16b6dfe382145
2025-12-04T14:31:34.5141996Z starting
2025-12-04T14:31:34.5155257Z mysql service is starting, waiting 4 seconds before checking again.
2025-12-04T14:31:38.5505068Z ##[command]/usr/bin/docker inspect --format="{{if .Config.Healthcheck}}{{print .State.Health.Status}}{{end}}" 594b35604d36017b831b365f9150a5cdb67c37e9d74f33b654f16b6dfe382145
2025-12-04T14:31:38.5628996Z starting
2025-12-04T14:31:38.5642448Z mysql service is starting, waiting 7 seconds before checking again.
2025-12-04T14:31:45.9042393Z ##[command]/usr/bin/docker inspect --format="{{if .Config.Healthcheck}}{{print .State.Health.Status}}{{end}}" 594b35604d36017b831b365f9150a5cdb67c37e9d74f33b654f16b6dfe382145
2025-12-04T14:31:45.9161702Z healthy
2025-12-04T14:31:45.9179557Z mysql service is healthy.
2025-12-04T14:31:45.9180507Z ##[endgroup]
2025-12-04T14:31:45.9433166Z ##[group]Run actions/checkout@v4
2025-12-04T14:31:45.9433896Z with:
2025-12-04T14:31:45.9434106Z   repository: dungla2011/laravel2026
2025-12-04T14:31:45.9434497Z   token: ***
2025-12-04T14:31:45.9434672Z   ssh-strict: true
2025-12-04T14:31:45.9434844Z   ssh-user: git
2025-12-04T14:31:45.9435026Z   persist-credentials: true
2025-12-04T14:31:45.9435230Z   clean: true
2025-12-04T14:31:45.9435405Z   sparse-checkout-cone-mode: true
2025-12-04T14:31:45.9435628Z   fetch-depth: 1
2025-12-04T14:31:45.9435792Z   fetch-tags: false
2025-12-04T14:31:45.9435972Z   show-progress: true
2025-12-04T14:31:45.9436145Z   lfs: false
2025-12-04T14:31:45.9436305Z   submodules: false
2025-12-04T14:31:45.9436482Z   set-safe-directory: true
2025-12-04T14:31:45.9436874Z ##[endgroup]
2025-12-04T14:31:46.0496639Z Syncing repository: dungla2011/laravel2026
2025-12-04T14:31:46.0497927Z ##[group]Getting Git version info
2025-12-04T14:31:46.0498348Z Working directory is '/home/runner/work/laravel2026/laravel2026'
2025-12-04T14:31:46.0498865Z [command]/usr/bin/git version
2025-12-04T14:31:46.0574374Z git version 2.52.0
2025-12-04T14:31:46.0600741Z ##[endgroup]
2025-12-04T14:31:46.0614750Z Temporarily overriding HOME='/home/runner/work/_temp/7a6085c2-c9b4-4ab6-b2dd-cd1faad09882' before making global git config changes
2025-12-04T14:31:46.0616190Z Adding repository directory to the temporary git global config as a safe directory
2025-12-04T14:31:46.0628872Z [command]/usr/bin/git config --global --add safe.directory /home/runner/work/laravel2026/laravel2026
2025-12-04T14:31:46.0733160Z Deleting the contents of '/home/runner/work/laravel2026/laravel2026'
2025-12-04T14:31:46.0734576Z ##[group]Initializing the repository
2025-12-04T14:31:46.0734951Z [command]/usr/bin/git init /home/runner/work/laravel2026/laravel2026
2025-12-04T14:31:46.0792655Z hint: Using 'master' as the name for the initial branch. This default branch name
2025-12-04T14:31:46.0793875Z hint: will change to "main" in Git 3.0. To configure the initial branch name
2025-12-04T14:31:46.0794703Z hint: to use in all of your new repositories, which will suppress this warning,
2025-12-04T14:31:46.0795304Z hint: call:
2025-12-04T14:31:46.0795582Z hint:
2025-12-04T14:31:46.0795982Z hint: 	git config --global init.defaultBranch <name>
2025-12-04T14:31:46.0796442Z hint:
2025-12-04T14:31:46.0796955Z hint: Names commonly chosen instead of 'master' are 'main', 'trunk' and
2025-12-04T14:31:46.0797808Z hint: 'development'. The just-created branch can be renamed via this command:
2025-12-04T14:31:46.0798438Z hint:
2025-12-04T14:31:46.0798781Z hint: 	git branch -m <name>
2025-12-04T14:31:46.0799139Z hint:
2025-12-04T14:31:46.0799708Z hint: Disable this message with "git config set advice.defaultBranchName false"
2025-12-04T14:31:46.0800691Z Initialized empty Git repository in /home/runner/work/laravel2026/laravel2026/.git/
2025-12-04T14:31:46.0810995Z [command]/usr/bin/git remote add origin https://github.com/dungla2011/laravel2026
2025-12-04T14:31:46.0847797Z ##[endgroup]
2025-12-04T14:31:46.0848469Z ##[group]Disabling automatic garbage collection
2025-12-04T14:31:46.0853200Z [command]/usr/bin/git config --local gc.auto 0
2025-12-04T14:31:46.0882042Z ##[endgroup]
2025-12-04T14:31:46.0882615Z ##[group]Setting up auth
2025-12-04T14:31:46.0890419Z [command]/usr/bin/git config --local --name-only --get-regexp core\.sshCommand
2025-12-04T14:31:46.0920017Z [command]/usr/bin/git submodule foreach --recursive sh -c "git config --local --name-only --get-regexp 'core\.sshCommand' && git config --local --unset-all 'core.sshCommand' || :"
2025-12-04T14:31:46.1255091Z [command]/usr/bin/git config --local --name-only --get-regexp http\.https\:\/\/github\.com\/\.extraheader
2025-12-04T14:31:46.1285262Z [command]/usr/bin/git submodule foreach --recursive sh -c "git config --local --name-only --get-regexp 'http\.https\:\/\/github\.com\/\.extraheader' && git config --local --unset-all 'http.https://github.com/.extraheader' || :"
2025-12-04T14:31:46.1511614Z [command]/usr/bin/git config --local --name-only --get-regexp ^includeIf\.gitdir:
2025-12-04T14:31:46.1541647Z [command]/usr/bin/git submodule foreach --recursive git config --local --show-origin --name-only --get-regexp remote.origin.url
2025-12-04T14:31:46.1775246Z [command]/usr/bin/git config --local http.https://github.com/.extraheader AUTHORIZATION: basic ***
2025-12-04T14:31:46.1810129Z ##[endgroup]
2025-12-04T14:31:46.1810793Z ##[group]Fetching the repository
2025-12-04T14:31:46.1819274Z [command]/usr/bin/git -c protocol.version=2 fetch --no-tags --prune --no-recurse-submodules --depth=1 origin +0d4c1d2350baf48ab0d36490e5ff146304c56b82:refs/remotes/origin/main
2025-12-04T14:31:53.0916707Z From https://github.com/dungla2011/laravel2026
2025-12-04T14:31:53.0917150Z  * [new ref]         0d4c1d2350baf48ab0d36490e5ff146304c56b82 -> origin/main
2025-12-04T14:31:53.0949973Z ##[endgroup]
2025-12-04T14:31:53.0950564Z ##[group]Determining the checkout info
2025-12-04T14:31:53.0952578Z ##[endgroup]
2025-12-04T14:31:53.0958109Z [command]/usr/bin/git sparse-checkout disable
2025-12-04T14:31:53.0998904Z [command]/usr/bin/git config --local --unset-all extensions.worktreeConfig
2025-12-04T14:31:53.1023867Z ##[group]Checking out the ref
2025-12-04T14:31:53.1027982Z [command]/usr/bin/git checkout --progress --force -B main refs/remotes/origin/main
2025-12-04T14:31:54.1642522Z Updating files:  37% (5966/16084)
2025-12-04T14:31:54.2040657Z Updating files:  38% (6112/16084)
2025-12-04T14:31:54.2174313Z Updating files:  39% (6273/16084)
2025-12-04T14:31:54.2829817Z Updating files:  40% (6434/16084)
2025-12-04T14:31:54.3054654Z Updating files:  41% (6595/16084)
2025-12-04T14:31:54.3329578Z Updating files:  42% (6756/16084)
2025-12-04T14:31:54.3824669Z Updating files:  43% (6917/16084)
2025-12-04T14:31:54.4735211Z Updating files:  44% (7077/16084)
2025-12-04T14:31:54.4973351Z Updating files:  45% (7238/16084)
2025-12-04T14:31:54.5842453Z Updating files:  46% (7399/16084)
2025-12-04T14:31:54.6634084Z Updating files:  47% (7560/16084)
2025-12-04T14:31:54.6979827Z Updating files:  48% (7721/16084)
2025-12-04T14:31:54.7407686Z Updating files:  49% (7882/16084)
2025-12-04T14:31:54.7542431Z Updating files:  50% (8042/16084)
2025-12-04T14:31:54.7604632Z Updating files:  51% (8203/16084)
2025-12-04T14:31:54.7678131Z Updating files:  52% (8364/16084)
2025-12-04T14:31:54.7742344Z Updating files:  53% (8525/16084)
2025-12-04T14:31:54.7810255Z Updating files:  54% (8686/16084)
2025-12-04T14:31:54.7925378Z Updating files:  55% (8847/16084)
2025-12-04T14:31:54.7990053Z Updating files:  56% (9008/16084)
2025-12-04T14:31:54.8058321Z Updating files:  57% (9168/16084)
2025-12-04T14:31:54.8125563Z Updating files:  58% (9329/16084)
2025-12-04T14:31:54.8190715Z Updating files:  59% (9490/16084)
2025-12-04T14:31:54.8255239Z Updating files:  60% (9651/16084)
2025-12-04T14:31:54.8319729Z Updating files:  61% (9812/16084)
2025-12-04T14:31:54.8398135Z Updating files:  62% (9973/16084)
2025-12-04T14:31:54.8718435Z Updating files:  63% (10133/16084)
2025-12-04T14:31:54.8904063Z Updating files:  64% (10294/16084)
2025-12-04T14:31:54.9083891Z Updating files:  65% (10455/16084)
2025-12-04T14:31:54.9159119Z Updating files:  66% (10616/16084)
2025-12-04T14:31:54.9230800Z Updating files:  67% (10777/16084)
2025-12-04T14:31:54.9317476Z Updating files:  68% (10938/16084)
2025-12-04T14:31:54.9427084Z Updating files:  69% (11098/16084)
2025-12-04T14:31:54.9504833Z Updating files:  70% (11259/16084)
2025-12-04T14:31:54.9582405Z Updating files:  71% (11420/16084)
2025-12-04T14:31:54.9662406Z Updating files:  72% (11581/16084)
2025-12-04T14:31:54.9749146Z Updating files:  73% (11742/16084)
2025-12-04T14:31:54.9967488Z Updating files:  74% (11903/16084)
2025-12-04T14:31:55.0209383Z Updating files:  75% (12063/16084)
2025-12-04T14:31:55.0377404Z Updating files:  76% (12224/16084)
2025-12-04T14:31:55.0536395Z Updating files:  77% (12385/16084)
2025-12-04T14:31:55.1184929Z Updating files:  78% (12546/16084)
2025-12-04T14:31:55.1308799Z Updating files:  78% (12670/16084)
2025-12-04T14:31:55.1395883Z Updating files:  79% (12707/16084)
2025-12-04T14:31:55.1580135Z Updating files:  80% (12868/16084)
2025-12-04T14:31:55.1890754Z Updating files:  81% (13029/16084)
2025-12-04T14:31:55.2247876Z Updating files:  82% (13189/16084)
2025-12-04T14:31:55.2403139Z Updating files:  83% (13350/16084)
2025-12-04T14:31:55.2947880Z Updating files:  84% (13511/16084)
2025-12-04T14:31:55.3291284Z Updating files:  85% (13672/16084)
2025-12-04T14:31:55.3714589Z Updating files:  86% (13833/16084)
2025-12-04T14:31:55.4137232Z Updating files:  87% (13994/16084)
2025-12-04T14:31:55.4444163Z Updating files:  88% (14154/16084)
2025-12-04T14:31:55.4629001Z Updating files:  89% (14315/16084)
2025-12-04T14:31:55.4739353Z Updating files:  90% (14476/16084)
2025-12-04T14:31:55.4932408Z Updating files:  91% (14637/16084)
2025-12-04T14:31:55.5156011Z Updating files:  92% (14798/16084)
2025-12-04T14:31:55.5245508Z Updating files:  93% (14959/16084)
2025-12-04T14:31:55.5416011Z Updating files:  94% (15119/16084)
2025-12-04T14:31:55.5567997Z Updating files:  95% (15280/16084)
2025-12-04T14:31:55.5676616Z Updating files:  96% (15441/16084)
2025-12-04T14:31:55.5740921Z Updating files:  97% (15602/16084)
2025-12-04T14:31:55.5802498Z Updating files:  98% (15763/16084)
2025-12-04T14:31:55.6232031Z Updating files:  99% (15924/16084)
2025-12-04T14:31:55.6232647Z Updating files: 100% (16084/16084)
2025-12-04T14:31:55.6233204Z Updating files: 100% (16084/16084), done.
2025-12-04T14:31:55.6390642Z Switched to a new branch 'main'
2025-12-04T14:31:55.6393888Z branch 'main' set up to track 'origin/main'.
2025-12-04T14:31:55.6552503Z ##[endgroup]
2025-12-04T14:31:55.6593053Z [command]/usr/bin/git log -1 --format=%H
2025-12-04T14:31:55.6615468Z 0d4c1d2350baf48ab0d36490e5ff146304c56b82
2025-12-04T14:31:55.6787052Z ##[group]Run shivammathur/setup-php@v2
2025-12-04T14:31:55.6787317Z with:
2025-12-04T14:31:55.6787489Z   php-version: 8.2
2025-12-04T14:31:55.6787703Z   extensions: mysql, mbstring, json, curl, bcmath
2025-12-04T14:31:55.6787961Z   coverage: xdebug
2025-12-04T14:31:55.6788134Z   ini-file: production
2025-12-04T14:31:55.6788464Z   github-token: ***
2025-12-04T14:31:55.6788662Z ##[endgroup]
2025-12-04T14:31:55.7499034Z [command]/usr/bin/bash /home/runner/work/_actions/shivammathur/setup-php/v2/src/scripts/run.sh
2025-12-04T14:31:55.7921179Z 
2025-12-04T14:31:55.7921977Z [90;1m==> [0m[37;1mSetup PHP[0m
2025-12-04T14:32:05.8049104Z [32;1mâœ“ [0m[34;1mPHP [0m[90;1mInstalled PHP 8.2.29[0m
2025-12-04T14:32:05.8049595Z 
2025-12-04T14:32:05.8049794Z [90;1m==> [0m[37;1mSetup Extensions[0m
2025-12-04T14:32:05.8558512Z [32;1mâœ“ [0m[34;1mmysql [0m[90;1mEnabled[0m
2025-12-04T14:32:05.8592175Z [32;1mâœ“ [0m[34;1mmbstring [0m[90;1mEnabled[0m
2025-12-04T14:32:05.8627072Z [32;1mâœ“ [0m[34;1mjson [0m[90;1mEnabled[0m
2025-12-04T14:32:05.8657968Z [32;1mâœ“ [0m[34;1mcurl [0m[90;1mEnabled[0m
2025-12-04T14:32:05.8690754Z [32;1mâœ“ [0m[34;1mbcmath [0m[90;1mEnabled[0m
2025-12-04T14:32:05.8692202Z 
2025-12-04T14:32:05.8692623Z [90;1m==> [0m[37;1mSetup Tools[0m
2025-12-04T14:32:06.2648724Z [32;1mâœ“ [0m[34;1mcomposer [0m[90;1mAdded composer 2.9.2[0m
2025-12-04T14:32:06.2650706Z 
2025-12-04T14:32:06.2651398Z [90;1m==> [0m[37;1mSetup Coverage[0m
2025-12-04T14:32:06.3699566Z [32;1mâœ“ [0m[34;1mxdebug [0m[90;1mXdebug 3.4.5 enabled as coverage driver[0m
2025-12-04T14:32:06.3700916Z 
2025-12-04T14:32:06.3701201Z [90;1m==> [0m[37;1mSponsor setup-php[0m
2025-12-04T14:32:06.3701873Z [32;1mâœ“ [0m[34;1msetup-php [0m[90;1mhttps://setup-php.com/sponsor[0m
2025-12-04T14:32:06.3892681Z ##[group]Run until mysqladmin ping -h 127.0.0.1 -u root -p''; do
2025-12-04T14:32:06.3893135Z [36;1muntil mysqladmin ping -h 127.0.0.1 -u root -p''; do[0m
2025-12-04T14:32:06.3893455Z [36;1m  echo 'MySQL not ready, waiting...'[0m
2025-12-04T14:32:06.3894220Z [36;1m  sleep 1[0m
2025-12-04T14:32:06.3894420Z [36;1mdone[0m
2025-12-04T14:32:06.3935365Z shell: /usr/bin/bash -e {0}
2025-12-04T14:32:06.3935619Z env:
2025-12-04T14:32:06.3935801Z   COMPOSER_PROCESS_TIMEOUT: 0
2025-12-04T14:32:06.3936023Z   COMPOSER_NO_INTERACTION: 1
2025-12-04T14:32:06.3936253Z   COMPOSER_NO_AUDIT: 1
2025-12-04T14:32:06.3936459Z ##[endgroup]
2025-12-04T14:32:06.6001557Z mysqld is alive
2025-12-04T14:32:06.6011372Z Enter password: 
2025-12-04T14:32:06.6041435Z ##[group]Run mysql -h 127.0.0.1 -u root -e "DROP DATABASE IF EXISTS glx2026test; CREATE DATABASE glx2026test CHARACTER SET utf8mb4 COLLATE utf8mb4_unicode_ci;"
2025-12-04T14:32:06.6042441Z [36;1mmysql -h 127.0.0.1 -u root -e "DROP DATABASE IF EXISTS glx2026test; CREATE DATABASE glx2026test CHARACTER SET utf8mb4 COLLATE utf8mb4_unicode_ci;"[0m
2025-12-04T14:32:06.6043169Z [36;1mmysql -h 127.0.0.1 -u root glx2026test < database/glx2026test.sql[0m
2025-12-04T14:32:06.6077619Z shell: /usr/bin/bash -e {0}
2025-12-04T14:32:06.6077841Z env:
2025-12-04T14:32:06.6078014Z   COMPOSER_PROCESS_TIMEOUT: 0
2025-12-04T14:32:06.6078246Z   COMPOSER_NO_INTERACTION: 1
2025-12-04T14:32:06.6078452Z   COMPOSER_NO_AUDIT: 1
2025-12-04T14:32:06.6078638Z ##[endgroup]
2025-12-04T14:32:20.7567870Z ##[group]Run cp .env.testing .env
2025-12-04T14:32:20.7568377Z [36;1mcp .env.testing .env[0m
2025-12-04T14:32:20.7603143Z shell: /usr/bin/bash -e {0}
2025-12-04T14:32:20.7603371Z env:
2025-12-04T14:32:20.7603746Z   COMPOSER_PROCESS_TIMEOUT: 0
2025-12-04T14:32:20.7603983Z   COMPOSER_NO_INTERACTION: 1
2025-12-04T14:32:20.7604193Z   COMPOSER_NO_AUDIT: 1
2025-12-04T14:32:20.7604374Z ##[endgroup]
2025-12-04T14:32:20.7695557Z ##[group]Run sed -i "s|unix_socket=.*|unix_socket=|g" .env
2025-12-04T14:32:20.7695942Z [36;1msed -i "s|unix_socket=.*|unix_socket=|g" .env[0m
2025-12-04T14:32:20.7696254Z [36;1msed -i "s|DB_HOST=.*|DB_HOST=127.0.0.1|g" .env[0m
2025-12-04T14:32:20.7726864Z shell: /usr/bin/bash -e {0}
2025-12-04T14:32:20.7727077Z env:
2025-12-04T14:32:20.7727252Z   COMPOSER_PROCESS_TIMEOUT: 0
2025-12-04T14:32:20.7727476Z   COMPOSER_NO_INTERACTION: 1
2025-12-04T14:32:20.7727684Z   COMPOSER_NO_AUDIT: 1
2025-12-04T14:32:20.7727864Z ##[endgroup]
2025-12-04T14:32:20.7841195Z ##[group]Run composer install --no-interaction --prefer-dist --optimize-autoloader --ignore-platform-req=ext-mongodb
2025-12-04T14:32:20.7841963Z [36;1mcomposer install --no-interaction --prefer-dist --optimize-autoloader --ignore-platform-req=ext-mongodb[0m
2025-12-04T14:32:20.7872643Z shell: /usr/bin/bash -e {0}
2025-12-04T14:32:20.7872863Z env:
2025-12-04T14:32:20.7873030Z   COMPOSER_PROCESS_TIMEOUT: 0
2025-12-04T14:32:20.7873254Z   COMPOSER_NO_INTERACTION: 1
2025-12-04T14:32:20.7873449Z   COMPOSER_NO_AUDIT: 1
2025-12-04T14:32:20.7873751Z ##[endgroup]
2025-12-04T14:32:20.9905908Z Installing dependencies from lock file (including require-dev)
2025-12-04T14:32:21.0004208Z Verifying lock file contents can be installed on current platform.
2025-12-04T14:32:21.0581885Z Package operations: 216 installs, 0 updates, 0 removals
2025-12-04T14:32:21.0600316Z   - Downloading php-http/discovery (1.20.0)
2025-12-04T14:32:21.0609440Z   - Downloading andyabih/laravel-to-uml (1.0.3)
2025-12-04T14:32:21.0612383Z   - Downloading symfony/polyfill-mbstring (v1.33.0)
2025-12-04T14:32:21.0615019Z   - Downloading symfony/polyfill-ctype (v1.33.0)
2025-12-04T14:32:21.0617429Z   - Downloading symfony/filesystem (v7.4.0)
2025-12-04T14:32:21.0620191Z   - Downloading psr/http-message (2.0)
2025-12-04T14:32:21.0623001Z   - Downloading mtdowling/jmespath.php (2.8.0)
2025-12-04T14:32:21.0626235Z   - Downloading ralouphie/getallheaders (3.0.3)
2025-12-04T14:32:21.0628571Z   - Downloading psr/http-factory (1.1.0)
2025-12-04T14:32:21.0631324Z   - Downloading guzzlehttp/psr7 (2.8.0)
2025-12-04T14:32:21.0633790Z   - Downloading guzzlehttp/promises (2.3.0)
2025-12-04T14:32:21.0636402Z   - Downloading symfony/deprecation-contracts (v3.6.0)
2025-12-04T14:32:21.0638556Z   - Downloading psr/http-client (1.0.3)
2025-12-04T14:32:21.0640009Z   - Downloading guzzlehttp/guzzle (7.10.0)
2025-12-04T14:32:21.0641857Z   - Downloading aws/aws-crt-php (v1.2.7)
2025-12-04T14:32:21.0643324Z   - Downloading aws/aws-sdk-php (3.366.0)
2025-12-04T14:32:21.0645149Z   - Downloading symfony/finder (v7.4.0)
2025-12-04T14:32:21.0646632Z   - Downloading symfony/var-dumper (v7.4.0)
2025-12-04T14:32:21.0648056Z   - Downloading psr/log (3.0.2)
2025-12-04T14:32:21.0649987Z   - Downloading php-debugbar/php-debugbar (v2.2.4)
2025-12-04T14:32:21.0651915Z   - Downloading voku/portable-ascii (2.0.3)
2025-12-04T14:32:21.0653393Z   - Downloading symfony/polyfill-php80 (v1.33.0)
2025-12-04T14:32:21.0655668Z   - Downloading phpoption/phpoption (1.9.4)
2025-12-04T14:32:21.0657522Z   - Downloading graham-campbell/result-type (v1.1.3)
2025-12-04T14:32:21.0659306Z   - Downloading vlucas/phpdotenv (v5.6.2)
2025-12-04T14:32:21.0660864Z   - Downloading symfony/css-selector (v7.4.0)
2025-12-04T14:32:21.0662800Z   - Downloading tijsverkoyen/css-to-inline-styles (v2.3.0)
2025-12-04T14:32:21.0664741Z   - Downloading symfony/polyfill-uuid (v1.33.0)
2025-12-04T14:32:21.0666367Z   - Downloading symfony/uid (v7.4.0)
2025-12-04T14:32:21.0667961Z   - Downloading symfony/routing (v7.4.0)
2025-12-04T14:32:21.0669510Z   - Downloading symfony/process (v7.4.0)
2025-12-04T14:32:21.0671064Z   - Downloading symfony/polyfill-php85 (v1.33.0)
2025-12-04T14:32:21.0672608Z   - Downloading symfony/polyfill-php84 (v1.33.0)
2025-12-04T14:32:21.0674392Z   - Downloading symfony/polyfill-php83 (v1.33.0)
2025-12-04T14:32:21.0675983Z   - Downloading symfony/polyfill-intl-normalizer (v1.33.0)
2025-12-04T14:32:21.0677499Z   - Downloading symfony/polyfill-intl-idn (v1.33.0)
2025-12-04T14:32:21.0678978Z   - Downloading symfony/mime (v7.4.0)
2025-12-04T14:32:21.0680473Z   - Downloading psr/container (2.0.2)
2025-12-04T14:32:21.0682049Z   - Downloading symfony/service-contracts (v3.6.1)
2025-12-04T14:32:21.0683458Z   - Downloading psr/event-dispatcher (1.0.0)
2025-12-04T14:32:21.0685257Z   - Downloading symfony/event-dispatcher-contracts (v3.6.0)
2025-12-04T14:32:21.0686769Z   - Downloading symfony/event-dispatcher (v7.4.0)
2025-12-04T14:32:21.0688717Z   - Downloading doctrine/lexer (3.0.1)
2025-12-04T14:32:21.0691433Z   - Downloading egulias/email-validator (4.0.4)
2025-12-04T14:32:21.0692479Z   - Downloading symfony/mailer (v7.4.0)
2025-12-04T14:32:21.0694798Z   - Downloading symfony/http-foundation (v7.4.0)
2025-12-04T14:32:21.0696232Z   - Downloading symfony/error-handler (v7.4.0)
2025-12-04T14:32:21.0698205Z   - Downloading symfony/http-kernel (v7.4.0)
2025-12-04T14:32:21.0699802Z   - Downloading symfony/polyfill-intl-grapheme (v1.33.0)
2025-12-04T14:32:21.0701330Z   - Downloading symfony/string (v7.4.0)
2025-12-04T14:32:21.0703239Z   - Downloading symfony/console (v7.4.0)
2025-12-04T14:32:21.0705769Z   - Downloading ramsey/collection (2.1.1)
2025-12-04T14:32:21.0708063Z   - Downloading brick/math (0.14.1)
2025-12-04T14:32:21.0709604Z   - Downloading ramsey/uuid (4.9.1)
2025-12-04T14:32:21.0711513Z   - Downloading psr/simple-cache (3.0.0)
2025-12-04T14:32:21.0713995Z   - Downloading nunomaduro/termwind (v2.3.3)
2025-12-04T14:32:21.0715508Z   - Downloading symfony/translation-contracts (v3.6.1)
2025-12-04T14:32:21.0717332Z   - Downloading symfony/translation (v7.4.0)
2025-12-04T14:32:21.0718917Z   - Downloading psr/clock (1.0.0)
2025-12-04T14:32:21.0720504Z   - Downloading symfony/clock (v7.4.0)
2025-12-04T14:32:21.0722986Z   - Downloading carbonphp/carbon-doctrine-types (2.1.0)
2025-12-04T14:32:21.0725366Z   - Downloading nesbot/carbon (3.11.0)
2025-12-04T14:32:21.0727564Z   - Downloading monolog/monolog (3.9.0)
2025-12-04T14:32:21.0729751Z   - Downloading league/uri-interfaces (7.6.0)
2025-12-04T14:32:21.0731176Z   - Downloading league/uri (7.6.0)
2025-12-04T14:32:21.0733163Z   - Downloading league/mime-type-detection (1.16.0)
2025-12-04T14:32:21.0735137Z   - Downloading league/flysystem-local (3.30.2)
2025-12-04T14:32:21.0736875Z   - Downloading league/flysystem (3.30.2)
2025-12-04T14:32:21.0739177Z   - Downloading nette/utils (v4.1.0)
2025-12-04T14:32:21.0740576Z   - Downloading nette/schema (v1.3.3)
2025-12-04T14:32:21.0742989Z   - Downloading dflydev/dot-access-data (v3.0.3)
2025-12-04T14:32:21.0747315Z   - Downloading league/config (v1.2.0)
2025-12-04T14:32:21.0748679Z   - Downloading league/commonmark (2.8.0)
2025-12-04T14:32:21.0751159Z   - Downloading laravel/serializable-closure (v2.0.7)
2025-12-04T14:32:21.0752513Z   - Downloading laravel/prompts (v0.3.8)
2025-12-04T14:32:21.0754667Z   - Downloading guzzlehttp/uri-template (v1.0.5)
2025-12-04T14:32:21.0756961Z   - Downloading fruitcake/php-cors (v1.4.0)
2025-12-04T14:32:21.0759208Z   - Downloading dragonmantank/cron-expression (v3.6.0)
2025-12-04T14:32:21.0760586Z   - Downloading doctrine/inflector (2.1.0)
2025-12-04T14:32:21.0762518Z   - Downloading laravel/framework (v12.41.1)
2025-12-04T14:32:21.0765035Z   - Downloading barryvdh/laravel-debugbar (v3.16.1)
2025-12-04T14:32:21.0767193Z   - Downloading catfan/medoo (v2.2.0)
2025-12-04T14:32:21.0768795Z   - Downloading league/color-extractor (0.4.0)
2025-12-04T14:32:21.0771098Z   - Downloading claviska/simpleimage (4.4.0)
2025-12-04T14:32:21.0773288Z   - Downloading coldwinds/torrent-rw (v1.1)
2025-12-04T14:32:21.0775680Z   - Downloading dasprid/enum (1.0.7)
2025-12-04T14:32:21.0777463Z   - Downloading psr/cache (3.0.0)
2025-12-04T14:32:21.0779083Z   - Downloading doctrine/event-manager (2.0.1)
2025-12-04T14:32:21.0780740Z   - Downloading doctrine/deprecations (1.1.5)
2025-12-04T14:32:21.0782486Z   - Downloading doctrine/dbal (3.10.4)
2025-12-04T14:32:21.0784662Z   - Downloading php-http/promise (1.3.1)
2025-12-04T14:32:21.0786267Z   - Downloading php-http/httplug (2.4.1)
2025-12-04T14:32:21.0788207Z   - Downloading symfony/polyfill-php82 (v1.33.0)
2025-12-04T14:32:21.0790454Z   - Downloading open-telemetry/context (1.4.0)
2025-12-04T14:32:21.0791842Z   - Downloading open-telemetry/api (1.7.1)
2025-12-04T14:32:21.0794328Z   - Downloading elastic/transport (v8.11.0)
2025-12-04T14:32:21.0796704Z   - Downloading elasticsearch/elasticsearch (v8.19.0)
2025-12-04T14:32:21.0798872Z   - Downloading ezyang/htmlpurifier (v4.19.0)
2025-12-04T14:32:21.0801239Z   - Downloading fakerphp/faker (v1.24.1)
2025-12-04T14:32:21.0803787Z   - Downloading godruoyi/php-snowflake (3.2.1)
2025-12-04T14:32:21.0805884Z   - Downloading paragonie/random_compat (v9.99.100)
2025-12-04T14:32:21.0807386Z   - Downloading paragonie/constant_time_encoding (v3.1.3)
2025-12-04T14:32:21.0809896Z   - Downloading phpseclib/phpseclib (3.0.47)
2025-12-04T14:32:21.0811968Z   - Downloading firebase/php-jwt (v6.11.1)
2025-12-04T14:32:21.0814206Z   - Downloading google/auth (v1.49.0)
2025-12-04T14:32:21.0816314Z   - Downloading google/apiclient-services (v0.422.0)
2025-12-04T14:32:21.0817720Z   - Downloading google/apiclient (v2.15.0)
2025-12-04T14:32:21.0820163Z   - Downloading rize/uri-template (0.4.1)
2025-12-04T14:32:21.0822498Z   - Downloading grpc/grpc (1.74.0)
2025-12-04T14:32:21.0824052Z   - Downloading google/protobuf (v4.33.1)
2025-12-04T14:32:21.0826059Z   - Downloading google/longrunning (0.6.0)
2025-12-04T14:32:21.0827487Z   - Downloading google/grpc-gcp (v0.4.1)
2025-12-04T14:32:21.0829354Z   - Downloading google/common-protos (4.12.4)
2025-12-04T14:32:21.0830975Z   - Downloading google/gax (v1.39.0)
2025-12-04T14:32:21.0832721Z   - Downloading google/cloud-core (v1.68.2)
2025-12-04T14:32:21.0834641Z   - Downloading google/cloud-text-to-speech (v1.12.2)
2025-12-04T14:32:21.0837152Z   - Downloading intervention/gif (4.2.2)
2025-12-04T14:32:21.0838442Z   - Downloading intervention/image (3.11.5)
2025-12-04T14:32:21.0841101Z   - Downloading kitloong/laravel-migrations-generator (v7.2.0)
2025-12-04T14:32:21.0843378Z   - Downloading lcobucci/clock (3.3.1)
2025-12-04T14:32:21.0845368Z   - Downloading lcobucci/jwt (4.3.0)
2025-12-04T14:32:21.0847727Z   - Downloading fig/http-message-util (1.1.5)
2025-12-04T14:32:21.0849897Z   - Downloading beste/clock (3.0.0)
2025-12-04T14:32:21.0852396Z   - Downloading kreait/firebase-tokens (4.3.0)
2025-12-04T14:32:21.0854036Z   - Downloading google/cloud-storage (v1.48.7)
2025-12-04T14:32:21.0856100Z   - Downloading beste/json (1.7.0)
2025-12-04T14:32:21.0857552Z   - Downloading beste/in-memory-cache (1.4.0)
2025-12-04T14:32:21.0859638Z   - Downloading kreait/firebase-php (7.10.0)
2025-12-04T14:32:21.0889842Z   - Downloading lad-lib/common (dev-main 6de8aa5)
2025-12-04T14:32:21.0890539Z   - Downloading lad-lib/laravel (dev-main bb1e0fe)
2025-12-04T14:32:21.0891123Z   - Downloading php-webdriver/webdriver (1.15.2)
2025-12-04T14:32:21.0891644Z   - Downloading laravel/dusk (v8.3.4)
2025-12-04T14:32:21.0892110Z   - Downloading laravel/pint (v1.26.0)
2025-12-04T14:32:21.0892586Z   - Downloading symfony/yaml (v7.4.0)
2025-12-04T14:32:21.0893043Z   - Downloading laravel/sail (v1.50.0)
2025-12-04T14:32:21.0893496Z   - Downloading laravel/sanctum (v4.2.1)
2025-12-04T14:32:21.0894200Z   - Downloading league/oauth1-client (v1.11.0)
2025-12-04T14:32:21.0894714Z   - Downloading laravel/socialite (v5.23.2)
2025-12-04T14:32:21.0895203Z   - Downloading nikic/php-parser (v5.6.2)
2025-12-04T14:32:21.0895671Z   - Downloading psy/psysh (v0.12.15)
2025-12-04T14:32:21.0896118Z   - Downloading laravel/tinker (v2.10.2)
2025-12-04T14:32:21.0896613Z   - Downloading league/flysystem-ftp (3.29.0)
2025-12-04T14:32:21.0897147Z   - Downloading hamcrest/hamcrest-php (v2.1.1)
2025-12-04T14:32:21.0897646Z   - Downloading mockery/mockery (1.6.12)
2025-12-04T14:32:21.0898119Z   - Downloading mongodb/mongodb (1.21.3)
2025-12-04T14:32:21.0898608Z   - Downloading mongodb/laravel-mongodb (5.5.0)
2025-12-04T14:32:21.0899121Z   - Downloading setasign/fpdi (v2.6.4)
2025-12-04T14:32:21.0899599Z   - Downloading myclabs/deep-copy (1.13.4)
2025-12-04T14:32:21.0900118Z   - Downloading mpdf/psr-log-aware-trait (v3.0.0)
2025-12-04T14:32:21.0901082Z   - Downloading mpdf/psr-http-message-shim (v2.0.1)
2025-12-04T14:32:21.0902833Z   - Downloading mpdf/mpdf (v8.2.7)
2025-12-04T14:32:21.0905406Z   - Downloading nekland/tools (2.6.2)
2025-12-04T14:32:21.0907657Z   - Downloading filp/whoops (2.18.4)
2025-12-04T14:32:21.0909468Z   - Downloading nunomaduro/collision (v8.6.0)
2025-12-04T14:32:21.0911754Z   - Downloading phpmailer/phpmailer (v6.12.0)
2025-12-04T14:32:21.0916369Z   - Downloading markbaker/matrix (3.0.1)
2025-12-04T14:32:21.0917549Z   - Downloading markbaker/complex (3.0.2)
2025-12-04T14:32:21.0919938Z   - Downloading maennchen/zipstream-php (3.1.2)
2025-12-04T14:32:21.0921390Z   - Downloading composer/pcre (3.3.2)
2025-12-04T14:32:21.0923938Z   - Downloading phpoffice/phpspreadsheet (3.10.2)
2025-12-04T14:32:21.0925307Z   - Downloading phpoffice/math (0.3.0)
2025-12-04T14:32:21.0927143Z   - Downloading phpoffice/phpword (1.4.0)
2025-12-04T14:32:21.0929616Z   - Downloading staabm/side-effects-detector (1.0.5)
2025-12-04T14:32:21.0931706Z   - Downloading sebastian/version (5.0.2)
2025-12-04T14:32:21.0933388Z   - Downloading sebastian/type (5.1.3)
2025-12-04T14:32:21.0935584Z   - Downloading sebastian/recursion-context (6.0.3)
2025-12-04T14:32:21.0937003Z   - Downloading sebastian/object-reflector (4.0.1)
2025-12-04T14:32:21.0938772Z   - Downloading sebastian/object-enumerator (6.0.1)
2025-12-04T14:32:21.0940645Z   - Downloading sebastian/global-state (7.0.2)
2025-12-04T14:32:21.0942133Z   - Downloading sebastian/exporter (6.3.2)
2025-12-04T14:32:21.0944000Z   - Downloading sebastian/environment (7.2.1)
2025-12-04T14:32:21.0945717Z   - Downloading sebastian/diff (6.0.2)
2025-12-04T14:32:21.0947594Z   - Downloading sebastian/comparator (6.3.2)
2025-12-04T14:32:21.0949207Z   - Downloading sebastian/code-unit (3.0.3)
2025-12-04T14:32:21.0950875Z   - Downloading sebastian/cli-parser (3.0.2)
2025-12-04T14:32:21.0953316Z   - Downloading phpunit/php-timer (7.0.1)
2025-12-04T14:32:21.0954951Z   - Downloading phpunit/php-text-template (4.0.1)
2025-12-04T14:32:21.0956861Z   - Downloading phpunit/php-invoker (5.0.1)
2025-12-04T14:32:21.0958493Z   - Downloading phpunit/php-file-iterator (5.1.0)
2025-12-04T14:32:21.0960838Z   - Downloading theseer/tokenizer (1.3.1)
2025-12-04T14:32:21.0962649Z   - Downloading sebastian/lines-of-code (3.0.1)
2025-12-04T14:32:21.0964315Z   - Downloading sebastian/complexity (4.0.1)
2025-12-04T14:32:21.0966324Z   - Downloading sebastian/code-unit-reverse-lookup (4.0.1)
2025-12-04T14:32:21.0967844Z   - Downloading phpunit/php-code-coverage (11.0.11)
2025-12-04T14:32:21.0970301Z   - Downloading phar-io/version (3.2.1)
2025-12-04T14:32:21.0971710Z   - Downloading phar-io/manifest (2.0.4)
2025-12-04T14:32:21.0973743Z   - Downloading phpunit/phpunit (11.5.45)
2025-12-04T14:32:21.0976400Z   - Downloading picqer/php-barcode-generator (v2.4.2)
2025-12-04T14:32:21.0978389Z   - Downloading predis/predis (v2.4.1)
2025-12-04T14:32:21.0980231Z   - Downloading paragonie/sodium_compat (v2.4.0)
2025-12-04T14:32:21.0982590Z   - Downloading pusher/pusher-php-server (7.2.7)
2025-12-04T14:32:21.0984959Z   - Downloading sabre/uri (2.3.4)
2025-12-04T14:32:21.0986585Z   - Downloading sabre/xml (2.2.11)
2025-12-04T14:32:21.0988276Z   - Downloading sabre/vobject (4.5.7)
2025-12-04T14:32:21.0989947Z   - Downloading sabre/event (5.1.7)
2025-12-04T14:32:21.0991741Z   - Downloading sabre/http (5.1.13)
2025-12-04T14:32:21.0993200Z   - Downloading sabre/dav (4.7.0)
2025-12-04T14:32:21.0995943Z   - Downloading bacon/bacon-qr-code (2.0.8)
2025-12-04T14:32:21.0998288Z   - Downloading simplesoftwareio/simple-qrcode (4.2.0)
2025-12-04T14:32:21.1000541Z   - Downloading spatie/error-solutions (1.1.3)
2025-12-04T14:32:21.1001939Z   - Downloading spatie/backtrace (1.8.1)
2025-12-04T14:32:21.1004009Z   - Downloading spatie/flare-client-php (1.10.1)
2025-12-04T14:32:21.1005522Z   - Downloading spatie/temporary-directory (2.3.0)
2025-12-04T14:32:21.1007365Z   - Downloading spatie/laravel-package-tools (1.92.7)
2025-12-04T14:32:21.1008878Z   - Downloading spatie/laravel-signal-aware-command (2.1.1)
2025-12-04T14:32:21.1010711Z   - Downloading spatie/db-dumper (3.8.1)
2025-12-04T14:32:21.1012155Z   - Downloading spatie/laravel-backup (9.3.6)
2025-12-04T14:32:21.1014007Z   - Downloading spatie/ignition (1.15.1)
2025-12-04T14:32:21.1016122Z   - Downloading spatie/laravel-ignition (2.9.1)
2025-12-04T14:32:21.1017595Z   - Downloading spatie/laravel-translatable (6.11.4)
2025-12-04T14:32:21.1020450Z   - Downloading stichoza/google-translate-php (v5.3.1)
2025-12-04T14:32:21.1022313Z   - Downloading sunra/php-simple-html-dom-parser (v1.5.2)
2025-12-04T14:32:21.1025083Z   - Downloading thiagoalessio/tesseract_ocr (2.13.0)
2025-12-04T14:32:21.1027274Z   - Downloading tymon/jwt-auth (2.2.1)
2025-12-04T14:32:21.1029336Z   - Downloading workerman/workerman (v4.2.1)
2025-12-04T14:32:21.1031361Z   - Downloading zaloplatform/zalo-php-sdk (4.0.4)
2025-12-04T14:32:24.5344391Z   - Installing php-http/discovery (1.20.0): Extracting archive
2025-12-04T14:32:24.5824898Z   - Installing andyabih/laravel-to-uml (1.0.3): Extracting archive
2025-12-04T14:32:24.5850235Z   - Installing symfony/polyfill-mbstring (v1.33.0): Extracting archive
2025-12-04T14:32:24.5877151Z   - Installing symfony/polyfill-ctype (v1.33.0): Extracting archive
2025-12-04T14:32:24.5910174Z   - Installing symfony/filesystem (v7.4.0): Extracting archive
2025-12-04T14:32:24.5942658Z   - Installing psr/http-message (2.0): Extracting archive
2025-12-04T14:32:24.5975724Z   - Installing mtdowling/jmespath.php (2.8.0): Extracting archive
2025-12-04T14:32:24.6008257Z   - Installing ralouphie/getallheaders (3.0.3): Extracting archive
2025-12-04T14:32:24.6041946Z   - Installing psr/http-factory (1.1.0): Extracting archive
2025-12-04T14:32:24.6074515Z   - Installing guzzlehttp/psr7 (2.8.0): Extracting archive
2025-12-04T14:32:24.6107376Z   - Installing guzzlehttp/promises (2.3.0): Extracting archive
2025-12-04T14:32:24.6140025Z   - Installing symfony/deprecation-contracts (v3.6.0): Extracting archive
2025-12-04T14:32:24.6145172Z   - Installing psr/http-client (1.0.3): Extracting archive
2025-12-04T14:32:24.6150327Z   - Installing guzzlehttp/guzzle (7.10.0): Extracting archive
2025-12-04T14:32:24.6151451Z   - Installing aws/aws-crt-php (v1.2.7): Extracting archive
2025-12-04T14:32:24.6155263Z   - Installing aws/aws-sdk-php (3.366.0): Extracting archive
2025-12-04T14:32:24.6157789Z   - Installing symfony/finder (v7.4.0): Extracting archive
2025-12-04T14:32:24.6161071Z   - Installing symfony/var-dumper (v7.4.0): Extracting archive
2025-12-04T14:32:24.6164129Z   - Installing psr/log (3.0.2): Extracting archive
2025-12-04T14:32:24.6167683Z   - Installing php-debugbar/php-debugbar (v2.2.4): Extracting archive
2025-12-04T14:32:24.6170942Z   - Installing voku/portable-ascii (2.0.3): Extracting archive
2025-12-04T14:32:24.6174624Z   - Installing symfony/polyfill-php80 (v1.33.0): Extracting archive
2025-12-04T14:32:24.6177731Z   - Installing phpoption/phpoption (1.9.4): Extracting archive
2025-12-04T14:32:24.6180832Z   - Installing graham-campbell/result-type (v1.1.3): Extracting archive
2025-12-04T14:32:24.6184463Z   - Installing vlucas/phpdotenv (v5.6.2): Extracting archive
2025-12-04T14:32:24.6192818Z   - Installing symfony/css-selector (v7.4.0): Extracting archive
2025-12-04T14:32:24.6193690Z   - Installing tijsverkoyen/css-to-inline-styles (v2.3.0): Extracting archive
2025-12-04T14:32:24.6194564Z   - Installing symfony/polyfill-uuid (v1.33.0): Extracting archive
2025-12-04T14:32:24.6196497Z   - Installing symfony/uid (v7.4.0): Extracting archive
2025-12-04T14:32:24.6199315Z   - Installing symfony/routing (v7.4.0): Extracting archive
2025-12-04T14:32:24.6202244Z   - Installing symfony/process (v7.4.0): Extracting archive
2025-12-04T14:32:24.6205540Z   - Installing symfony/polyfill-php85 (v1.33.0): Extracting archive
2025-12-04T14:32:24.6208499Z   - Installing symfony/polyfill-php84 (v1.33.0): Extracting archive
2025-12-04T14:32:24.6210922Z   - Installing symfony/polyfill-php83 (v1.33.0): Extracting archive
2025-12-04T14:32:24.6213313Z   - Installing symfony/polyfill-intl-normalizer (v1.33.0): Extracting archive
2025-12-04T14:32:24.6216202Z   - Installing symfony/polyfill-intl-idn (v1.33.0): Extracting archive
2025-12-04T14:32:24.6218534Z   - Installing symfony/mime (v7.4.0): Extracting archive
2025-12-04T14:32:24.6220925Z   - Installing psr/container (2.0.2): Extracting archive
2025-12-04T14:32:24.6223495Z   - Installing symfony/service-contracts (v3.6.1): Extracting archive
2025-12-04T14:32:24.6226368Z   - Installing psr/event-dispatcher (1.0.0): Extracting archive
2025-12-04T14:32:24.6228839Z   - Installing symfony/event-dispatcher-contracts (v3.6.0): Extracting archive
2025-12-04T14:32:24.6231108Z   - Installing symfony/event-dispatcher (v7.4.0): Extracting archive
2025-12-04T14:32:24.6233860Z   - Installing doctrine/lexer (3.0.1): Extracting archive
2025-12-04T14:32:24.6237129Z   - Installing egulias/email-validator (4.0.4): Extracting archive
2025-12-04T14:32:24.6239761Z   - Installing symfony/mailer (v7.4.0): Extracting archive
2025-12-04T14:32:24.6242401Z   - Installing symfony/http-foundation (v7.4.0): Extracting archive
2025-12-04T14:32:24.6245434Z   - Installing symfony/error-handler (v7.4.0): Extracting archive
2025-12-04T14:32:24.6248277Z   - Installing symfony/http-kernel (v7.4.0): Extracting archive
2025-12-04T14:32:24.6250691Z   - Installing symfony/polyfill-intl-grapheme (v1.33.0): Extracting archive
2025-12-04T14:32:24.6252844Z   - Installing symfony/string (v7.4.0): Extracting archive
2025-12-04T14:32:24.6255357Z   - Installing symfony/console (v7.4.0): Extracting archive
2025-12-04T14:32:24.6257777Z   - Installing ramsey/collection (2.1.1): Extracting archive
2025-12-04T14:32:24.6260041Z   - Installing brick/math (0.14.1): Extracting archive
2025-12-04T14:32:24.6262626Z   - Installing ramsey/uuid (4.9.1): Extracting archive
2025-12-04T14:32:24.6265431Z   - Installing psr/simple-cache (3.0.0): Extracting archive
2025-12-04T14:32:24.6267860Z   - Installing nunomaduro/termwind (v2.3.3): Extracting archive
2025-12-04T14:32:24.6270274Z   - Installing symfony/translation-contracts (v3.6.1): Extracting archive
2025-12-04T14:32:24.6272489Z   - Installing symfony/translation (v7.4.0): Extracting archive
2025-12-04T14:32:24.6275001Z   - Installing psr/clock (1.0.0): Extracting archive
2025-12-04T14:32:24.6277381Z   - Installing symfony/clock (v7.4.0): Extracting archive
2025-12-04T14:32:24.6279829Z   - Installing carbonphp/carbon-doctrine-types (2.1.0): Extracting archive
2025-12-04T14:32:24.6282212Z   - Installing nesbot/carbon (3.11.0): Extracting archive
2025-12-04T14:32:24.6284862Z   - Installing monolog/monolog (3.9.0): Extracting archive
2025-12-04T14:32:24.6287452Z   - Installing league/uri-interfaces (7.6.0): Extracting archive
2025-12-04T14:32:24.6289985Z   - Installing league/uri (7.6.0): Extracting archive
2025-12-04T14:32:24.6292599Z   - Installing league/mime-type-detection (1.16.0): Extracting archive
2025-12-04T14:32:24.6295406Z   - Installing league/flysystem-local (3.30.2): Extracting archive
2025-12-04T14:32:24.6297611Z   - Installing league/flysystem (3.30.2): Extracting archive
2025-12-04T14:32:24.6300072Z   - Installing nette/utils (v4.1.0): Extracting archive
2025-12-04T14:32:24.6302402Z   - Installing nette/schema (v1.3.3): Extracting archive
2025-12-04T14:32:24.6305195Z   - Installing dflydev/dot-access-data (v3.0.3): Extracting archive
2025-12-04T14:32:24.6307497Z   - Installing league/config (v1.2.0): Extracting archive
2025-12-04T14:32:24.6309804Z   - Installing league/commonmark (2.8.0): Extracting archive
2025-12-04T14:32:24.6312345Z   - Installing laravel/serializable-closure (v2.0.7): Extracting archive
2025-12-04T14:32:24.6315052Z   - Installing laravel/prompts (v0.3.8): Extracting archive
2025-12-04T14:32:24.6317460Z   - Installing guzzlehttp/uri-template (v1.0.5): Extracting archive
2025-12-04T14:32:24.6319825Z   - Installing fruitcake/php-cors (v1.4.0): Extracting archive
2025-12-04T14:32:24.6322293Z   - Installing dragonmantank/cron-expression (v3.6.0): Extracting archive
2025-12-04T14:32:24.6324695Z   - Installing doctrine/inflector (2.1.0): Extracting archive
2025-12-04T14:32:24.6327061Z   - Installing laravel/framework (v12.41.1): Extracting archive
2025-12-04T14:32:24.6329487Z   - Installing barryvdh/laravel-debugbar (v3.16.1): Extracting archive
2025-12-04T14:32:24.6332013Z   - Installing catfan/medoo (v2.2.0): Extracting archive
2025-12-04T14:32:24.6334865Z   - Installing league/color-extractor (0.4.0): Extracting archive
2025-12-04T14:32:24.6337531Z   - Installing claviska/simpleimage (4.4.0): Extracting archive
2025-12-04T14:32:24.6339714Z   - Installing coldwinds/torrent-rw (v1.1): Extracting archive
2025-12-04T14:32:24.6342176Z   - Installing dasprid/enum (1.0.7): Extracting archive
2025-12-04T14:32:24.6344681Z   - Installing psr/cache (3.0.0): Extracting archive
2025-12-04T14:32:24.6347120Z   - Installing doctrine/event-manager (2.0.1): Extracting archive
2025-12-04T14:32:24.6349640Z   - Installing doctrine/deprecations (1.1.5): Extracting archive
2025-12-04T14:32:24.6351851Z   - Installing doctrine/dbal (3.10.4): Extracting archive
2025-12-04T14:32:24.6354407Z   - Installing php-http/promise (1.3.1): Extracting archive
2025-12-04T14:32:24.6356873Z   - Installing php-http/httplug (2.4.1): Extracting archive
2025-12-04T14:32:24.6359364Z   - Installing symfony/polyfill-php82 (v1.33.0): Extracting archive
2025-12-04T14:32:24.6361772Z   - Installing open-telemetry/context (1.4.0): Extracting archive
2025-12-04T14:32:24.6364114Z   - Installing open-telemetry/api (1.7.1): Extracting archive
2025-12-04T14:32:24.6366499Z   - Installing elastic/transport (v8.11.0): Extracting archive
2025-12-04T14:32:24.6368950Z   - Installing elasticsearch/elasticsearch (v8.19.0): Extracting archive
2025-12-04T14:32:24.6371194Z   - Installing ezyang/htmlpurifier (v4.19.0): Extracting archive
2025-12-04T14:32:24.6373492Z   - Installing fakerphp/faker (v1.24.1): Extracting archive
2025-12-04T14:32:24.6376066Z   - Installing godruoyi/php-snowflake (3.2.1): Extracting archive
2025-12-04T14:32:24.6378433Z   - Installing paragonie/random_compat (v9.99.100): Extracting archive
2025-12-04T14:32:24.6380979Z   - Installing paragonie/constant_time_encoding (v3.1.3): Extracting archive
2025-12-04T14:32:24.6383353Z   - Installing phpseclib/phpseclib (3.0.47): Extracting archive
2025-12-04T14:32:24.6385872Z   - Installing firebase/php-jwt (v6.11.1): Extracting archive
2025-12-04T14:32:24.6388191Z   - Installing google/auth (v1.49.0): Extracting archive
2025-12-04T14:32:24.6390639Z   - Installing google/apiclient-services (v0.422.0): Extracting archive
2025-12-04T14:32:24.6392787Z   - Installing google/apiclient (v2.15.0): Extracting archive
2025-12-04T14:32:24.6395385Z   - Installing rize/uri-template (0.4.1): Extracting archive
2025-12-04T14:32:24.6397694Z   - Installing grpc/grpc (1.74.0): Extracting archive
2025-12-04T14:32:24.6400125Z   - Installing google/protobuf (v4.33.1): Extracting archive
2025-12-04T14:32:24.6402464Z   - Installing google/longrunning (0.6.0): Extracting archive
2025-12-04T14:32:24.6405003Z   - Installing google/grpc-gcp (v0.4.1): Extracting archive
2025-12-04T14:32:24.6407418Z   - Installing google/common-protos (4.12.4): Extracting archive
2025-12-04T14:32:24.6409608Z   - Installing google/gax (v1.39.0): Extracting archive
2025-12-04T14:32:24.6411936Z   - Installing google/cloud-core (v1.68.2): Extracting archive
2025-12-04T14:32:24.6414238Z   - Installing google/cloud-text-to-speech (v1.12.2): Extracting archive
2025-12-04T14:32:24.6416728Z   - Installing intervention/gif (4.2.2): Extracting archive
2025-12-04T14:32:24.6419027Z   - Installing intervention/image (3.11.5): Extracting archive
2025-12-04T14:32:24.6421514Z   - Installing kitloong/laravel-migrations-generator (v7.2.0): Extracting archive
2025-12-04T14:32:24.6423861Z   - Installing lcobucci/clock (3.3.1): Extracting archive
2025-12-04T14:32:24.6426303Z   - Installing lcobucci/jwt (4.3.0): Extracting archive
2025-12-04T14:32:24.6428535Z   - Installing fig/http-message-util (1.1.5): Extracting archive
2025-12-04T14:32:24.6430903Z   - Installing beste/clock (3.0.0): Extracting archive
2025-12-04T14:32:24.6433333Z   - Installing kreait/firebase-tokens (4.3.0): Extracting archive
2025-12-04T14:32:24.6436012Z   - Installing google/cloud-storage (v1.48.7): Extracting archive
2025-12-04T14:32:24.6438325Z   - Installing beste/json (1.7.0): Extracting archive
2025-12-04T14:32:24.6440567Z   - Installing beste/in-memory-cache (1.4.0): Extracting archive
2025-12-04T14:32:24.6442987Z   - Installing kreait/firebase-php (7.10.0): Extracting archive
2025-12-04T14:32:24.6445509Z   - Installing lad-lib/common (dev-main 6de8aa5): Extracting archive
2025-12-04T14:32:24.6448355Z   - Installing lad-lib/laravel (dev-main bb1e0fe): Extracting archive
2025-12-04T14:32:24.6451031Z   - Installing php-webdriver/webdriver (1.15.2): Extracting archive
2025-12-04T14:32:24.6453671Z   - Installing laravel/dusk (v8.3.4): Extracting archive
2025-12-04T14:32:24.6456269Z   - Installing laravel/pint (v1.26.0): Extracting archive
2025-12-04T14:32:24.6458541Z   - Installing symfony/yaml (v7.4.0): Extracting archive
2025-12-04T14:32:24.6460735Z   - Installing laravel/sail (v1.50.0): Extracting archive
2025-12-04T14:32:24.6463014Z   - Installing laravel/sanctum (v4.2.1): Extracting archive
2025-12-04T14:32:24.6465653Z   - Installing league/oauth1-client (v1.11.0): Extracting archive
2025-12-04T14:32:24.6467970Z   - Installing laravel/socialite (v5.23.2): Extracting archive
2025-12-04T14:32:24.6470307Z   - Installing nikic/php-parser (v5.6.2): Extracting archive
2025-12-04T14:32:24.6472664Z   - Installing psy/psysh (v0.12.15): Extracting archive
2025-12-04T14:32:24.6475140Z   - Installing laravel/tinker (v2.10.2): Extracting archive
2025-12-04T14:32:24.6477453Z   - Installing league/flysystem-ftp (3.29.0): Extracting archive
2025-12-04T14:32:24.6479757Z   - Installing hamcrest/hamcrest-php (v2.1.1): Extracting archive
2025-12-04T14:32:24.6482056Z   - Installing mockery/mockery (1.6.12): Extracting archive
2025-12-04T14:32:24.6484590Z   - Installing mongodb/mongodb (1.21.3): Extracting archive
2025-12-04T14:32:24.6486928Z   - Installing mongodb/laravel-mongodb (5.5.0): Extracting archive
2025-12-04T14:32:24.6489302Z   - Installing setasign/fpdi (v2.6.4): Extracting archive
2025-12-04T14:32:24.6491817Z   - Installing myclabs/deep-copy (1.13.4): Extracting archive
2025-12-04T14:32:24.6494148Z   - Installing mpdf/psr-log-aware-trait (v3.0.0): Extracting archive
2025-12-04T14:32:24.6496654Z   - Installing mpdf/psr-http-message-shim (v2.0.1): Extracting archive
2025-12-04T14:32:24.6498880Z   - Installing mpdf/mpdf (v8.2.7): Extracting archive
2025-12-04T14:32:24.6501119Z   - Installing nekland/tools (2.6.2): Extracting archive
2025-12-04T14:32:24.6503407Z   - Installing filp/whoops (2.18.4): Extracting archive
2025-12-04T14:32:24.6506067Z   - Installing nunomaduro/collision (v8.6.0): Extracting archive
2025-12-04T14:32:24.6508519Z   - Installing phpmailer/phpmailer (v6.12.0): Extracting archive
2025-12-04T14:32:24.6510866Z   - Installing markbaker/matrix (3.0.1): Extracting archive
2025-12-04T14:32:24.6513197Z   - Installing markbaker/complex (3.0.2): Extracting archive
2025-12-04T14:32:24.6515822Z   - Installing maennchen/zipstream-php (3.1.2): Extracting archive
2025-12-04T14:32:24.6518051Z   - Installing composer/pcre (3.3.2): Extracting archive
2025-12-04T14:32:24.6520314Z   - Installing phpoffice/phpspreadsheet (3.10.2): Extracting archive
2025-12-04T14:32:24.6522435Z   - Installing phpoffice/math (0.3.0): Extracting archive
2025-12-04T14:32:24.6524997Z   - Installing phpoffice/phpword (1.4.0): Extracting archive
2025-12-04T14:32:24.6527507Z   - Installing staabm/side-effects-detector (1.0.5): Extracting archive
2025-12-04T14:32:24.6529962Z   - Installing sebastian/version (5.0.2): Extracting archive
2025-12-04T14:32:24.6532270Z   - Installing sebastian/type (5.1.3): Extracting archive
2025-12-04T14:32:24.6534890Z   - Installing sebastian/recursion-context (6.0.3): Extracting archive
2025-12-04T14:32:24.6537177Z   - Installing sebastian/object-reflector (4.0.1): Extracting archive
2025-12-04T14:32:24.6539386Z   - Installing sebastian/object-enumerator (6.0.1): Extracting archive
2025-12-04T14:32:24.6542165Z   - Installing sebastian/global-state (7.0.2): Extracting archive
2025-12-04T14:32:24.6544548Z   - Installing sebastian/exporter (6.3.2): Extracting archive
2025-12-04T14:32:24.6546808Z   - Installing sebastian/environment (7.2.1): Extracting archive
2025-12-04T14:32:24.6548957Z   - Installing sebastian/diff (6.0.2): Extracting archive
2025-12-04T14:32:24.6551675Z   - Installing sebastian/comparator (6.3.2): Extracting archive
2025-12-04T14:32:24.6553849Z   - Installing sebastian/code-unit (3.0.3): Extracting archive
2025-12-04T14:32:24.6556226Z   - Installing sebastian/cli-parser (3.0.2): Extracting archive
2025-12-04T14:32:24.6558458Z   - Installing phpunit/php-timer (7.0.1): Extracting archive
2025-12-04T14:32:24.6560868Z   - Installing phpunit/php-text-template (4.0.1): Extracting archive
2025-12-04T14:32:24.6563116Z   - Installing phpunit/php-invoker (5.0.1): Extracting archive
2025-12-04T14:32:24.6565577Z   - Installing phpunit/php-file-iterator (5.1.0): Extracting archive
2025-12-04T14:32:24.6567806Z   - Installing theseer/tokenizer (1.3.1): Extracting archive
2025-12-04T14:32:24.6570161Z   - Installing sebastian/lines-of-code (3.0.1): Extracting archive
2025-12-04T14:32:24.6572489Z   - Installing sebastian/complexity (4.0.1): Extracting archive
2025-12-04T14:32:24.6575079Z   - Installing sebastian/code-unit-reverse-lookup (4.0.1): Extracting archive
2025-12-04T14:32:24.6577788Z   - Installing phpunit/php-code-coverage (11.0.11): Extracting archive
2025-12-04T14:32:24.6580010Z   - Installing phar-io/version (3.2.1): Extracting archive
2025-12-04T14:32:24.6582407Z   - Installing phar-io/manifest (2.0.4): Extracting archive
2025-12-04T14:32:24.6584858Z   - Installing phpunit/phpunit (11.5.45): Extracting archive
2025-12-04T14:32:24.6587243Z   - Installing picqer/php-barcode-generator (v2.4.2): Extracting archive
2025-12-04T14:32:24.6589384Z   - Installing predis/predis (v2.4.1): Extracting archive
2025-12-04T14:32:24.6591899Z   - Installing paragonie/sodium_compat (v2.4.0): Extracting archive
2025-12-04T14:32:24.6594403Z   - Installing pusher/pusher-php-server (7.2.7): Extracting archive
2025-12-04T14:32:24.6596645Z   - Installing sabre/uri (2.3.4): Extracting archive
2025-12-04T14:32:24.6599011Z   - Installing sabre/xml (2.2.11): Extracting archive
2025-12-04T14:32:24.6601486Z   - Installing sabre/vobject (4.5.7): Extracting archive
2025-12-04T14:32:24.6605780Z   - Installing sabre/event (5.1.7): Extracting archive
2025-12-04T14:32:24.6607774Z   - Installing sabre/http (5.1.13): Extracting archive
2025-12-04T14:32:24.6609800Z   - Installing sabre/dav (4.7.0): Extracting archive
2025-12-04T14:32:24.6611831Z   - Installing bacon/bacon-qr-code (2.0.8): Extracting archive
2025-12-04T14:32:24.6614216Z   - Installing simplesoftwareio/simple-qrcode (4.2.0): Extracting archive
2025-12-04T14:32:24.6616297Z   - Installing spatie/error-solutions (1.1.3): Extracting archive
2025-12-04T14:32:24.6618265Z   - Installing spatie/backtrace (1.8.1): Extracting archive
2025-12-04T14:32:24.6620321Z   - Installing spatie/flare-client-php (1.10.1): Extracting archive
2025-12-04T14:32:24.6622404Z   - Installing spatie/temporary-directory (2.3.0): Extracting archive
2025-12-04T14:32:24.6624821Z   - Installing spatie/laravel-package-tools (1.92.7): Extracting archive
2025-12-04T14:32:24.6626951Z   - Installing spatie/laravel-signal-aware-command (2.1.1): Extracting archive
2025-12-04T14:32:24.6628875Z   - Installing spatie/db-dumper (3.8.1): Extracting archive
2025-12-04T14:32:24.6630928Z   - Installing spatie/laravel-backup (9.3.6): Extracting archive
2025-12-04T14:32:24.6632899Z   - Installing spatie/ignition (1.15.1): Extracting archive
2025-12-04T14:32:24.6635177Z   - Installing spatie/laravel-ignition (2.9.1): Extracting archive
2025-12-04T14:32:24.6637177Z   - Installing spatie/laravel-translatable (6.11.4): Extracting archive
2025-12-04T14:32:24.6639176Z   - Installing stichoza/google-translate-php (v5.3.1): Extracting archive
2025-12-04T14:32:24.6641276Z   - Installing sunra/php-simple-html-dom-parser (v1.5.2): Extracting archive
2025-12-04T14:32:24.6643348Z   - Installing thiagoalessio/tesseract_ocr (2.13.0): Extracting archive
2025-12-04T14:32:24.6645491Z   - Installing tymon/jwt-auth (2.2.1): Extracting archive
2025-12-04T14:32:24.6647614Z   - Installing workerman/workerman (v4.2.1): Extracting archive
2025-12-04T14:32:24.6649805Z   - Installing zaloplatform/zalo-php-sdk (4.0.4): Extracting archive
2025-12-04T14:32:29.6432128Z Generating optimized autoload files
2025-12-04T14:32:35.3356943Z Class new4STest located in ./tests/Feature/new4STest.php does not comply with psr-4 autoloading standard (rule: Tests\ => ./tests). Skipping.
2025-12-04T14:32:35.3358829Z Class Api4S2Test located in ./tests/Feature/Api4S2Test.php does not comply with psr-4 autoloading standard (rule: Tests\ => ./tests). Skipping.
2025-12-04T14:32:35.3360722Z Class ApiUploadFileTest located in ./tests/Feature/ApiUploadFileTest.php does not comply with psr-4 autoloading standard (rule: Tests\ => ./tests). Skipping.
2025-12-04T14:32:35.3362202Z Class Tests\Feature\_NeedTest located in ./tests/_NeedTest.php does not comply with psr-4 autoloading standard (rule: Tests\ => ./tests). Skipping.
2025-12-04T14:32:35.3363887Z Class Tests\Feature\DemoTreeFolderTest located in ./tests/Browser/DemoTreeFolderTest.php does not comply with psr-4 autoloading standard (rule: Tests\ => ./tests). Skipping.
2025-12-04T14:32:35.3365506Z Class Tests\Feature\DemoTableUploadImageTest located in ./tests/Browser/DemoTableUploadImageTest.php does not comply with psr-4 autoloading standard (rule: Tests\ => ./tests). Skipping.
2025-12-04T14:32:35.3367418Z Class Tests\Feature\DemoTableAddTest located in ./tests/Browser/DemoTableAddTest.php does not comply with psr-4 autoloading standard (rule: Tests\ => ./tests). Skipping.
2025-12-04T14:32:35.3368804Z Class Tests\Feature\Product1Test located in ./tests/Browser/Product1Test.php does not comply with psr-4 autoloading standard (rule: Tests\ => ./tests). Skipping.
2025-12-04T14:32:35.3370190Z Class Tests\Feature\DemoTableEditTest located in ./tests/Browser/DemoTableEditTest.php does not comply with psr-4 autoloading standard (rule: Tests\ => ./tests). Skipping.
2025-12-04T14:32:35.3371590Z Class Tests\Feature\UserTableTest located in ./tests/Browser/UserTableTest.php does not comply with psr-4 autoloading standard (rule: Tests\ => ./tests). Skipping.
2025-12-04T14:32:35.3373045Z Class Tests\Feature\DemoTableFilterSearchTest located in ./tests/Browser/DemoTableFilterSearchTest.php does not comply with psr-4 autoloading standard (rule: Tests\ => ./tests). Skipping.
2025-12-04T14:32:35.3374282Z Class Tests\Feature\DemoTableTest located in ./tests/Browser/sampleok1.php does not comply with psr-4 autoloading standard (rule: Tests\ => ./tests). Skipping.
2025-12-04T14:32:35.3375329Z Class Tests\Feature\DemoTableValidationTest located in ./tests/Browser/DemoTableValidationTest.php does not comply with psr-4 autoloading standard (rule: Tests\ => ./tests). Skipping.
2025-12-04T14:32:35.3376395Z Class Tests\Feature\FileFolderTest located in ./tests/Browser/FileFolderTest.php does not comply with psr-4 autoloading standard (rule: Tests\ => ./tests). Skipping.
2025-12-04T14:32:35.3377375Z Class Tests\Feature\CacheMetaTest located in ./tests/Browser/CacheMetaTest.php does not comply with psr-4 autoloading standard (rule: Tests\ => ./tests). Skipping.
2025-12-04T14:32:35.3378316Z Class Tests\Feature\MenuTest located in ./tests/Browser/MenuTest.php does not comply with psr-4 autoloading standard (rule: Tests\ => ./tests). Skipping.
2025-12-04T14:32:35.3379246Z Class Tests\Feature\DemoTableTest located in ./tests/Browser/DemoTableTest.php does not comply with psr-4 autoloading standard (rule: Tests\ => ./tests). Skipping.
2025-12-04T14:32:35.3380245Z Class Tests\Feature\DbPermissionTest located in ./tests/Browser/DbPermissionTest.php does not comply with psr-4 autoloading standard (rule: Tests\ => ./tests). Skipping.
2025-12-04T14:32:35.3381367Z Class Tests\Feature\DemoTableDeleteUnDeleteTest located in ./tests/Browser/DemoTableDeleteUnDeleteTest.php does not comply with psr-4 autoloading standard (rule: Tests\ => ./tests). Skipping.
2025-12-04T14:32:35.3382478Z Class Tests\Feature\ExportApiTest located in ./tests/Browser/ExportApiTest.php does not comply with psr-4 autoloading standard (rule: Tests\ => ./tests). Skipping.
2025-12-04T14:32:35.3383698Z Class Tests\Feature\MyTreeTest located in ./tests/Browser/MyTreeTest.php does not comply with psr-4 autoloading standard (rule: Tests\ => ./tests). Skipping.
2025-12-04T14:32:35.3384763Z Class Tests\Feature\MemberAccessSomeUrlTest located in ./tests/Browser/MemberAccessSomeUrlTest.php does not comply with psr-4 autoloading standard (rule: Tests\ => ./tests). Skipping.
2025-12-04T14:32:35.3385912Z Class Tests\Feature\DemoUseTreeFolderTest located in ./tests/Browser/DemoUseTreeFolderTest.php does not comply with psr-4 autoloading standard (rule: Tests\ => ./tests). Skipping.
2025-12-04T14:32:35.3386909Z Class Tests\Feature\NewsTest located in ./tests/Browser/NewsTest.php does not comply with psr-4 autoloading standard (rule: Tests\ => ./tests). Skipping.
2025-12-04T14:32:35.3387872Z Class Tests\Feature\DemoTableSortTest located in ./tests/Browser/DemoTableSortTest.php does not comply with psr-4 autoloading standard (rule: Tests\ => ./tests). Skipping.
2025-12-04T14:32:35.3388905Z Class Tests\Feature\DemoTableRiskTest located in ./tests/Browser/DemoTableRiskTest.php does not comply with psr-4 autoloading standard (rule: Tests\ => ./tests). Skipping.
2025-12-04T14:32:35.3389949Z Class App\Services\ZaloApiService located in ./app/Http/ControllerApi/ZaloApiService.php does not comply with psr-4 autoloading standard (rule: App\ => ./app). Skipping.
2025-12-04T14:32:35.3391047Z Class simple_html_dom_node located in ./app/Components/simple_html_dom.php does not comply with psr-4 autoloading standard (rule: App\ => ./app). Skipping.
2025-12-04T14:32:35.3391914Z Class simple_html_dom located in ./app/Components/simple_html_dom.php does not comply with psr-4 autoloading standard (rule: App\ => ./app). Skipping.
2025-12-04T14:32:35.3392773Z Class qA_W3School located in ./app/Components/qA_W3School.php does not comply with psr-4 autoloading standard (rule: App\ => ./app). Skipping.
2025-12-04T14:32:35.3393724Z Class App\Models\ProductBak located in ./app/Models/Product_bak.php does not comply with psr-4 autoloading standard (rule: App\ => ./app). Skipping.
2025-12-04T14:32:35.3394502Z Class ladDebug located in ./app/common.php does not comply with psr-4 autoloading standard (rule: App\ => ./app). Skipping.
2025-12-04T14:32:35.3395224Z Class clsDebugHelper located in ./app/common.php does not comply with psr-4 autoloading standard (rule: App\ => ./app). Skipping.
2025-12-04T14:32:35.3395949Z Class Cartesian located in ./app/common.php does not comply with psr-4 autoloading standard (rule: App\ => ./app). Skipping.
2025-12-04T14:32:35.3396686Z Class clsConfigTimeFrame located in ./app/common.php does not comply with psr-4 autoloading standard (rule: App\ => ./app). Skipping.
2025-12-04T14:32:35.3397435Z Class clsHtmlHelper located in ./app/common.php does not comply with psr-4 autoloading standard (rule: App\ => ./app). Skipping.
2025-12-04T14:32:35.3398155Z Class clsPaginator located in ./app/common.php does not comply with psr-4 autoloading standard (rule: App\ => ./app). Skipping.
2025-12-04T14:32:35.3398862Z Class classStr located in ./app/common.php does not comply with psr-4 autoloading standard (rule: App\ => ./app). Skipping.
2025-12-04T14:32:35.3399553Z Class cstring located in ./app/common.php does not comply with psr-4 autoloading standard (rule: App\ => ./app). Skipping.
2025-12-04T14:32:35.3400255Z Class BaoKimAPI2021 located in ./app/common.php does not comply with psr-4 autoloading standard (rule: App\ => ./app). Skipping.
2025-12-04T14:32:35.3400943Z Class JWT located in ./app/common.php does not comply with psr-4 autoloading standard (rule: App\ => ./app). Skipping.
2025-12-04T14:32:35.3401616Z Class clsValidate located in ./app/common.php does not comply with psr-4 autoloading standard (rule: App\ => ./app). Skipping.
2025-12-04T14:32:35.3402302Z Class CDisk located in ./app/common.php does not comply with psr-4 autoloading standard (rule: App\ => ./app). Skipping.
2025-12-04T14:32:35.3402970Z Class retCurl located in ./app/common.php does not comply with psr-4 autoloading standard (rule: App\ => ./app). Skipping.
2025-12-04T14:32:35.3404016Z Class clsMomo located in ./app/common.php does not comply with psr-4 autoloading standard (rule: App\ => ./app). Skipping.
2025-12-04T14:32:35.3404719Z Class clsBaoKim located in ./app/common.php does not comply with psr-4 autoloading standard (rule: App\ => ./app). Skipping.
2025-12-04T14:32:35.3405454Z Class clsReplicateFile located in ./app/common.php does not comply with psr-4 autoloading standard (rule: App\ => ./app). Skipping.
2025-12-04T14:32:35.3406392Z Class ctool located in ./app/common.php does not comply with psr-4 autoloading standard (rule: App\ => ./app). Skipping.
2025-12-04T14:32:35.3407083Z Class FileHelperGlx located in ./app/common.php does not comply with psr-4 autoloading standard (rule: App\ => ./app). Skipping.
2025-12-04T14:32:35.3407791Z Class IdGenDbGlx located in ./app/common.php does not comply with psr-4 autoloading standard (rule: App\ => ./app). Skipping.
2025-12-04T14:32:35.3408509Z Class GlxSnowflake located in ./app/common.php does not comply with psr-4 autoloading standard (rule: App\ => ./app). Skipping.
2025-12-04T14:32:35.3409224Z Class clang1 located in ./app/common.php does not comply with psr-4 autoloading standard (rule: App\ => ./app). Skipping.
2025-12-04T14:32:35.3409974Z Class PDFSignatureExtractor located in ./app/common.php does not comply with psr-4 autoloading standard (rule: App\ => ./app). Skipping.
2025-12-04T14:32:35.3411617Z Class clsExOrderGHTK located in ./app/extra.php does not comply with psr-4 autoloading standard (rule: App\ => ./app). Skipping.
2025-12-04T14:32:35.3412923Z Class clsSalaryExtra located in ./app/extra.php does not comply with psr-4 autoloading standard (rule: App\ => ./app). Skipping.
2025-12-04T14:32:35.6557771Z > Illuminate\Foundation\ComposerScripts::postAutoloadDump
2025-12-04T14:32:35.7291841Z > @php artisan package:discover --ansi
2025-12-04T14:32:36.7092600Z 
2025-12-04T14:32:36.7093364Z   [37;44m INFO [39;49m Discovering packages.  
2025-12-04T14:32:36.7093970Z 
2025-12-04T14:32:36.7181908Z   andyabih/laravel-to-uml [90m.[39m[90m.[39m[90m.[39m[90m.[39m[90m.[39m[90m.[39m[90m.[39m[90m.[39m[90m.[39m[90m.[39m[90m.[39m[90m.[39m[90m.[39m[90m.[39m[90m.[39m[90m.[39m[90m.[39m[90m.[39m[90m.[39m[90m.[39m[90m.[39m[90m.[39m[90m.[39m[90m.[39m[90m.[39m[90m.[39m[90m.[39m[90m.[39m[90m.[39m[90m.[39m[90m.[39m[90m.[39m[90m.[39m[90m.[39m[90m.[39m[90m.[39m[90m.[39m[90m.[39m[90m.[39m[90m.[39m[90m.[39m[90m.[39m[90m.[39m[90m.[39m[90m.[39m[90m.[39m[90m.[39m [32;1mDONE[39;22m
2025-12-04T14:32:36.7219901Z   barryvdh/laravel-debugbar [90m.[39m[90m.[39m[90m.[39m[90m.[39m[90m.[39m[90m.[39m[90m.[39m[90m.[39m[90m.[39m[90m.[39m[90m.[39m[90m.[39m[90m.[39m[90m.[39m[90m.[39m[90m.[39m[90m.[39m[90m.[39m[90m.[39m[90m.[39m[90m.[39m[90m.[39m[90m.[39m[90m.[39m[90m.[39m[90m.[39m[90m.[39m[90m.[39m[90m.[39m[90m.[39m[90m.[39m[90m.[39m[90m.[39m[90m.[39m[90m.[39m[90m.[39m[90m.[39m[90m.[39m[90m.[39m[90m.[39m[90m.[39m[90m.[39m[90m.[39m[90m.[39m[90m.[39m [32;1mDONE[39;22m
2025-12-04T14:32:36.7247421Z   kitloong/laravel-migrations-generator [90m.[39m[90m.[39m[90m.[39m[90m.[39m[90m.[39m[90m.[39m[90m.[39m[90m.[39m[90m.[39m[90m.[39m[90m.[39m[90m.[39m[90m.[39m[90m.[39m[90m.[39m[90m.[39m[90m.[39m[90m.[39m[90m.[39m[90m.[39m[90m.[39m[90m.[39m[90m.[39m[90m.[39m[90m.[39m[90m.[39m[90m.[39m[90m.[39m[90m.[39m[90m.[39m[90m.[39m[90m.[39m[90m.[39m [32;1mDONE[39;22m
2025-12-04T14:32:36.7297041Z   laravel/dusk [90m.[39m[90m.[39m[90m.[39m[90m.[39m[90m.[39m[90m.[39m[90m.[39m[90m.[39m[90m.[39m[90m.[39m[90m.[39m[90m.[39m[90m.[39m[90m.[39m[90m.[39m[90m.[39m[90m.[39m[90m.[39m[90m.[39m[90m.[39m[90m.[39m[90m.[39m[90m.[39m[90m.[39m[90m.[39m[90m.[39m[90m.[39m[90m.[39m[90m.[39m[90m.[39m[90m.[39m[90m.[39m[90m.[39m[90m.[39m[90m.[39m[90m.[39m[90m.[39m[90m.[39m[90m.[39m[90m.[39m[90m.[39m[90m.[39m[90m.[39m[90m.[39m[90m.[39m[90m.[39m[90m.[39m[90m.[39m[90m.[39m[90m.[39m[90m.[39m[90m.[39m[90m.[39m[90m.[39m[90m.[39m[90m.[39m[90m.[39m[90m.[39m [32;1mDONE[39;22m
2025-12-04T14:32:36.7344409Z   laravel/sail [90m.[39m[90m.[39m[90m.[39m[90m.[39m[90m.[39m[90m.[39m[90m.[39m[90m.[39m[90m.[39m[90m.[39m[90m.[39m[90m.[39m[90m.[39m[90m.[39m[90m.[39m[90m.[39m[90m.[39m[90m.[39m[90m.[39m[90m.[39m[90m.[39m[90m.[39m[90m.[39m[90m.[39m[90m.[39m[90m.[39m[90m.[39m[90m.[39m[90m.[39m[90m.[39m[90m.[39m[90m.[39m[90m.[39m[90m.[39m[90m.[39m[90m.[39m[90m.[39m[90m.[39m[90m.[39m[90m.[39m[90m.[39m[90m.[39m[90m.[39m[90m.[39m[90m.[39m[90m.[39m[90m.[39m[90m.[39m[90m.[39m[90m.[39m[90m.[39m[90m.[39m[90m.[39m[90m.[39m[90m.[39m[90m.[39m[90m.[39m[90m.[39m [32;1mDONE[39;22m
2025-12-04T14:32:36.7390208Z   laravel/sanctum [90m.[39m[90m.[39m[90m.[39m[90m.[39m[90m.[39m[90m.[39m[90m.[39m[90m.[39m[90m.[39m[90m.[39m[90m.[39m[90m.[39m[90m.[39m[90m.[39m[90m.[39m[90m.[39m[90m.[39m[90m.[39m[90m.[39m[90m.[39m[90m.[39m[90m.[39m[90m.[39m[90m.[39m[90m.[39m[90m.[39m[90m.[39m[90m.[39m[90m.[39m[90m.[39m[90m.[39m[90m.[39m[90m.[39m[90m.[39m[90m.[39m[90m.[39m[90m.[39m[90m.[39m[90m.[39m[90m.[39m[90m.[39m[90m.[39m[90m.[39m[90m.[39m[90m.[39m[90m.[39m[90m.[39m[90m.[39m[90m.[39m[90m.[39m[90m.[39m[90m.[39m[90m.[39m[90m.[39m[90m.[39m [32;1mDONE[39;22m
2025-12-04T14:32:36.7433897Z   laravel/socialite [90m.[39m[90m.[39m[90m.[39m[90m.[39m[90m.[39m[90m.[39m[90m.[39m[90m.[39m[90m.[39m[90m.[39m[90m.[39m[90m.[39m[90m.[39m[90m.[39m[90m.[39m[90m.[39m[90m.[39m[90m.[39m[90m.[39m[90m.[39m[90m.[39m[90m.[39m[90m.[39m[90m.[39m[90m.[39m[90m.[39m[90m.[39m[90m.[39m[90m.[39m[90m.[39m[90m.[39m[90m.[39m[90m.[39m[90m.[39m[90m.[39m[90m.[39m[90m.[39m[90m.[39m[90m.[39m[90m.[39m[90m.[39m[90m.[39m[90m.[39m[90m.[39m[90m.[39m[90m.[39m[90m.[39m[90m.[39m[90m.[39m[90m.[39m[90m.[39m[90m.[39m[90m.[39m [32;1mDONE[39;22m
2025-12-04T14:32:36.7479929Z   laravel/tinker [90m.[39m[90m.[39m[90m.[39m[90m.[39m[90m.[39m[90m.[39m[90m.[39m[90m.[39m[90m.[39m[90m.[39m[90m.[39m[90m.[39m[90m.[39m[90m.[39m[90m.[39m[90m.[39m[90m.[39m[90m.[39m[90m.[39m[90m.[39m[90m.[39m[90m.[39m[90m.[39m[90m.[39m[90m.[39m[90m.[39m[90m.[39m[90m.[39m[90m.[39m[90m.[39m[90m.[39m[90m.[39m[90m.[39m[90m.[39m[90m.[39m[90m.[39m[90m.[39m[90m.[39m[90m.[39m[90m.[39m[90m.[39m[90m.[39m[90m.[39m[90m.[39m[90m.[39m[90m.[39m[90m.[39m[90m.[39m[90m.[39m[90m.[39m[90m.[39m[90m.[39m[90m.[39m[90m.[39m[90m.[39m[90m.[39m [32;1mDONE[39;22m
2025-12-04T14:32:36.7517743Z   mongodb/laravel-mongodb [90m.[39m[90m.[39m[90m.[39m[90m.[39m[90m.[39m[90m.[39m[90m.[39m[90m.[39m[90m.[39m[90m.[39m[90m.[39m[90m.[39m[90m.[39m[90m.[39m[90m.[39m[90m.[39m[90m.[39m[90m.[39m[90m.[39m[90m.[39m[90m.[39m[90m.[39m[90m.[39m[90m.[39m[90m.[39m[90m.[39m[90m.[39m[90m.[39m[90m.[39m[90m.[39m[90m.[39m[90m.[39m[90m.[39m[90m.[39m[90m.[39m[90m.[39m[90m.[39m[90m.[39m[90m.[39m[90m.[39m[90m.[39m[90m.[39m[90m.[39m[90m.[39m[90m.[39m[90m.[39m[90m.[39m [32;1mDONE[39;22m
2025-12-04T14:32:36.7564969Z   nesbot/carbon [90m.[39m[90m.[39m[90m.[39m[90m.[39m[90m.[39m[90m.[39m[90m.[39m[90m.[39m[90m.[39m[90m.[39m[90m.[39m[90m.[39m[90m.[39m[90m.[39m[90m.[39m[90m.[39m[90m.[39m[90m.[39m[90m.[39m[90m.[39m[90m.[39m[90m.[39m[90m.[39m[90m.[39m[90m.[39m[90m.[39m[90m.[39m[90m.[39m[90m.[39m[90m.[39m[90m.[39m[90m.[39m[90m.[39m[90m.[39m[90m.[39m[90m.[39m[90m.[39m[90m.[39m[90m.[39m[90m.[39m[90m.[39m[90m.[39m[90m.[39m[90m.[39m[90m.[39m[90m.[39m[90m.[39m[90m.[39m[90m.[39m[90m.[39m[90m.[39m[90m.[39m[90m.[39m[90m.[39m[90m.[39m[90m.[39m[90m.[39m [32;1mDONE[39;22m
2025-12-04T14:32:36.7605127Z   nunomaduro/collision [90m.[39m[90m.[39m[90m.[39m[90m.[39m[90m.[39m[90m.[39m[90m.[39m[90m.[39m[90m.[39m[90m.[39m[90m.[39m[90m.[39m[90m.[39m[90m.[39m[90m.[39m[90m.[39m[90m.[39m[90m.[39m[90m.[39m[90m.[39m[90m.[39m[90m.[39m[90m.[39m[90m.[39m[90m.[39m[90m.[39m[90m.[39m[90m.[39m[90m.[39m[90m.[39m[90m.[39m[90m.[39m[90m.[39m[90m.[39m[90m.[39m[90m.[39m[90m.[39m[90m.[39m[90m.[39m[90m.[39m[90m.[39m[90m.[39m[90m.[39m[90m.[39m[90m.[39m[90m.[39m[90m.[39m[90m.[39m[90m.[39m[90m.[39m [32;1mDONE[39;22m
2025-12-04T14:32:36.7646641Z   nunomaduro/termwind [90m.[39m[90m.[39m[90m.[39m[90m.[39m[90m.[39m[90m.[39m[90m.[39m[90m.[39m[90m.[39m[90m.[39m[90m.[39m[90m.[39m[90m.[39m[90m.[39m[90m.[39m[90m.[39m[90m.[39m[90m.[39m[90m.[39m[90m.[39m[90m.[39m[90m.[39m[90m.[39m[90m.[39m[90m.[39m[90m.[39m[90m.[39m[90m.[39m[90m.[39m[90m.[39m[90m.[39m[90m.[39m[90m.[39m[90m.[39m[90m.[39m[90m.[39m[90m.[39m[90m.[39m[90m.[39m[90m.[39m[90m.[39m[90m.[39m[90m.[39m[90m.[39m[90m.[39m[90m.[39m[90m.[39m[90m.[39m[90m.[39m[90m.[39m[90m.[39m [32;1mDONE[39;22m
2025-12-04T14:32:36.7685964Z   simplesoftwareio/simple-qrcode [90m.[39m[90m.[39m[90m.[39m[90m.[39m[90m.[39m[90m.[39m[90m.[39m[90m.[39m[90m.[39m[90m.[39m[90m.[39m[90m.[39m[90m.[39m[90m.[39m[90m.[39m[90m.[39m[90m.[39m[90m.[39m[90m.[39m[90m.[39m[90m.[39m[90m.[39m[90m.[39m[90m.[39m[90m.[39m[90m.[39m[90m.[39m[90m.[39m[90m.[39m[90m.[39m[90m.[39m[90m.[39m[90m.[39m[90m.[39m[90m.[39m[90m.[39m[90m.[39m[90m.[39m[90m.[39m[90m.[39m [32;1mDONE[39;22m
2025-12-04T14:32:36.7727704Z   spatie/laravel-backup [90m.[39m[90m.[39m[90m.[39m[90m.[39m[90m.[39m[90m.[39m[90m.[39m[90m.[39m[90m.[39m[90m.[39m[90m.[39m[90m.[39m[90m.[39m[90m.[39m[90m.[39m[90m.[39m[90m.[39m[90m.[39m[90m.[39m[90m.[39m[90m.[39m[90m.[39m[90m.[39m[90m.[39m[90m.[39m[90m.[39m[90m.[39m[90m.[39m[90m.[39m[90m.[39m[90m.[39m[90m.[39m[90m.[39m[90m.[39m[90m.[39m[90m.[39m[90m.[39m[90m.[39m[90m.[39m[90m.[39m[90m.[39m[90m.[39m[90m.[39m[90m.[39m[90m.[39m[90m.[39m[90m.[39m[90m.[39m[90m.[39m [32;1mDONE[39;22m
2025-12-04T14:32:36.7765616Z   spatie/laravel-ignition [90m.[39m[90m.[39m[90m.[39m[90m.[39m[90m.[39m[90m.[39m[90m.[39m[90m.[39m[90m.[39m[90m.[39m[90m.[39m[90m.[39m[90m.[39m[90m.[39m[90m.[39m[90m.[39m[90m.[39m[90m.[39m[90m.[39m[90m.[39m[90m.[39m[90m.[39m[90m.[39m[90m.[39m[90m.[39m[90m.[39m[90m.[39m[90m.[39m[90m.[39m[90m.[39m[90m.[39m[90m.[39m[90m.[39m[90m.[39m[90m.[39m[90m.[39m[90m.[39m[90m.[39m[90m.[39m[90m.[39m[90m.[39m[90m.[39m[90m.[39m[90m.[39m[90m.[39m[90m.[39m[90m.[39m [32;1mDONE[39;22m
2025-12-04T14:32:36.7794346Z   spatie/laravel-signal-aware-command [90m.[39m[90m.[39m[90m.[39m[90m.[39m[90m.[39m[90m.[39m[90m.[39m[90m.[39m[90m.[39m[90m.[39m[90m.[39m[90m.[39m[90m.[39m[90m.[39m[90m.[39m[90m.[39m[90m.[39m[90m.[39m[90m.[39m[90m.[39m[90m.[39m[90m.[39m[90m.[39m[90m.[39m[90m.[39m[90m.[39m[90m.[39m[90m.[39m[90m.[39m[90m.[39m[90m.[39m[90m.[39m[90m.[39m[90m.[39m[90m.[39m [32;1mDONE[39;22m
2025-12-04T14:32:36.7829883Z   spatie/laravel-translatable [90m.[39m[90m.[39m[90m.[39m[90m.[39m[90m.[39m[90m.[39m[90m.[39m[90m.[39m[90m.[39m[90m.[39m[90m.[39m[90m.[39m[90m.[39m[90m.[39m[90m.[39m[90m.[39m[90m.[39m[90m.[39m[90m.[39m[90m.[39m[90m.[39m[90m.[39m[90m.[39m[90m.[39m[90m.[39m[90m.[39m[90m.[39m[90m.[39m[90m.[39m[90m.[39m[90m.[39m[90m.[39m[90m.[39m[90m.[39m[90m.[39m[90m.[39m[90m.[39m[90m.[39m[90m.[39m[90m.[39m[90m.[39m[90m.[39m[90m.[39m [32;1mDONE[39;22m
2025-12-04T14:32:36.7877703Z   tymon/jwt-auth [90m.[39m[90m.[39m[90m.[39m[90m.[39m[90m.[39m[90m.[39m[90m.[39m[90m.[39m[90m.[39m[90m.[39m[90m.[39m[90m.[39m[90m.[39m[90m.[39m[90m.[39m[90m.[39m[90m.[39m[90m.[39m[90m.[39m[90m.[39m[90m.[39m[90m.[39m[90m.[39m[90m.[39m[90m.[39m[90m.[39m[90m.[39m[90m.[39m[90m.[39m[90m.[39m[90m.[39m[90m.[39m[90m.[39m[90m.[39m[90m.[39m[90m.[39m[90m.[39m[90m.[39m[90m.[39m[90m.[39m[90m.[39m[90m.[39m[90m.[39m[90m.[39m[90m.[39m[90m.[39m[90m.[39m[90m.[39m[90m.[39m[90m.[39m[90m.[39m[90m.[39m[90m.[39m[90m.[39m[90m.[39m[90m.[39m [32;1mDONE[39;22m
2025-12-04T14:32:36.7879570Z 
2025-12-04T14:32:36.8086027Z 122 packages you are using are looking for funding.
2025-12-04T14:32:36.8086527Z Use the `composer fund` command to find out more!
2025-12-04T14:32:36.8654515Z ##[group]Run php artisan key:generate
2025-12-04T14:32:36.8655076Z [36;1mphp artisan key:generate[0m
2025-12-04T14:32:36.8703788Z shell: /usr/bin/bash -e {0}
2025-12-04T14:32:36.8704193Z env:
2025-12-04T14:32:36.8704464Z   COMPOSER_PROCESS_TIMEOUT: 0
2025-12-04T14:32:36.8704878Z   COMPOSER_NO_INTERACTION: 1
2025-12-04T14:32:36.8705587Z   COMPOSER_NO_AUDIT: 1
2025-12-04T14:32:36.8705932Z ##[endgroup]
2025-12-04T14:32:37.5906647Z 
2025-12-04T14:32:37.5907151Z    INFO  Application key set successfully.  
2025-12-04T14:32:37.5907480Z 
2025-12-04T14:32:37.6067004Z ##[group]Run mysql -h 127.0.0.1 -u root -e "SELECT 1;"
2025-12-04T14:32:37.6067394Z [36;1mmysql -h 127.0.0.1 -u root -e "SELECT 1;"[0m
2025-12-04T14:32:37.6067810Z [36;1mphp artisan tinker --execute="DB::connection()->select('select 1');" || true[0m
2025-12-04T14:32:37.6100249Z shell: /usr/bin/bash -e {0}
2025-12-04T14:32:37.6100460Z env:
2025-12-04T14:32:37.6100640Z   COMPOSER_PROCESS_TIMEOUT: 0
2025-12-04T14:32:37.6100861Z   COMPOSER_NO_INTERACTION: 1
2025-12-04T14:32:37.6101068Z   COMPOSER_NO_AUDIT: 1
2025-12-04T14:32:37.6101245Z ##[endgroup]
2025-12-04T14:32:37.6480947Z 1
2025-12-04T14:32:37.6481311Z 1
2025-12-04T14:32:38.7425528Z ##[group]Run nohup php artisan serve --host 127.0.0.1 --port 8000 > /tmp/artisan-serve.log 2>&1 &
2025-12-04T14:32:38.7426212Z [36;1mnohup php artisan serve --host 127.0.0.1 --port 8000 > /tmp/artisan-serve.log 2>&1 &[0m
2025-12-04T14:32:38.7426646Z [36;1mecho $! > /tmp/artisan-serve.pid[0m
2025-12-04T14:32:38.7426894Z [36;1msleep 1[0m
2025-12-04T14:32:38.7459022Z shell: /usr/bin/bash -e {0}
2025-12-04T14:32:38.7459262Z env:
2025-12-04T14:32:38.7459441Z   COMPOSER_PROCESS_TIMEOUT: 0
2025-12-04T14:32:38.7459695Z   COMPOSER_NO_INTERACTION: 1
2025-12-04T14:32:38.7459929Z   COMPOSER_NO_AUDIT: 1
2025-12-04T14:32:38.7460133Z ##[endgroup]
2025-12-04T14:32:39.7582973Z ##[group]Run for i in {1..15}; do
2025-12-04T14:32:39.7583311Z [36;1mfor i in {1..15}; do[0m
2025-12-04T14:32:39.7583946Z [36;1m  if curl -sSf http://127.0.0.1:8000/ >/dev/null 2>&1; then[0m
2025-12-04T14:32:39.7584324Z [36;1m    echo "Server is up"[0m
2025-12-04T14:32:39.7584588Z [36;1m    exit 0[0m
2025-12-04T14:32:39.7584803Z [36;1m  fi[0m
2025-12-04T14:32:39.7585030Z [36;1m  echo "Waiting for server... ($i)"[0m
2025-12-04T14:32:39.7585325Z [36;1m  sleep 1[0m
2025-12-04T14:32:39.7585548Z [36;1mdone[0m
2025-12-04T14:32:39.7585870Z [36;1mecho "Server did not start in time. Dumping last 200 lines of log:"[0m
2025-12-04T14:32:39.7586277Z [36;1mtail -n 200 /tmp/artisan-serve.log || true[0m
2025-12-04T14:32:39.7586558Z [36;1mexit 1[0m
2025-12-04T14:32:39.7619350Z shell: /usr/bin/bash -e {0}
2025-12-04T14:32:39.7619582Z env:
2025-12-04T14:32:39.7619775Z   COMPOSER_PROCESS_TIMEOUT: 0
2025-12-04T14:32:39.7620020Z   COMPOSER_NO_INTERACTION: 1
2025-12-04T14:32:39.7620283Z   COMPOSER_NO_AUDIT: 1
2025-12-04T14:32:39.7620484Z ##[endgroup]
2025-12-04T14:32:40.8172726Z Server is up
2025-12-04T14:32:40.8254258Z ##[group]Run php artisan test
2025-12-04T14:32:40.8254555Z [36;1mphp artisan test[0m
2025-12-04T14:32:40.8254796Z [36;1mecho "exit_code=$?" >> $GITHUB_OUTPUT[0m
2025-12-04T14:32:40.8287034Z shell: /usr/bin/bash -e {0}
2025-12-04T14:32:40.8287246Z env:
2025-12-04T14:32:40.8287418Z   COMPOSER_PROCESS_TIMEOUT: 0
2025-12-04T14:32:40.8287639Z   COMPOSER_NO_INTERACTION: 1
2025-12-04T14:32:40.8287857Z   COMPOSER_NO_AUDIT: 1
2025-12-04T14:32:40.8288036Z ##[endgroup]
2025-12-04T14:32:48.4514990Z 
2025-12-04T14:32:48.4515524Z    PASS  Tests\Unit\CalculateVpsPriceTest
2025-12-04T14:32:48.4606590Z   âœ“ network dedicated rounding 150 to 200                                0.63s  
2025-12-04T14:32:48.4691261Z   âœ“ ip pricing 5 ips                                                     0.51s  
2025-12-04T14:32:48.4777241Z   âœ“ normal values                                                        0.49s  
2025-12-04T14:32:48.4865015Z   âœ“ network dedicated large 500                                          0.49s  
2025-12-04T14:32:48.4951525Z   âœ“ network dedicated zero                                               0.49s  
2025-12-04T14:32:48.5038835Z   âœ“ decimal cpu and ram                                                  0.49s  
2025-12-04T14:32:48.5128348Z   âœ“ values below minimum                                                 0.49s  
2025-12-04T14:32:48.5218215Z   âœ“ network dedicated above baseline                                     0.49s  
2025-12-04T14:32:48.5307030Z   âœ“ user request case with dedicated                                     0.49s  
2025-12-04T14:32:48.5395952Z   âœ“ ip pricing 1 ip free                                                 0.49s  
2025-12-04T14:32:48.5484502Z   âœ“ ip pricing 2 ips                                                     0.49s  
2025-12-04T14:32:48.5572665Z   âœ“ config loaded correctly                                              0.49s  
2025-12-04T14:32:48.5661754Z   âœ“ disk rounding 88 to 90                                               0.49s  
2025-12-04T14:32:48.5664074Z 
2025-12-04T14:32:48.5666387Z   Tests:    13 passed (18 assertions)
2025-12-04T14:32:48.5667527Z   Duration: 6.72s
2025-12-04T14:32:48.5667745Z 
2025-12-04T14:32:48.6009275Z ##[error]Process completed with exit code 1.
2025-12-04T14:32:48.6076424Z ##[group]Run if [ -f /tmp/artisan-serve.pid ]; then
2025-12-04T14:32:48.6076822Z [36;1mif [ -f /tmp/artisan-serve.pid ]; then[0m
2025-12-04T14:32:48.6077199Z [36;1m  PID=$(cat /tmp/artisan-serve.pid 2>/dev/null || echo "")[0m
2025-12-04T14:32:48.6077521Z [36;1m  if [ -n "$PID" ]; then[0m
2025-12-04T14:32:48.6077755Z [36;1m    kill "$PID" 2>/dev/null || true[0m
2025-12-04T14:32:48.6077988Z [36;1m  fi[0m
2025-12-04T14:32:48.6078216Z [36;1m  rm -f /tmp/artisan-serve.pid 2>/dev/null || true[0m
2025-12-04T14:32:48.6078482Z [36;1mfi[0m
2025-12-04T14:32:48.6078701Z [36;1mpkill -f "php artisan serve" 2>/dev/null || true[0m
2025-12-04T14:32:48.6078964Z [36;1m[0m
2025-12-04T14:32:48.6079143Z [36;1m# Exit with the phpunit exit code[0m
2025-12-04T14:32:48.6079375Z [36;1mEXIT_CODE=""[0m
2025-12-04T14:32:48.6079590Z [36;1mecho "PHPUnit exit code: $EXIT_CODE"[0m
2025-12-04T14:32:48.6079840Z [36;1mexit "${EXIT_CODE:-0}"[0m
2025-12-04T14:32:48.6112711Z shell: /usr/bin/bash -e {0}
2025-12-04T14:32:48.6112924Z env:
2025-12-04T14:32:48.6113105Z   COMPOSER_PROCESS_TIMEOUT: 0
2025-12-04T14:32:48.6113335Z   COMPOSER_NO_INTERACTION: 1
2025-12-04T14:32:48.6113755Z   COMPOSER_NO_AUDIT: 1
2025-12-04T14:32:48.6113986Z ##[endgroup]
2025-12-04T14:32:48.6380771Z PHPUnit exit code: 
2025-12-04T14:32:48.6418987Z ##[group]Run actions/upload-artifact@v4
2025-12-04T14:32:48.6419250Z with:
2025-12-04T14:32:48.6419408Z   name: test-results
2025-12-04T14:32:48.6419601Z   if-no-files-found: warn
2025-12-04T14:32:48.6419838Z   path: .phpunit.result.cache
storage/logs/

2025-12-04T14:32:48.6420104Z   compression-level: 6
2025-12-04T14:32:48.6420296Z   overwrite: false
2025-12-04T14:32:48.6420480Z   include-hidden-files: false
2025-12-04T14:32:48.6420682Z env:
2025-12-04T14:32:48.6420840Z   COMPOSER_PROCESS_TIMEOUT: 0
2025-12-04T14:32:48.6421057Z   COMPOSER_NO_INTERACTION: 1
2025-12-04T14:32:48.6421251Z   COMPOSER_NO_AUDIT: 1
2025-12-04T14:32:48.6421435Z ##[endgroup]
2025-12-04T14:32:48.8581680Z Multiple search paths detected. Calculating the least common ancestor of all paths
2025-12-04T14:32:48.8584967Z The least common ancestor is /home/runner/work/laravel2026/laravel2026. This will be the root directory of the artifact
2025-12-04T14:32:48.8585845Z With the provided path, there will be 1 file uploaded
2025-12-04T14:32:48.8591467Z Artifact name is valid!
2025-12-04T14:32:48.8592568Z Root directory input is valid!
2025-12-04T14:32:48.9819116Z Beginning upload of artifact content to blob storage
2025-12-04T14:32:49.0591286Z Uploaded bytes 1688
2025-12-04T14:32:49.0807548Z Finished uploading artifact content to blob storage!
2025-12-04T14:32:49.0811239Z SHA256 digest of uploaded artifact zip is 87f51e435e4253bce76c6f450ee7756c0b1edeccd10dd69b715364b95f38963b
2025-12-04T14:32:49.0813473Z Finalizing artifact upload
2025-12-04T14:32:49.1786423Z Artifact test-results.zip successfully finalized. Artifact ID 4765250950
2025-12-04T14:32:49.1787747Z Artifact test-results has been successfully uploaded! Final size is 1688 bytes. Artifact ID is 4765250950
2025-12-04T14:32:49.1795469Z Artifact download URL: https://github.com/dungla2011/laravel2026/actions/runs/19932519615/artifacts/4765250950
2025-12-04T14:32:49.1931270Z Post job cleanup.
2025-12-04T14:32:49.2923237Z [command]/usr/bin/git version
2025-12-04T14:32:49.2980092Z git version 2.52.0
2025-12-04T14:32:49.3039018Z Temporarily overriding HOME='/home/runner/work/_temp/e65df13e-097a-4df4-bc6f-9402028f445e' before making global git config changes
2025-12-04T14:32:49.3040180Z Adding repository directory to the temporary git global config as a safe directory
2025-12-04T14:32:49.3047988Z [command]/usr/bin/git config --global --add safe.directory /home/runner/work/laravel2026/laravel2026
2025-12-04T14:32:49.3100846Z [command]/usr/bin/git config --local --name-only --get-regexp core\.sshCommand
2025-12-04T14:32:49.3141700Z [command]/usr/bin/git submodule foreach --recursive sh -c "git config --local --name-only --get-regexp 'core\.sshCommand' && git config --local --unset-all 'core.sshCommand' || :"
2025-12-04T14:32:49.3418089Z [command]/usr/bin/git config --local --name-only --get-regexp http\.https\:\/\/github\.com\/\.extraheader
2025-12-04T14:32:49.3442748Z http.https://github.com/.extraheader
2025-12-04T14:32:49.3456829Z [command]/usr/bin/git config --local --unset-all http.https://github.com/.extraheader
2025-12-04T14:32:49.3489883Z [command]/usr/bin/git submodule foreach --recursive sh -c "git config --local --name-only --get-regexp 'http\.https\:\/\/github\.com\/\.extraheader' && git config --local --unset-all 'http.https://github.com/.extraheader' || :"
2025-12-04T14:32:49.3738737Z [command]/usr/bin/git config --local --name-only --get-regexp ^includeIf\.gitdir:
2025-12-04T14:32:49.3774195Z [command]/usr/bin/git submodule foreach --recursive git config --local --show-origin --name-only --get-regexp remote.origin.url
2025-12-04T14:32:49.4121098Z Print service container logs: 28647029b7d742b4828442493129381c_mysql80_115ac8
2025-12-04T14:32:49.4126078Z ##[command]/usr/bin/docker logs --details 594b35604d36017b831b365f9150a5cdb67c37e9d74f33b654f16b6dfe382145
2025-12-04T14:32:49.4265123Z  2025-12-04T14:31:32.723483Z 0 [Warning] [MY-011068] [Server] The syntax '--skip-host-cache' is deprecated and will be removed in a future release. Please use SET GLOBAL host_cache_size=0 instead.
2025-12-04T14:32:49.4266703Z  2025-12-04 14:31:32+00:00 [Note] [Entrypoint]: Entrypoint script for MySQL Server 8.0.44-1.el9 started.
2025-12-04T14:32:49.4267878Z  2025-12-04T14:31:32.723561Z 0 [System] [MY-013169] [Server] /usr/sbin/mysqld (mysqld 8.0.44) initializing of server in progress as process 80
2025-12-04T14:32:49.4268979Z  2025-12-04T14:31:32.728433Z 1 [System] [MY-013576] [InnoDB] InnoDB initialization has started.
2025-12-04T14:32:49.4269819Z  2025-12-04T14:31:32.910793Z 1 [System] [MY-013577] [InnoDB] InnoDB initialization has ended.
2025-12-04T14:32:49.4271064Z  2025-12-04T14:31:33.735277Z 6 [Warning] [MY-010453] [Server] root@localhost is created with an empty password ! Please consider switching off the --initialize-insecure option.
2025-12-04T14:32:49.4272792Z  2025-12-04T14:31:35.941479Z 0 [Warning] [MY-011068] [Server] The syntax '--skip-host-cache' is deprecated and will be removed in a future release. Please use SET GLOBAL host_cache_size=0 instead.
2025-12-04T14:32:49.4274369Z  2025-12-04T14:31:35.942795Z 0 [System] [MY-010116] [Server] /usr/sbin/mysqld (mysqld 8.0.44) starting as process 124
2025-12-04T14:32:49.4275281Z  2025-12-04T14:31:35.951465Z 1 [System] [MY-013576] [InnoDB] InnoDB initialization has started.
2025-12-04T14:32:49.4276102Z  2025-12-04T14:31:36.041867Z 1 [System] [MY-013577] [InnoDB] InnoDB initialization has ended.
2025-12-04T14:32:49.4276959Z  2025-12-04T14:31:36.216081Z 0 [Warning] [MY-010068] [Server] CA certificate ca.pem is self signed.
2025-12-04T14:32:49.4278197Z  2025-12-04T14:31:36.216113Z 0 [System] [MY-013602] [Server] Channel mysql_main configured to support TLS. Encrypted connections are now supported for this channel.
2025-12-04T14:32:49.4279939Z  2025-12-04T14:31:36.217955Z 0 [Warning] [MY-011810] [Server] Insecure configuration for --pid-file: Location '/var/run/mysqld' in the path is accessible to all OS users. Consider choosing a different directory.
2025-12-04T14:32:49.4281847Z  2025-12-04T14:31:36.230442Z 0 [System] [MY-011323] [Server] X Plugin ready for connections. Socket: /var/run/mysqld/mysqlx.sock
2025-12-04T14:32:49.4282741Z  2025-12-04T14:31:36.230586Z 0 [System] [MY-010931] [Server] /usr/sbin/mysqld: ready for connections. Version: '8.0.44'  socket: '/var/run/mysqld/mysqld.sock'  port: 0  MySQL Community Server - GPL.
2025-12-04T14:32:49.4283755Z  Warning: Unable to load '/usr/share/zoneinfo/iso3166.tab' as time zone. Skipping it.
2025-12-04T14:32:49.4284291Z  Warning: Unable to load '/usr/share/zoneinfo/leap-seconds.list' as time zone. Skipping it.
2025-12-04T14:32:49.4284820Z  Warning: Unable to load '/usr/share/zoneinfo/leapseconds' as time zone. Skipping it.
2025-12-04T14:32:49.4285316Z  Warning: Unable to load '/usr/share/zoneinfo/tzdata.zi' as time zone. Skipping it.
2025-12-04T14:32:49.4285791Z  Warning: Unable to load '/usr/share/zoneinfo/zone.tab' as time zone. Skipping it.
2025-12-04T14:32:49.4286266Z  Warning: Unable to load '/usr/share/zoneinfo/zone1970.tab' as time zone. Skipping it.
2025-12-04T14:32:49.4286871Z  2025-12-04T14:31:37.900444Z 11 [System] [MY-013172] [Server] Received SHUTDOWN from user root. Shutting down mysqld (Version: 8.0.44).
2025-12-04T14:32:49.4287608Z  2025-12-04T14:31:38.687917Z 0 [System] [MY-010910] [Server] /usr/sbin/mysqld: Shutdown complete (mysqld 8.0.44)  MySQL Community Server - GPL.
2025-12-04T14:32:49.4288509Z  2025-12-04T14:31:39.083732Z 0 [Warning] [MY-011068] [Server] The syntax '--skip-host-cache' is deprecated and will be removed in a future release. Please use SET GLOBAL host_cache_size=0 instead.
2025-12-04T14:32:49.4289574Z  2025-12-04T14:31:39.085075Z 0 [System] [MY-010116] [Server] /usr/sbin/mysqld (mysqld 8.0.44) starting as process 1
2025-12-04T14:32:49.4290136Z  2025-12-04T14:31:39.090087Z 1 [System] [MY-013576] [InnoDB] InnoDB initialization has started.
2025-12-04T14:32:49.4290611Z  2025-12-04T14:31:39.174251Z 1 [System] [MY-013577] [InnoDB] InnoDB initialization has ended.
2025-12-04T14:32:49.4291111Z  2025-12-04T14:31:39.329556Z 0 [Warning] [MY-010068] [Server] CA certificate ca.pem is self signed.
2025-12-04T14:32:49.4292077Z  2025-12-04T14:31:39.329598Z 0 [System] [MY-013602] [Server] Channel mysql_main configured to support TLS. Encrypted connections are now supported for this channel.
2025-12-04T14:32:49.4293113Z  2025-12-04T14:31:39.331443Z 0 [Warning] [MY-011810] [Server] Insecure configuration for --pid-file: Location '/var/run/mysqld' in the path is accessible to all OS users. Consider choosing a different directory.
2025-12-04T14:32:49.4294328Z  2025-12-04T14:31:39.344685Z 0 [System] [MY-011323] [Server] X Plugin ready for connections. Bind-address: '::' port: 33060, socket: /var/run/mysqld/mysqlx.sock
2025-12-04T14:32:49.4295295Z  2025-12-04T14:31:39.344776Z 0 [System] [MY-010931] [Server] /usr/sbin/mysqld: ready for connections. Version: '8.0.44'  socket: '/var/run/mysqld/mysqld.sock'  port: 3306  MySQL Community Server - GPL.
2025-12-04T14:32:49.4296046Z  2025-12-04 14:31:32+00:00 [Note] [Entrypoint]: Switching to dedicated user 'mysql'
2025-12-04T14:32:49.4296509Z  2025-12-04 14:31:32+00:00 [Note] [Entrypoint]: Entrypoint script for MySQL Server 8.0.44-1.el9 started.
2025-12-04T14:32:49.4296954Z  2025-12-04 14:31:32+00:00 [Note] [Entrypoint]: Initializing database files
2025-12-04T14:32:49.4297316Z  2025-12-04 14:31:35+00:00 [Note] [Entrypoint]: Database files initialized
2025-12-04T14:32:49.4297694Z  2025-12-04 14:31:35+00:00 [Note] [Entrypoint]: Starting temporary server
2025-12-04T14:32:49.4298054Z  2025-12-04 14:31:36+00:00 [Note] [Entrypoint]: Temporary server started.
2025-12-04T14:32:49.4298427Z  '/var/lib/mysql/mysql.sock' -> '/var/run/mysqld/mysqld.sock'
2025-12-04T14:32:49.4298800Z  2025-12-04 14:31:37+00:00 [Note] [Entrypoint]: Creating database glx2026test
2025-12-04T14:32:49.4299097Z  
2025-12-04T14:32:49.4299318Z  2025-12-04 14:31:37+00:00 [Note] [Entrypoint]: Stopping temporary server
2025-12-04T14:32:49.4299847Z  2025-12-04 14:31:38+00:00 [Note] [Entrypoint]: Temporary server stopped
2025-12-04T14:32:49.4300122Z  
2025-12-04T14:32:49.4300387Z  2025-12-04 14:31:38+00:00 [Note] [Entrypoint]: MySQL init process done. Ready for start up.
2025-12-04T14:32:49.4300717Z  
2025-12-04T14:32:49.4306943Z Stop and remove container: 28647029b7d742b4828442493129381c_mysql80_115ac8
2025-12-04T14:32:49.4311840Z ##[command]/usr/bin/docker rm --force 594b35604d36017b831b365f9150a5cdb67c37e9d74f33b654f16b6dfe382145
2025-12-04T14:32:49.5966193Z 594b35604d36017b831b365f9150a5cdb67c37e9d74f33b654f16b6dfe382145
2025-12-04T14:32:49.6010444Z Remove container network: github_network_776fe68955184fc3a5e5b8c04d93adde
2025-12-04T14:32:49.6016838Z ##[command]/usr/bin/docker network rm github_network_776fe68955184fc3a5e5b8c04d93adde
2025-12-04T14:32:49.7071868Z github_network_776fe68955184fc3a5e5b8c04d93adde
2025-12-04T14:32:49.7130667Z Cleaning up orphan processes
2025-12-04T14:32:49.7436691Z Terminate orphan process: pid (4446) (php8.2)