2025-12-04T15:15:15.5291104Z Current runner version: '2.329.0'
2025-12-04T15:15:15.5314589Z ##[group]Runner Image Provisioner
2025-12-04T15:15:15.5315424Z Hosted Compute Agent
2025-12-04T15:15:15.5315977Z Version: 20251124.448
2025-12-04T15:15:15.5316635Z Commit: fda5086b43ec66ade217e5fcd18146c879571177
2025-12-04T15:15:15.5317316Z Build Date: 2025-11-24T21:16:26Z
2025-12-04T15:15:15.5317910Z ##[endgroup]
2025-12-04T15:15:15.5318384Z ##[group]Operating System
2025-12-04T15:15:15.5319017Z Ubuntu
2025-12-04T15:15:15.5319466Z 24.04.3
2025-12-04T15:15:15.5319952Z LTS
2025-12-04T15:15:15.5320442Z ##[endgroup]
2025-12-04T15:15:15.5320933Z ##[group]Runner Image
2025-12-04T15:15:15.5321640Z Image: ubuntu-24.04
2025-12-04T15:15:15.5322189Z Version: 20251126.144.1
2025-12-04T15:15:15.5323763Z Included Software: https://github.com/actions/runner-images/blob/ubuntu24/20251126.144/images/ubuntu/Ubuntu2404-Readme.md
2025-12-04T15:15:15.5326643Z Image Release: https://github.com/actions/runner-images/releases/tag/ubuntu24%2F20251126.144
2025-12-04T15:15:15.5328316Z ##[endgroup]
2025-12-04T15:15:15.5330303Z ##[group]GITHUB_TOKEN Permissions
2025-12-04T15:15:15.5333452Z Contents: read
2025-12-04T15:15:15.5334291Z Metadata: read
2025-12-04T15:15:15.5335411Z Packages: read
2025-12-04T15:15:15.5335950Z ##[endgroup]
2025-12-04T15:15:15.5337897Z Secret source: Actions
2025-12-04T15:15:15.5338865Z Prepare workflow directory
2025-12-04T15:15:15.5765299Z Prepare all required actions
2025-12-04T15:15:15.5805025Z Getting action download info
2025-12-04T15:15:15.9403071Z Download action repository 'actions/checkout@v4' (SHA:34e114876b0b11c390a56381ad16ebd13914f8d5)
2025-12-04T15:15:16.8544923Z Download action repository 'shivammathur/setup-php@v2' (SHA:44454db4f0199b8b9685a5d763dc37cbf79108e1)
2025-12-04T15:15:17.3092416Z Download action repository 'actions/upload-artifact@v4' (SHA:ea165f8d65b6e75b540449e92b4886f43607fa02)
2025-12-04T15:15:17.5150755Z Complete job name: test (8.2)
2025-12-04T15:15:17.5758775Z ##[group]Checking docker version
2025-12-04T15:15:17.5772905Z ##[command]/usr/bin/docker version --format '{{.Server.APIVersion}}'
2025-12-04T15:15:17.6425943Z '1.48'
2025-12-04T15:15:17.6439308Z Docker daemon API version: '1.48'
2025-12-04T15:15:17.6440812Z ##[command]/usr/bin/docker version --format '{{.Client.APIVersion}}'
2025-12-04T15:15:17.6609923Z '1.48'
2025-12-04T15:15:17.6623964Z Docker client API version: '1.48'
2025-12-04T15:15:17.6629768Z ##[endgroup]
2025-12-04T15:15:17.6633400Z ##[group]Clean up resources from previous jobs
2025-12-04T15:15:17.6639378Z ##[command]/usr/bin/docker ps --all --quiet --no-trunc --filter "label=b5540c"
2025-12-04T15:15:17.6781081Z ##[command]/usr/bin/docker network prune --force --filter "label=b5540c"
2025-12-04T15:15:17.6908212Z ##[endgroup]
2025-12-04T15:15:17.6909120Z ##[group]Create local container network
2025-12-04T15:15:17.6919945Z ##[command]/usr/bin/docker network create --label b5540c github_network_d8c5c646207d4d8d976e1a7a58f19a62
2025-12-04T15:15:17.7420215Z a3a1c0787ff3540adb85b59b755e8ac14724840d36417840f83e10ef478f2392
2025-12-04T15:15:17.7440359Z ##[endgroup]
2025-12-04T15:15:17.7466288Z ##[group]Starting mysql service container
2025-12-04T15:15:17.7487726Z ##[command]/usr/bin/docker pull mysql:8.0
2025-12-04T15:15:18.2813127Z 8.0: Pulling from library/mysql
2025-12-04T15:15:18.4220660Z 7a5e1e917526: Pulling fs layer
2025-12-04T15:15:18.4221319Z a3c731ffd1a3: Pulling fs layer
2025-12-04T15:15:18.4221667Z 98c09a342d40: Pulling fs layer
2025-12-04T15:15:18.4221981Z 6b8812fa3131: Pulling fs layer
2025-12-04T15:15:18.4222312Z 96682d77f5a0: Pulling fs layer
2025-12-04T15:15:18.4222563Z 4f1ef7d4d76b: Pulling fs layer
2025-12-04T15:15:18.4222823Z 3a7bd505eaa0: Pulling fs layer
2025-12-04T15:15:18.4223155Z 907afe780e24: Pulling fs layer
2025-12-04T15:15:18.4223434Z 8c3cd0b3401c: Pulling fs layer
2025-12-04T15:15:18.4223680Z 5f838d3bc363: Pulling fs layer
2025-12-04T15:15:18.4224000Z 0ddab5f772d8: Pulling fs layer
2025-12-04T15:15:18.4224379Z 3a7bd505eaa0: Waiting
2025-12-04T15:15:18.4224742Z 907afe780e24: Waiting
2025-12-04T15:15:18.4225441Z 6b8812fa3131: Waiting
2025-12-04T15:15:18.4225667Z 8c3cd0b3401c: Waiting
2025-12-04T15:15:18.4225895Z 5f838d3bc363: Waiting
2025-12-04T15:15:18.4226184Z 96682d77f5a0: Waiting
2025-12-04T15:15:18.4226397Z 0ddab5f772d8: Waiting
2025-12-04T15:15:18.5998691Z a3c731ffd1a3: Verifying Checksum
2025-12-04T15:15:18.5999127Z a3c731ffd1a3: Download complete
2025-12-04T15:15:18.6452488Z 98c09a342d40: Verifying Checksum
2025-12-04T15:15:18.8455815Z 98c09a342d40: Download complete
2025-12-04T15:15:18.8456272Z 96682d77f5a0: Verifying Checksum
2025-12-04T15:15:18.8456640Z 96682d77f5a0: Download complete
2025-12-04T15:15:18.9490212Z 6b8812fa3131: Verifying Checksum
2025-12-04T15:15:18.9490679Z 6b8812fa3131: Download complete
2025-12-04T15:15:19.0255958Z 4f1ef7d4d76b: Verifying Checksum
2025-12-04T15:15:19.0256453Z 4f1ef7d4d76b: Download complete
2025-12-04T15:15:19.0540707Z 7a5e1e917526: Verifying Checksum
2025-12-04T15:15:19.0542568Z 7a5e1e917526: Download complete
2025-12-04T15:15:19.2264429Z 907afe780e24: Verifying Checksum
2025-12-04T15:15:19.2264992Z 907afe780e24: Download complete
2025-12-04T15:15:19.4124594Z 5f838d3bc363: Verifying Checksum
2025-12-04T15:15:19.4125140Z 5f838d3bc363: Download complete
2025-12-04T15:15:19.5909979Z 0ddab5f772d8: Verifying Checksum
2025-12-04T15:15:19.5910466Z 0ddab5f772d8: Download complete
2025-12-04T15:15:20.3376275Z 7a5e1e917526: Pull complete
2025-12-04T15:15:20.5358487Z 3a7bd505eaa0: Verifying Checksum
2025-12-04T15:15:20.5358978Z 3a7bd505eaa0: Download complete
2025-12-04T15:15:21.4842520Z a3c731ffd1a3: Pull complete
2025-12-04T15:15:21.6012240Z 98c09a342d40: Pull complete
2025-12-04T15:15:21.7638885Z 8c3cd0b3401c: Verifying Checksum
2025-12-04T15:15:21.7640191Z 8c3cd0b3401c: Download complete
2025-12-04T15:15:21.8281346Z 6b8812fa3131: Pull complete
2025-12-04T15:15:21.8402269Z 96682d77f5a0: Pull complete
2025-12-04T15:15:21.8487145Z 4f1ef7d4d76b: Pull complete
2025-12-04T15:15:22.5920571Z 3a7bd505eaa0: Pull complete
2025-12-04T15:15:22.6041378Z 907afe780e24: Pull complete
2025-12-04T15:15:29.6996717Z 8c3cd0b3401c: Pull complete
2025-12-04T15:15:29.7106749Z 5f838d3bc363: Pull complete
2025-12-04T15:15:29.7188595Z 0ddab5f772d8: Pull complete
2025-12-04T15:15:29.7224825Z Digest: sha256:0275a35e79c60caae68fac520602d9f6897feb9b0941a1471196b1a01760e581
2025-12-04T15:15:29.7236801Z Status: Downloaded newer image for mysql:8.0
2025-12-04T15:15:29.7247701Z docker.io/library/mysql:8.0
2025-12-04T15:15:29.7307943Z ##[command]/usr/bin/docker create --name 0871247d64b349338b5731292ed6728c_mysql80_f9d4bf --label b5540c --network github_network_d8c5c646207d4d8d976e1a7a58f19a62 --network-alias mysql -p 3306:3306 --health-cmd="mysqladmin ping -u root" --health-interval=10s --health-timeout=5s --health-retries=3 -e "MYSQL_ROOT_PASSWORD" -e "MYSQL_ALLOW_EMPTY_PASSWORD=yes" -e "MYSQL_DATABASE=glx2026test" -e GITHUB_ACTIONS=true -e CI=true mysql:8.0
2025-12-04T15:15:29.7575925Z 66f699b70ec57d174e0b084b021697be4d644916d22e00ce03e244b439f94b1b
2025-12-04T15:15:29.7601589Z ##[command]/usr/bin/docker start 66f699b70ec57d174e0b084b021697be4d644916d22e00ce03e244b439f94b1b
2025-12-04T15:15:29.9373853Z 66f699b70ec57d174e0b084b021697be4d644916d22e00ce03e244b439f94b1b
2025-12-04T15:15:29.9399405Z ##[command]/usr/bin/docker ps --all --filter id=66f699b70ec57d174e0b084b021697be4d644916d22e00ce03e244b439f94b1b --filter status=running --no-trunc --format "{{.ID}} {{.Status}}"
2025-12-04T15:15:29.9525642Z 66f699b70ec57d174e0b084b021697be4d644916d22e00ce03e244b439f94b1b Up Less than a second (health: starting)
2025-12-04T15:15:29.9546574Z ##[command]/usr/bin/docker port 66f699b70ec57d174e0b084b021697be4d644916d22e00ce03e244b439f94b1b
2025-12-04T15:15:29.9674234Z 3306/tcp -> 0.0.0.0:3306
2025-12-04T15:15:29.9675092Z 3306/tcp -> [::]:3306
2025-12-04T15:15:29.9723137Z ##[endgroup]
2025-12-04T15:15:29.9730965Z ##[group]Waiting for all services to be ready
2025-12-04T15:15:29.9745680Z ##[command]/usr/bin/docker inspect --format="{{if .Config.Healthcheck}}{{print .State.Health.Status}}{{end}}" 66f699b70ec57d174e0b084b021697be4d644916d22e00ce03e244b439f94b1b
2025-12-04T15:15:29.9880233Z starting
2025-12-04T15:15:29.9908087Z mysql service is starting, waiting 2 seconds before checking again.
2025-12-04T15:15:31.9906926Z ##[command]/usr/bin/docker inspect --format="{{if .Config.Healthcheck}}{{print .State.Health.Status}}{{end}}" 66f699b70ec57d174e0b084b021697be4d644916d22e00ce03e244b439f94b1b
2025-12-04T15:15:32.0025540Z starting
2025-12-04T15:15:32.0039591Z mysql service is starting, waiting 3 seconds before checking again.
2025-12-04T15:15:35.7384429Z ##[command]/usr/bin/docker inspect --format="{{if .Config.Healthcheck}}{{print .State.Health.Status}}{{end}}" 66f699b70ec57d174e0b084b021697be4d644916d22e00ce03e244b439f94b1b
2025-12-04T15:15:35.7500557Z starting
2025-12-04T15:15:35.7517365Z mysql service is starting, waiting 7 seconds before checking again.
2025-12-04T15:15:43.1331083Z ##[command]/usr/bin/docker inspect --format="{{if .Config.Healthcheck}}{{print .State.Health.Status}}{{end}}" 66f699b70ec57d174e0b084b021697be4d644916d22e00ce03e244b439f94b1b
2025-12-04T15:15:43.1451595Z healthy
2025-12-04T15:15:43.1469941Z mysql service is healthy.
2025-12-04T15:15:43.1470677Z ##[endgroup]
2025-12-04T15:15:43.1712490Z ##[group]Run actions/checkout@v4
2025-12-04T15:15:43.1713000Z with:
2025-12-04T15:15:43.1713190Z   repository: dungla2011/laravel2026
2025-12-04T15:15:43.1713553Z   token: ***
2025-12-04T15:15:43.1713723Z   ssh-strict: true
2025-12-04T15:15:43.1713897Z   ssh-user: git
2025-12-04T15:15:43.1714078Z   persist-credentials: true
2025-12-04T15:15:43.1714282Z   clean: true
2025-12-04T15:15:43.1714456Z   sparse-checkout-cone-mode: true
2025-12-04T15:15:43.1714677Z   fetch-depth: 1
2025-12-04T15:15:43.1714843Z   fetch-tags: false
2025-12-04T15:15:43.1715018Z   show-progress: true
2025-12-04T15:15:43.1715188Z   lfs: false
2025-12-04T15:15:43.1715348Z   submodules: false
2025-12-04T15:15:43.1715527Z   set-safe-directory: true
2025-12-04T15:15:43.1715903Z ##[endgroup]
2025-12-04T15:15:43.2752452Z Syncing repository: dungla2011/laravel2026
2025-12-04T15:15:43.2753664Z ##[group]Getting Git version info
2025-12-04T15:15:43.2754076Z Working directory is '/home/runner/work/laravel2026/laravel2026'
2025-12-04T15:15:43.2817161Z [command]/usr/bin/git version
2025-12-04T15:15:43.2859559Z git version 2.52.0
2025-12-04T15:15:43.2885000Z ##[endgroup]
2025-12-04T15:15:43.2898407Z Temporarily overriding HOME='/home/runner/work/_temp/d5cc2bcd-3a73-41a6-a252-b24047b0c504' before making global git config changes
2025-12-04T15:15:43.2899265Z Adding repository directory to the temporary git global config as a safe directory
2025-12-04T15:15:43.2903956Z [command]/usr/bin/git config --global --add safe.directory /home/runner/work/laravel2026/laravel2026
2025-12-04T15:15:43.2949001Z Deleting the contents of '/home/runner/work/laravel2026/laravel2026'
2025-12-04T15:15:43.2952564Z ##[group]Initializing the repository
2025-12-04T15:15:43.2956432Z [command]/usr/bin/git init /home/runner/work/laravel2026/laravel2026
2025-12-04T15:15:43.3046573Z hint: Using 'master' as the name for the initial branch. This default branch name
2025-12-04T15:15:43.3047433Z hint: will change to "main" in Git 3.0. To configure the initial branch name
2025-12-04T15:15:43.3048168Z hint: to use in all of your new repositories, which will suppress this warning,
2025-12-04T15:15:43.3048520Z hint: call:
2025-12-04T15:15:43.3048687Z hint:
2025-12-04T15:15:43.3048938Z hint: 	git config --global init.defaultBranch <name>
2025-12-04T15:15:43.3049221Z hint:
2025-12-04T15:15:43.3049489Z hint: Names commonly chosen instead of 'master' are 'main', 'trunk' and
2025-12-04T15:15:43.3049927Z hint: 'development'. The just-created branch can be renamed via this command:
2025-12-04T15:15:43.3050261Z hint:
2025-12-04T15:15:43.3050430Z hint: 	git branch -m <name>
2025-12-04T15:15:43.3050780Z hint:
2025-12-04T15:15:43.3051424Z hint: Disable this message with "git config set advice.defaultBranchName false"
2025-12-04T15:15:43.3052146Z Initialized empty Git repository in /home/runner/work/laravel2026/laravel2026/.git/
2025-12-04T15:15:43.3061819Z [command]/usr/bin/git remote add origin https://github.com/dungla2011/laravel2026
2025-12-04T15:15:43.3094728Z ##[endgroup]
2025-12-04T15:15:43.3095113Z ##[group]Disabling automatic garbage collection
2025-12-04T15:15:43.3099026Z [command]/usr/bin/git config --local gc.auto 0
2025-12-04T15:15:43.3125347Z ##[endgroup]
2025-12-04T15:15:43.3133490Z ##[group]Setting up auth
2025-12-04T15:15:43.3134125Z [command]/usr/bin/git config --local --name-only --get-regexp core\.sshCommand
2025-12-04T15:15:43.3162559Z [command]/usr/bin/git submodule foreach --recursive sh -c "git config --local --name-only --get-regexp 'core\.sshCommand' && git config --local --unset-all 'core.sshCommand' || :"
2025-12-04T15:15:43.3475474Z [command]/usr/bin/git config --local --name-only --get-regexp http\.https\:\/\/github\.com\/\.extraheader
2025-12-04T15:15:43.3504354Z [command]/usr/bin/git submodule foreach --recursive sh -c "git config --local --name-only --get-regexp 'http\.https\:\/\/github\.com\/\.extraheader' && git config --local --unset-all 'http.https://github.com/.extraheader' || :"
2025-12-04T15:15:43.3719537Z [command]/usr/bin/git config --local --name-only --get-regexp ^includeIf\.gitdir:
2025-12-04T15:15:43.3748988Z [command]/usr/bin/git submodule foreach --recursive git config --local --show-origin --name-only --get-regexp remote.origin.url
2025-12-04T15:15:43.3977587Z [command]/usr/bin/git config --local http.https://github.com/.extraheader AUTHORIZATION: basic ***
2025-12-04T15:15:43.4010315Z ##[endgroup]
2025-12-04T15:15:43.4010844Z ##[group]Fetching the repository
2025-12-04T15:15:43.4019091Z [command]/usr/bin/git -c protocol.version=2 fetch --no-tags --prune --no-recurse-submodules --depth=1 origin +c53e2cb0a93bfe987fa94c2cfe64d02cdce96e46:refs/remotes/origin/main
2025-12-04T15:15:50.2117804Z From https://github.com/dungla2011/laravel2026
2025-12-04T15:15:50.2118699Z  * [new ref]         c53e2cb0a93bfe987fa94c2cfe64d02cdce96e46 -> origin/main
2025-12-04T15:15:50.2146748Z ##[endgroup]
2025-12-04T15:15:50.2147501Z ##[group]Determining the checkout info
2025-12-04T15:15:50.2150920Z ##[endgroup]
2025-12-04T15:15:50.2155940Z [command]/usr/bin/git sparse-checkout disable
2025-12-04T15:15:50.2197810Z [command]/usr/bin/git config --local --unset-all extensions.worktreeConfig
2025-12-04T15:15:50.2222208Z ##[group]Checking out the ref
2025-12-04T15:15:50.2225785Z [command]/usr/bin/git checkout --progress --force -B main refs/remotes/origin/main
2025-12-04T15:15:51.2824067Z Updating files:  37% (5956/16084)
2025-12-04T15:15:51.3046625Z Updating files:  38% (6112/16084)
2025-12-04T15:15:51.3181429Z Updating files:  39% (6273/16084)
2025-12-04T15:15:51.3858412Z Updating files:  40% (6434/16084)
2025-12-04T15:15:51.4083768Z Updating files:  41% (6595/16084)
2025-12-04T15:15:51.4359138Z Updating files:  42% (6756/16084)
2025-12-04T15:15:51.4857921Z Updating files:  43% (6917/16084)
2025-12-04T15:15:51.5647460Z Updating files:  44% (7077/16084)
2025-12-04T15:15:51.5892479Z Updating files:  45% (7238/16084)
2025-12-04T15:15:51.6761801Z Updating files:  46% (7399/16084)
2025-12-04T15:15:51.7552472Z Updating files:  47% (7560/16084)
2025-12-04T15:15:51.7899062Z Updating files:  48% (7721/16084)
2025-12-04T15:15:51.8321020Z Updating files:  49% (7882/16084)
2025-12-04T15:15:51.8439633Z Updating files:  50% (8042/16084)
2025-12-04T15:15:51.8501646Z Updating files:  51% (8203/16084)
2025-12-04T15:15:51.8568167Z Updating files:  52% (8364/16084)
2025-12-04T15:15:51.8631630Z Updating files:  53% (8525/16084)
2025-12-04T15:15:51.8698421Z Updating files:  54% (8686/16084)
2025-12-04T15:15:51.8765722Z Updating files:  55% (8847/16084)
2025-12-04T15:15:51.8830231Z Updating files:  56% (9008/16084)
2025-12-04T15:15:51.8898664Z Updating files:  57% (9168/16084)
2025-12-04T15:15:51.8964731Z Updating files:  58% (9329/16084)
2025-12-04T15:15:51.9029678Z Updating files:  59% (9490/16084)
2025-12-04T15:15:51.9093544Z Updating files:  60% (9651/16084)
2025-12-04T15:15:51.9158623Z Updating files:  61% (9812/16084)
2025-12-04T15:15:51.9225676Z Updating files:  62% (9973/16084)
2025-12-04T15:15:51.9497843Z Updating files:  63% (10133/16084)
2025-12-04T15:15:51.9685165Z Updating files:  64% (10294/16084)
2025-12-04T15:15:51.9867101Z Updating files:  65% (10455/16084)
2025-12-04T15:15:51.9944179Z Updating files:  66% (10616/16084)
2025-12-04T15:15:52.0015184Z Updating files:  67% (10777/16084)
2025-12-04T15:15:52.0100354Z Updating files:  68% (10938/16084)
2025-12-04T15:15:52.0210828Z Updating files:  69% (11098/16084)
2025-12-04T15:15:52.0288196Z Updating files:  70% (11259/16084)
2025-12-04T15:15:52.0365561Z Updating files:  71% (11420/16084)
2025-12-04T15:15:52.0444463Z Updating files:  72% (11581/16084)
2025-12-04T15:15:52.0530915Z Updating files:  73% (11742/16084)
2025-12-04T15:15:52.0752176Z Updating files:  74% (11903/16084)
2025-12-04T15:15:52.0996363Z Updating files:  75% (12063/16084)
2025-12-04T15:15:52.1165170Z Updating files:  76% (12224/16084)
2025-12-04T15:15:52.1324160Z Updating files:  77% (12385/16084)
2025-12-04T15:15:52.2092843Z Updating files:  78% (12546/16084)
2025-12-04T15:15:52.2180362Z Updating files:  79% (12707/16084)
2025-12-04T15:15:52.2367305Z Updating files:  80% (12868/16084)
2025-12-04T15:15:52.2394428Z Updating files:  81% (13029/16084)
2025-12-04T15:15:52.2678037Z Updating files:  81% (13057/16084)
2025-12-04T15:15:52.3035592Z Updating files:  82% (13189/16084)
2025-12-04T15:15:52.3189987Z Updating files:  83% (13350/16084)
2025-12-04T15:15:52.3742409Z Updating files:  84% (13511/16084)
2025-12-04T15:15:52.4087465Z Updating files:  85% (13672/16084)
2025-12-04T15:15:52.4512253Z Updating files:  86% (13833/16084)
2025-12-04T15:15:52.4937166Z Updating files:  87% (13994/16084)
2025-12-04T15:15:52.5245629Z Updating files:  88% (14154/16084)
2025-12-04T15:15:52.5430536Z Updating files:  89% (14315/16084)
2025-12-04T15:15:52.5539688Z Updating files:  90% (14476/16084)
2025-12-04T15:15:52.5741918Z Updating files:  91% (14637/16084)
2025-12-04T15:15:52.5965031Z Updating files:  92% (14798/16084)
2025-12-04T15:15:52.6055373Z Updating files:  93% (14959/16084)
2025-12-04T15:15:52.6225529Z Updating files:  94% (15119/16084)
2025-12-04T15:15:52.6378333Z Updating files:  95% (15280/16084)
2025-12-04T15:15:52.6486529Z Updating files:  96% (15441/16084)
2025-12-04T15:15:52.6550283Z Updating files:  97% (15602/16084)
2025-12-04T15:15:52.6612326Z Updating files:  98% (15763/16084)
2025-12-04T15:15:52.7011814Z Updating files:  99% (15924/16084)
2025-12-04T15:15:52.7012305Z Updating files: 100% (16084/16084)
2025-12-04T15:15:52.7012774Z Updating files: 100% (16084/16084), done.
2025-12-04T15:15:52.7172434Z Switched to a new branch 'main'
2025-12-04T15:15:52.7175243Z branch 'main' set up to track 'origin/main'.
2025-12-04T15:15:52.7335352Z ##[endgroup]
2025-12-04T15:15:52.7374593Z [command]/usr/bin/git log -1 --format=%H
2025-12-04T15:15:52.7396703Z c53e2cb0a93bfe987fa94c2cfe64d02cdce96e46
2025-12-04T15:15:52.7559330Z ##[group]Run shivammathur/setup-php@v2
2025-12-04T15:15:52.7559591Z with:
2025-12-04T15:15:52.7559753Z   php-version: 8.2
2025-12-04T15:15:52.7559985Z   extensions: mysql, mbstring, json, curl, bcmath
2025-12-04T15:15:52.7560231Z   coverage: xdebug
2025-12-04T15:15:52.7560407Z   ini-file: production
2025-12-04T15:15:52.7560716Z   github-token: ***
2025-12-04T15:15:52.7560889Z ##[endgroup]
2025-12-04T15:15:52.8263159Z [command]/usr/bin/bash /home/runner/work/_actions/shivammathur/setup-php/v2/src/scripts/run.sh
2025-12-04T15:15:52.8674685Z 
2025-12-04T15:15:52.8675420Z [90;1m==> [0m[37;1mSetup PHP[0m
2025-12-04T15:15:56.3525823Z [32;1mâœ“ [0m[34;1mPHP [0m[90;1mInstalled PHP 8.2.29[0m
2025-12-04T15:15:56.3526287Z 
2025-12-04T15:15:56.3526544Z [90;1m==> [0m[37;1mSetup Extensions[0m
2025-12-04T15:15:56.4008042Z [32;1mâœ“ [0m[34;1mmysql [0m[90;1mEnabled[0m
2025-12-04T15:15:56.4037349Z [32;1mâœ“ [0m[34;1mmbstring [0m[90;1mEnabled[0m
2025-12-04T15:15:56.4066920Z [32;1mâœ“ [0m[34;1mjson [0m[90;1mEnabled[0m
2025-12-04T15:15:56.4095767Z [32;1mâœ“ [0m[34;1mcurl [0m[90;1mEnabled[0m
2025-12-04T15:15:56.4125206Z [32;1mâœ“ [0m[34;1mbcmath [0m[90;1mEnabled[0m
2025-12-04T15:15:56.4126469Z 
2025-12-04T15:15:56.4126808Z [90;1m==> [0m[37;1mSetup Tools[0m
2025-12-04T15:15:56.7518294Z [32;1mâœ“ [0m[34;1mcomposer [0m[90;1mAdded composer 2.9.2[0m
2025-12-04T15:15:56.7519390Z 
2025-12-04T15:15:56.7519668Z [90;1m==> [0m[37;1mSetup Coverage[0m
2025-12-04T15:15:56.8471602Z [32;1mâœ“ [0m[34;1mxdebug [0m[90;1mXdebug 3.4.5 enabled as coverage driver[0m
2025-12-04T15:15:56.8472111Z 
2025-12-04T15:15:56.8472431Z [90;1m==> [0m[37;1mSponsor setup-php[0m
2025-12-04T15:15:56.8473348Z [32;1mâœ“ [0m[34;1msetup-php [0m[90;1mhttps://setup-php.com/sponsor[0m
2025-12-04T15:15:56.8654979Z ##[group]Run until mysqladmin ping -h 127.0.0.1 -u root -p''; do
2025-12-04T15:15:56.8655417Z [36;1muntil mysqladmin ping -h 127.0.0.1 -u root -p''; do[0m
2025-12-04T15:15:56.8655740Z [36;1m  echo 'MySQL not ready, waiting...'[0m
2025-12-04T15:15:56.8655985Z [36;1m  sleep 1[0m
2025-12-04T15:15:56.8656159Z [36;1mdone[0m
2025-12-04T15:15:56.8693891Z shell: /usr/bin/bash -e {0}
2025-12-04T15:15:56.8694116Z env:
2025-12-04T15:15:56.8694294Z   COMPOSER_PROCESS_TIMEOUT: 0
2025-12-04T15:15:56.8694521Z   COMPOSER_NO_INTERACTION: 1
2025-12-04T15:15:56.8694731Z   COMPOSER_NO_AUDIT: 1
2025-12-04T15:15:56.8694913Z ##[endgroup]
2025-12-04T15:15:56.9960122Z mysqld is alive
2025-12-04T15:15:56.9967251Z Enter password: 
2025-12-04T15:15:56.9990969Z ##[group]Run mysql -h 127.0.0.1 -u root -e "DROP DATABASE IF EXISTS glx2026test; CREATE DATABASE glx2026test CHARACTER SET utf8mb4 COLLATE utf8mb4_unicode_ci;"
2025-12-04T15:15:56.9992123Z [36;1mmysql -h 127.0.0.1 -u root -e "DROP DATABASE IF EXISTS glx2026test; CREATE DATABASE glx2026test CHARACTER SET utf8mb4 COLLATE utf8mb4_unicode_ci;"[0m
2025-12-04T15:15:56.9992736Z [36;1mmysql -h 127.0.0.1 -u root glx2026test < database/glx2026test.sql[0m
2025-12-04T15:15:57.0024285Z shell: /usr/bin/bash -e {0}
2025-12-04T15:15:57.0024505Z env:
2025-12-04T15:15:57.0024670Z   COMPOSER_PROCESS_TIMEOUT: 0
2025-12-04T15:15:57.0024913Z   COMPOSER_NO_INTERACTION: 1
2025-12-04T15:15:57.0025121Z   COMPOSER_NO_AUDIT: 1
2025-12-04T15:15:57.0025291Z ##[endgroup]
2025-12-04T15:16:06.1624459Z ##[group]Run cp .env.testing .env
2025-12-04T15:16:06.1624756Z [36;1mcp .env.testing .env[0m
2025-12-04T15:16:06.1660523Z shell: /usr/bin/bash -e {0}
2025-12-04T15:16:06.1660747Z env:
2025-12-04T15:16:06.1660919Z   COMPOSER_PROCESS_TIMEOUT: 0
2025-12-04T15:16:06.1661366Z   COMPOSER_NO_INTERACTION: 1
2025-12-04T15:16:06.1661603Z   COMPOSER_NO_AUDIT: 1
2025-12-04T15:16:06.1661780Z ##[endgroup]
2025-12-04T15:16:06.1745993Z ##[group]Run sed -i "s|unix_socket=.*|unix_socket=|g" .env
2025-12-04T15:16:06.1746369Z [36;1msed -i "s|unix_socket=.*|unix_socket=|g" .env[0m
2025-12-04T15:16:06.1746665Z [36;1msed -i "s|DB_HOST=.*|DB_HOST=127.0.0.1|g" .env[0m
2025-12-04T15:16:06.1775269Z shell: /usr/bin/bash -e {0}
2025-12-04T15:16:06.1775479Z env:
2025-12-04T15:16:06.1775642Z   COMPOSER_PROCESS_TIMEOUT: 0
2025-12-04T15:16:06.1775881Z   COMPOSER_NO_INTERACTION: 1
2025-12-04T15:16:06.1776079Z   COMPOSER_NO_AUDIT: 1
2025-12-04T15:16:06.1776271Z ##[endgroup]
2025-12-04T15:16:06.1869788Z ##[group]Run composer install --no-interaction --prefer-dist --optimize-autoloader --ignore-platform-req=ext-mongodb
2025-12-04T15:16:06.1870531Z [36;1mcomposer install --no-interaction --prefer-dist --optimize-autoloader --ignore-platform-req=ext-mongodb[0m
2025-12-04T15:16:06.1899632Z shell: /usr/bin/bash -e {0}
2025-12-04T15:16:06.1899851Z env:
2025-12-04T15:16:06.1900016Z   COMPOSER_PROCESS_TIMEOUT: 0
2025-12-04T15:16:06.1900235Z   COMPOSER_NO_INTERACTION: 1
2025-12-04T15:16:06.1900431Z   COMPOSER_NO_AUDIT: 1
2025-12-04T15:16:06.1900612Z ##[endgroup]
2025-12-04T15:16:06.4074047Z Installing dependencies from lock file (including require-dev)
2025-12-04T15:16:06.4169671Z Verifying lock file contents can be installed on current platform.
2025-12-04T15:16:06.4631667Z Package operations: 216 installs, 0 updates, 0 removals
2025-12-04T15:16:06.4648678Z   - Downloading php-http/discovery (1.20.0)
2025-12-04T15:16:06.4657549Z   - Downloading andyabih/laravel-to-uml (1.0.3)
2025-12-04T15:16:06.4660565Z   - Downloading symfony/polyfill-mbstring (v1.33.0)
2025-12-04T15:16:06.4663290Z   - Downloading symfony/polyfill-ctype (v1.33.0)
2025-12-04T15:16:06.4665745Z   - Downloading symfony/filesystem (v7.4.0)
2025-12-04T15:16:06.4668607Z   - Downloading psr/http-message (2.0)
2025-12-04T15:16:06.4671584Z   - Downloading mtdowling/jmespath.php (2.8.0)
2025-12-04T15:16:06.4674596Z   - Downloading ralouphie/getallheaders (3.0.3)
2025-12-04T15:16:06.4677008Z   - Downloading psr/http-factory (1.1.0)
2025-12-04T15:16:06.4679796Z   - Downloading guzzlehttp/psr7 (2.8.0)
2025-12-04T15:16:06.4682595Z   - Downloading guzzlehttp/promises (2.3.0)
2025-12-04T15:16:06.4685109Z   - Downloading symfony/deprecation-contracts (v3.6.0)
2025-12-04T15:16:06.4687482Z   - Downloading psr/http-client (1.0.3)
2025-12-04T15:16:06.4689340Z   - Downloading guzzlehttp/guzzle (7.10.0)
2025-12-04T15:16:06.4691688Z   - Downloading aws/aws-crt-php (v1.2.7)
2025-12-04T15:16:06.4693230Z   - Downloading aws/aws-sdk-php (3.366.0)
2025-12-04T15:16:06.4694812Z   - Downloading symfony/finder (v7.4.0)
2025-12-04T15:16:06.4696342Z   - Downloading symfony/var-dumper (v7.4.0)
2025-12-04T15:16:06.4697827Z   - Downloading psr/log (3.0.2)
2025-12-04T15:16:06.4700101Z   - Downloading php-debugbar/php-debugbar (v2.2.4)
2025-12-04T15:16:06.4702540Z   - Downloading voku/portable-ascii (2.0.3)
2025-12-04T15:16:06.4703983Z   - Downloading symfony/polyfill-php80 (v1.33.0)
2025-12-04T15:16:06.4706415Z   - Downloading phpoption/phpoption (1.9.4)
2025-12-04T15:16:06.4708665Z   - Downloading graham-campbell/result-type (v1.1.3)
2025-12-04T15:16:06.4714367Z   - Downloading vlucas/phpdotenv (v5.6.2)
2025-12-04T15:16:06.4715169Z   - Downloading symfony/css-selector (v7.4.0)
2025-12-04T15:16:06.4720712Z   - Downloading tijsverkoyen/css-to-inline-styles (v2.3.0)
2025-12-04T15:16:06.4721614Z   - Downloading symfony/polyfill-uuid (v1.33.0)
2025-12-04T15:16:06.4722111Z   - Downloading symfony/uid (v7.4.0)
2025-12-04T15:16:06.4722560Z   - Downloading symfony/routing (v7.4.0)
2025-12-04T15:16:06.4723037Z   - Downloading symfony/process (v7.4.0)
2025-12-04T15:16:06.4727073Z   - Downloading symfony/polyfill-php85 (v1.33.0)
2025-12-04T15:16:06.4727632Z   - Downloading symfony/polyfill-php84 (v1.33.0)
2025-12-04T15:16:06.4728297Z   - Downloading symfony/polyfill-php83 (v1.33.0)
2025-12-04T15:16:06.4729264Z   - Downloading symfony/polyfill-intl-normalizer (v1.33.0)
2025-12-04T15:16:06.4730774Z   - Downloading symfony/polyfill-intl-idn (v1.33.0)
2025-12-04T15:16:06.4732532Z   - Downloading symfony/mime (v7.4.0)
2025-12-04T15:16:06.4733985Z   - Downloading psr/container (2.0.2)
2025-12-04T15:16:06.4735473Z   - Downloading symfony/service-contracts (v3.6.1)
2025-12-04T15:16:06.4736867Z   - Downloading psr/event-dispatcher (1.0.0)
2025-12-04T15:16:06.4738394Z   - Downloading symfony/event-dispatcher-contracts (v3.6.0)
2025-12-04T15:16:06.4739630Z   - Downloading symfony/event-dispatcher (v7.4.0)
2025-12-04T15:16:06.4741758Z   - Downloading doctrine/lexer (3.0.1)
2025-12-04T15:16:06.4744099Z   - Downloading egulias/email-validator (4.0.4)
2025-12-04T15:16:06.4745016Z   - Downloading symfony/mailer (v7.4.0)
2025-12-04T15:16:06.4746676Z   - Downloading symfony/http-foundation (v7.4.0)
2025-12-04T15:16:06.4748096Z   - Downloading symfony/error-handler (v7.4.0)
2025-12-04T15:16:06.4749526Z   - Downloading symfony/http-kernel (v7.4.0)
2025-12-04T15:16:06.4751032Z   - Downloading symfony/polyfill-intl-grapheme (v1.33.0)
2025-12-04T15:16:06.4752610Z   - Downloading symfony/string (v7.4.0)
2025-12-04T15:16:06.4754056Z   - Downloading symfony/console (v7.4.0)
2025-12-04T15:16:06.4755904Z   - Downloading ramsey/collection (2.1.1)
2025-12-04T15:16:06.4757732Z   - Downloading brick/math (0.14.1)
2025-12-04T15:16:06.4759154Z   - Downloading ramsey/uuid (4.9.1)
2025-12-04T15:16:06.4760593Z   - Downloading psr/simple-cache (3.0.0)
2025-12-04T15:16:06.4762705Z   - Downloading nunomaduro/termwind (v2.3.3)
2025-12-04T15:16:06.4763999Z   - Downloading symfony/translation-contracts (v3.6.1)
2025-12-04T15:16:06.4765404Z   - Downloading symfony/translation (v7.4.0)
2025-12-04T15:16:06.4766744Z   - Downloading psr/clock (1.0.0)
2025-12-04T15:16:06.4768117Z   - Downloading symfony/clock (v7.4.0)
2025-12-04T15:16:06.4769994Z   - Downloading carbonphp/carbon-doctrine-types (2.1.0)
2025-12-04T15:16:06.4772151Z   - Downloading nesbot/carbon (3.11.0)
2025-12-04T15:16:06.4774128Z   - Downloading monolog/monolog (3.9.0)
2025-12-04T15:16:06.4775762Z   - Downloading league/uri-interfaces (7.6.0)
2025-12-04T15:16:06.4777180Z   - Downloading league/uri (7.6.0)
2025-12-04T15:16:06.4778885Z   - Downloading league/mime-type-detection (1.16.0)
2025-12-04T15:16:06.4780520Z   - Downloading league/flysystem-local (3.30.2)
2025-12-04T15:16:06.4782306Z   - Downloading league/flysystem (3.30.2)
2025-12-04T15:16:06.4784116Z   - Downloading nette/utils (v4.1.0)
2025-12-04T15:16:06.4785471Z   - Downloading nette/schema (v1.3.3)
2025-12-04T15:16:06.4787278Z   - Downloading dflydev/dot-access-data (v3.0.3)
2025-12-04T15:16:06.4790673Z   - Downloading league/config (v1.2.0)
2025-12-04T15:16:06.4792258Z   - Downloading league/commonmark (2.8.0)
2025-12-04T15:16:06.4794125Z   - Downloading laravel/serializable-closure (v2.0.7)
2025-12-04T15:16:06.4795439Z   - Downloading laravel/prompts (v0.3.8)
2025-12-04T15:16:06.4796842Z   - Downloading guzzlehttp/uri-template (v1.0.5)
2025-12-04T15:16:06.4798641Z   - Downloading fruitcake/php-cors (v1.4.0)
2025-12-04T15:16:06.4800422Z   - Downloading dragonmantank/cron-expression (v3.6.0)
2025-12-04T15:16:06.4802023Z   - Downloading doctrine/inflector (2.1.0)
2025-12-04T15:16:06.4803411Z   - Downloading laravel/framework (v12.41.1)
2025-12-04T15:16:06.4805200Z   - Downloading barryvdh/laravel-debugbar (v3.16.1)
2025-12-04T15:16:06.4807897Z   - Downloading catfan/medoo (v2.2.0)
2025-12-04T15:16:06.4809797Z   - Downloading league/color-extractor (0.4.0)
2025-12-04T15:16:06.4812074Z   - Downloading claviska/simpleimage (4.4.0)
2025-12-04T15:16:06.4814776Z   - Downloading coldwinds/torrent-rw (v1.1)
2025-12-04T15:16:06.4816813Z   - Downloading dasprid/enum (1.0.7)
2025-12-04T15:16:06.4818384Z   - Downloading psr/cache (3.0.0)
2025-12-04T15:16:06.4820034Z   - Downloading doctrine/event-manager (2.0.1)
2025-12-04T15:16:06.4821677Z   - Downloading doctrine/deprecations (1.1.5)
2025-12-04T15:16:06.4823379Z   - Downloading doctrine/dbal (3.10.4)
2025-12-04T15:16:06.4824981Z   - Downloading php-http/promise (1.3.1)
2025-12-04T15:16:06.4826657Z   - Downloading php-http/httplug (2.4.1)
2025-12-04T15:16:06.4828331Z   - Downloading symfony/polyfill-php82 (v1.33.0)
2025-12-04T15:16:06.4830386Z   - Downloading open-telemetry/context (1.4.0)
2025-12-04T15:16:06.4832184Z   - Downloading open-telemetry/api (1.7.1)
2025-12-04T15:16:06.4834236Z   - Downloading elastic/transport (v8.11.0)
2025-12-04T15:16:06.4842326Z   - Downloading elasticsearch/elasticsearch (v8.19.0)
2025-12-04T15:16:06.4843016Z   - Downloading ezyang/htmlpurifier (v4.19.0)
2025-12-04T15:16:06.4844298Z   - Downloading fakerphp/faker (v1.24.1)
2025-12-04T15:16:06.4844965Z   - Downloading godruoyi/php-snowflake (3.2.1)
2025-12-04T15:16:06.4845450Z   - Downloading paragonie/random_compat (v9.99.100)
2025-12-04T15:16:06.4845994Z   - Downloading paragonie/constant_time_encoding (v3.1.3)
2025-12-04T15:16:06.4848724Z   - Downloading phpseclib/phpseclib (3.0.47)
2025-12-04T15:16:06.4850523Z   - Downloading firebase/php-jwt (v6.11.1)
2025-12-04T15:16:06.4852696Z   - Downloading google/auth (v1.49.0)
2025-12-04T15:16:06.4853975Z   - Downloading google/apiclient-services (v0.422.0)
2025-12-04T15:16:06.4855485Z   - Downloading google/apiclient (v2.15.0)
2025-12-04T15:16:06.4861879Z   - Downloading rize/uri-template (0.4.1)
2025-12-04T15:16:06.4862510Z   - Downloading grpc/grpc (1.74.0)
2025-12-04T15:16:06.4863860Z   - Downloading google/protobuf (v4.33.1)
2025-12-04T15:16:06.4864320Z   - Downloading google/longrunning (0.6.0)
2025-12-04T15:16:06.4865198Z   - Downloading google/grpc-gcp (v0.4.1)
2025-12-04T15:16:06.4865660Z   - Downloading google/common-protos (4.12.4)
2025-12-04T15:16:06.4867058Z   - Downloading google/gax (v1.39.0)
2025-12-04T15:16:06.4868437Z   - Downloading google/cloud-core (v1.68.2)
2025-12-04T15:16:06.4870058Z   - Downloading google/cloud-text-to-speech (v1.12.2)
2025-12-04T15:16:06.4898546Z   - Downloading intervention/gif (4.2.2)
2025-12-04T15:16:06.4899126Z   - Downloading intervention/image (3.11.5)
2025-12-04T15:16:06.4911976Z   - Downloading kitloong/laravel-migrations-generator (v7.2.0)
2025-12-04T15:16:06.4912764Z   - Downloading lcobucci/clock (3.3.1)
2025-12-04T15:16:06.4914128Z   - Downloading lcobucci/jwt (4.3.0)
2025-12-04T15:16:06.4914596Z   - Downloading fig/http-message-util (1.1.5)
2025-12-04T15:16:06.4915033Z   - Downloading beste/clock (3.0.0)
2025-12-04T15:16:06.4915455Z   - Downloading kreait/firebase-tokens (4.3.0)
2025-12-04T15:16:06.4915909Z   - Downloading google/cloud-storage (v1.48.7)
2025-12-04T15:16:06.4916363Z   - Downloading beste/json (1.7.0)
2025-12-04T15:16:06.4916774Z   - Downloading beste/in-memory-cache (1.4.0)
2025-12-04T15:16:06.4917224Z   - Downloading kreait/firebase-php (7.10.0)
2025-12-04T15:16:06.4917706Z   - Downloading lad-lib/common (dev-main 6de8aa5)
2025-12-04T15:16:06.4918181Z   - Downloading lad-lib/laravel (dev-main bb1e0fe)
2025-12-04T15:16:06.4918673Z   - Downloading php-webdriver/webdriver (1.15.2)
2025-12-04T15:16:06.4919111Z   - Downloading laravel/dusk (v8.3.4)
2025-12-04T15:16:06.4919519Z   - Downloading laravel/pint (v1.26.0)
2025-12-04T15:16:06.4919916Z   - Downloading symfony/yaml (v7.4.0)
2025-12-04T15:16:06.4920310Z   - Downloading laravel/sail (v1.50.0)
2025-12-04T15:16:06.4920721Z   - Downloading laravel/sanctum (v4.2.1)
2025-12-04T15:16:06.4921289Z   - Downloading league/oauth1-client (v1.11.0)
2025-12-04T15:16:06.4921747Z   - Downloading laravel/socialite (v5.23.2)
2025-12-04T15:16:06.4922155Z   - Downloading nikic/php-parser (v5.6.2)
2025-12-04T15:16:06.4922576Z   - Downloading psy/psysh (v0.12.15)
2025-12-04T15:16:06.4922976Z   - Downloading laravel/tinker (v2.10.2)
2025-12-04T15:16:06.4923405Z   - Downloading league/flysystem-ftp (3.29.0)
2025-12-04T15:16:06.4923842Z   - Downloading hamcrest/hamcrest-php (v2.1.1)
2025-12-04T15:16:06.4924283Z   - Downloading mockery/mockery (1.6.12)
2025-12-04T15:16:06.4924704Z   - Downloading mongodb/mongodb (1.21.3)
2025-12-04T15:16:06.4925120Z   - Downloading mongodb/laravel-mongodb (5.5.0)
2025-12-04T15:16:06.4925554Z   - Downloading setasign/fpdi (v2.6.4)
2025-12-04T15:16:06.4925957Z   - Downloading myclabs/deep-copy (1.13.4)
2025-12-04T15:16:06.4927595Z   - Downloading mpdf/psr-log-aware-trait (v3.0.0)
2025-12-04T15:16:06.4928969Z   - Downloading mpdf/psr-http-message-shim (v2.0.1)
2025-12-04T15:16:06.4929467Z   - Downloading mpdf/mpdf (v8.2.7)
2025-12-04T15:16:06.4930974Z   - Downloading nekland/tools (2.6.2)
2025-12-04T15:16:06.4935645Z   - Downloading filp/whoops (2.18.4)
2025-12-04T15:16:06.4936084Z   - Downloading nunomaduro/collision (v8.6.0)
2025-12-04T15:16:06.4936788Z   - Downloading phpmailer/phpmailer (v6.12.0)
2025-12-04T15:16:06.4941518Z   - Downloading markbaker/matrix (3.0.1)
2025-12-04T15:16:06.4942602Z   - Downloading markbaker/complex (3.0.2)
2025-12-04T15:16:06.4944876Z   - Downloading maennchen/zipstream-php (3.1.2)
2025-12-04T15:16:06.4946517Z   - Downloading composer/pcre (3.3.2)
2025-12-04T15:16:06.4948819Z   - Downloading phpoffice/phpspreadsheet (3.10.2)
2025-12-04T15:16:06.4950438Z   - Downloading phpoffice/math (0.3.0)
2025-12-04T15:16:06.4953129Z   - Downloading phpoffice/phpword (1.4.0)
2025-12-04T15:16:06.4955204Z   - Downloading staabm/side-effects-detector (1.0.5)
2025-12-04T15:16:06.4956671Z   - Downloading sebastian/version (5.0.2)
2025-12-04T15:16:06.4958158Z   - Downloading sebastian/type (5.1.3)
2025-12-04T15:16:06.4959609Z   - Downloading sebastian/recursion-context (6.0.3)
2025-12-04T15:16:06.4962624Z   - Downloading sebastian/object-reflector (4.0.1)
2025-12-04T15:16:06.4963328Z   - Downloading sebastian/object-enumerator (6.0.1)
2025-12-04T15:16:06.4964392Z   - Downloading sebastian/global-state (7.0.2)
2025-12-04T15:16:06.4965989Z   - Downloading sebastian/exporter (6.3.2)
2025-12-04T15:16:06.4968930Z   - Downloading sebastian/environment (7.2.1)
2025-12-04T15:16:06.4969568Z   - Downloading sebastian/diff (6.0.2)
2025-12-04T15:16:06.4970344Z   - Downloading sebastian/comparator (6.3.2)
2025-12-04T15:16:06.4973053Z   - Downloading sebastian/code-unit (3.0.3)
2025-12-04T15:16:06.4974950Z   - Downloading sebastian/cli-parser (3.0.2)
2025-12-04T15:16:06.4976236Z   - Downloading phpunit/php-timer (7.0.1)
2025-12-04T15:16:06.4977791Z   - Downloading phpunit/php-text-template (4.0.1)
2025-12-04T15:16:06.4979203Z   - Downloading phpunit/php-invoker (5.0.1)
2025-12-04T15:16:06.4982522Z   - Downloading phpunit/php-file-iterator (5.1.0)
2025-12-04T15:16:06.4983290Z   - Downloading theseer/tokenizer (1.3.1)
2025-12-04T15:16:06.4984522Z   - Downloading sebastian/lines-of-code (3.0.1)
2025-12-04T15:16:06.4987321Z   - Downloading sebastian/complexity (4.0.1)
2025-12-04T15:16:06.4988042Z   - Downloading sebastian/code-unit-reverse-lookup (4.0.1)
2025-12-04T15:16:06.4988992Z   - Downloading phpunit/php-code-coverage (11.0.11)
2025-12-04T15:16:06.4990795Z   - Downloading phar-io/version (3.2.1)
2025-12-04T15:16:06.4992660Z   - Downloading phar-io/manifest (2.0.4)
2025-12-04T15:16:06.4994251Z   - Downloading phpunit/phpunit (11.5.45)
2025-12-04T15:16:06.4996696Z   - Downloading picqer/php-barcode-generator (v2.4.2)
2025-12-04T15:16:06.4999569Z   - Downloading predis/predis (v2.4.1)
2025-12-04T15:16:06.5000264Z   - Downloading paragonie/sodium_compat (v2.4.0)
2025-12-04T15:16:06.5002287Z   - Downloading pusher/pusher-php-server (7.2.7)
2025-12-04T15:16:06.5004475Z   - Downloading sabre/uri (2.3.4)
2025-12-04T15:16:06.5007520Z   - Downloading sabre/xml (2.2.11)
2025-12-04T15:16:06.5008112Z   - Downloading sabre/vobject (4.5.7)
2025-12-04T15:16:06.5008886Z   - Downloading sabre/event (5.1.7)
2025-12-04T15:16:06.5011606Z   - Downloading sabre/http (5.1.13)
2025-12-04T15:16:06.5012496Z   - Downloading sabre/dav (4.7.0)
2025-12-04T15:16:06.5015220Z   - Downloading bacon/bacon-qr-code (2.0.8)
2025-12-04T15:16:06.5017664Z   - Downloading simplesoftwareio/simple-qrcode (4.2.0)
2025-12-04T15:16:06.5019469Z   - Downloading spatie/error-solutions (1.1.3)
2025-12-04T15:16:06.5021065Z   - Downloading spatie/backtrace (1.8.1)
2025-12-04T15:16:06.5022759Z   - Downloading spatie/flare-client-php (1.10.1)
2025-12-04T15:16:06.5024300Z   - Downloading spatie/temporary-directory (2.3.0)
2025-12-04T15:16:06.5025902Z   - Downloading spatie/laravel-package-tools (1.92.7)
2025-12-04T15:16:06.5028116Z   - Downloading spatie/laravel-signal-aware-command (2.1.1)
2025-12-04T15:16:06.5028766Z   - Downloading spatie/db-dumper (3.8.1)
2025-12-04T15:16:06.5030528Z   - Downloading spatie/laravel-backup (9.3.6)
2025-12-04T15:16:06.5032038Z   - Downloading spatie/ignition (1.15.1)
2025-12-04T15:16:06.5033676Z   - Downloading spatie/laravel-ignition (2.9.1)
2025-12-04T15:16:06.5035217Z   - Downloading spatie/laravel-translatable (6.11.4)
2025-12-04T15:16:06.5038400Z   - Downloading stichoza/google-translate-php (v5.3.1)
2025-12-04T15:16:06.5039210Z   - Downloading sunra/php-simple-html-dom-parser (v1.5.2)
2025-12-04T15:16:06.5042220Z   - Downloading thiagoalessio/tesseract_ocr (2.13.0)
2025-12-04T15:16:06.5044442Z   - Downloading tymon/jwt-auth (2.2.1)
2025-12-04T15:16:06.5046049Z   - Downloading workerman/workerman (v4.2.1)
2025-12-04T15:16:06.5048187Z   - Downloading zaloplatform/zalo-php-sdk (4.0.4)
2025-12-04T15:16:11.2181995Z   - Installing php-http/discovery (1.20.0): Extracting archive
2025-12-04T15:16:11.2489830Z   - Installing andyabih/laravel-to-uml (1.0.3): Extracting archive
2025-12-04T15:16:11.2513756Z   - Installing symfony/polyfill-mbstring (v1.33.0): Extracting archive
2025-12-04T15:16:11.2539458Z   - Installing symfony/polyfill-ctype (v1.33.0): Extracting archive
2025-12-04T15:16:11.2571747Z   - Installing symfony/filesystem (v7.4.0): Extracting archive
2025-12-04T15:16:11.2602672Z   - Installing psr/http-message (2.0): Extracting archive
2025-12-04T15:16:11.2629903Z   - Installing mtdowling/jmespath.php (2.8.0): Extracting archive
2025-12-04T15:16:11.2660691Z   - Installing ralouphie/getallheaders (3.0.3): Extracting archive
2025-12-04T15:16:11.2692507Z   - Installing psr/http-factory (1.1.0): Extracting archive
2025-12-04T15:16:11.2724594Z   - Installing guzzlehttp/psr7 (2.8.0): Extracting archive
2025-12-04T15:16:11.2754851Z   - Installing guzzlehttp/promises (2.3.0): Extracting archive
2025-12-04T15:16:11.2786137Z   - Installing symfony/deprecation-contracts (v3.6.0): Extracting archive
2025-12-04T15:16:11.2790072Z   - Installing psr/http-client (1.0.3): Extracting archive
2025-12-04T15:16:11.2793168Z   - Installing guzzlehttp/guzzle (7.10.0): Extracting archive
2025-12-04T15:16:11.2796362Z   - Installing aws/aws-crt-php (v1.2.7): Extracting archive
2025-12-04T15:16:11.2799603Z   - Installing aws/aws-sdk-php (3.366.0): Extracting archive
2025-12-04T15:16:11.2802359Z   - Installing symfony/finder (v7.4.0): Extracting archive
2025-12-04T15:16:11.2805648Z   - Installing symfony/var-dumper (v7.4.0): Extracting archive
2025-12-04T15:16:11.2808942Z   - Installing psr/log (3.0.2): Extracting archive
2025-12-04T15:16:11.2812270Z   - Installing php-debugbar/php-debugbar (v2.2.4): Extracting archive
2025-12-04T15:16:11.2815790Z   - Installing voku/portable-ascii (2.0.3): Extracting archive
2025-12-04T15:16:11.2818998Z   - Installing symfony/polyfill-php80 (v1.33.0): Extracting archive
2025-12-04T15:16:11.2822553Z   - Installing phpoption/phpoption (1.9.4): Extracting archive
2025-12-04T15:16:11.2825496Z   - Installing graham-campbell/result-type (v1.1.3): Extracting archive
2025-12-04T15:16:11.2828670Z   - Installing vlucas/phpdotenv (v5.6.2): Extracting archive
2025-12-04T15:16:11.2832084Z   - Installing symfony/css-selector (v7.4.0): Extracting archive
2025-12-04T15:16:11.2839996Z   - Installing tijsverkoyen/css-to-inline-styles (v2.3.0): Extracting archive
2025-12-04T15:16:11.2840734Z   - Installing symfony/polyfill-uuid (v1.33.0): Extracting archive
2025-12-04T15:16:11.2842922Z   - Installing symfony/uid (v7.4.0): Extracting archive
2025-12-04T15:16:11.2843870Z   - Installing symfony/routing (v7.4.0): Extracting archive
2025-12-04T15:16:11.2846542Z   - Installing symfony/process (v7.4.0): Extracting archive
2025-12-04T15:16:11.2849490Z   - Installing symfony/polyfill-php85 (v1.33.0): Extracting archive
2025-12-04T15:16:11.2852605Z   - Installing symfony/polyfill-php84 (v1.33.0): Extracting archive
2025-12-04T15:16:11.2854818Z   - Installing symfony/polyfill-php83 (v1.33.0): Extracting archive
2025-12-04T15:16:11.2857368Z   - Installing symfony/polyfill-intl-normalizer (v1.33.0): Extracting archive
2025-12-04T15:16:11.2859753Z   - Installing symfony/polyfill-intl-idn (v1.33.0): Extracting archive
2025-12-04T15:16:11.2862381Z   - Installing symfony/mime (v7.4.0): Extracting archive
2025-12-04T15:16:11.2864800Z   - Installing psr/container (2.0.2): Extracting archive
2025-12-04T15:16:11.2867261Z   - Installing symfony/service-contracts (v3.6.1): Extracting archive
2025-12-04T15:16:11.2869947Z   - Installing psr/event-dispatcher (1.0.0): Extracting archive
2025-12-04T15:16:11.2872663Z   - Installing symfony/event-dispatcher-contracts (v3.6.0): Extracting archive
2025-12-04T15:16:11.2874988Z   - Installing symfony/event-dispatcher (v7.4.0): Extracting archive
2025-12-04T15:16:11.2877361Z   - Installing doctrine/lexer (3.0.1): Extracting archive
2025-12-04T15:16:11.2879870Z   - Installing egulias/email-validator (4.0.4): Extracting archive
2025-12-04T15:16:11.2882420Z   - Installing symfony/mailer (v7.4.0): Extracting archive
2025-12-04T15:16:11.2884868Z   - Installing symfony/http-foundation (v7.4.0): Extracting archive
2025-12-04T15:16:11.2887113Z   - Installing symfony/error-handler (v7.4.0): Extracting archive
2025-12-04T15:16:11.2889410Z   - Installing symfony/http-kernel (v7.4.0): Extracting archive
2025-12-04T15:16:11.2892570Z   - Installing symfony/polyfill-intl-grapheme (v1.33.0): Extracting archive
2025-12-04T15:16:11.2894897Z   - Installing symfony/string (v7.4.0): Extracting archive
2025-12-04T15:16:11.2897155Z   - Installing symfony/console (v7.4.0): Extracting archive
2025-12-04T15:16:11.2899458Z   - Installing ramsey/collection (2.1.1): Extracting archive
2025-12-04T15:16:11.2901983Z   - Installing brick/math (0.14.1): Extracting archive
2025-12-04T15:16:11.2904312Z   - Installing ramsey/uuid (4.9.1): Extracting archive
2025-12-04T15:16:11.2906685Z   - Installing psr/simple-cache (3.0.0): Extracting archive
2025-12-04T15:16:11.2909004Z   - Installing nunomaduro/termwind (v2.3.3): Extracting archive
2025-12-04T15:16:11.2911487Z   - Installing symfony/translation-contracts (v3.6.1): Extracting archive
2025-12-04T15:16:11.2913760Z   - Installing symfony/translation (v7.4.0): Extracting archive
2025-12-04T15:16:11.2915983Z   - Installing psr/clock (1.0.0): Extracting archive
2025-12-04T15:16:11.2918210Z   - Installing symfony/clock (v7.4.0): Extracting archive
2025-12-04T15:16:11.2920627Z   - Installing carbonphp/carbon-doctrine-types (2.1.0): Extracting archive
2025-12-04T15:16:11.2923212Z   - Installing nesbot/carbon (3.11.0): Extracting archive
2025-12-04T15:16:11.2925638Z   - Installing monolog/monolog (3.9.0): Extracting archive
2025-12-04T15:16:11.2928085Z   - Installing league/uri-interfaces (7.6.0): Extracting archive
2025-12-04T15:16:11.2930424Z   - Installing league/uri (7.6.0): Extracting archive
2025-12-04T15:16:11.2933546Z   - Installing league/mime-type-detection (1.16.0): Extracting archive
2025-12-04T15:16:11.2936227Z   - Installing league/flysystem-local (3.30.2): Extracting archive
2025-12-04T15:16:11.2938788Z   - Installing league/flysystem (3.30.2): Extracting archive
2025-12-04T15:16:11.2941519Z   - Installing nette/utils (v4.1.0): Extracting archive
2025-12-04T15:16:11.2944004Z   - Installing nette/schema (v1.3.3): Extracting archive
2025-12-04T15:16:11.2946614Z   - Installing dflydev/dot-access-data (v3.0.3): Extracting archive
2025-12-04T15:16:11.2949200Z   - Installing league/config (v1.2.0): Extracting archive
2025-12-04T15:16:11.2952123Z   - Installing league/commonmark (2.8.0): Extracting archive
2025-12-04T15:16:11.2954854Z   - Installing laravel/serializable-closure (v2.0.7): Extracting archive
2025-12-04T15:16:11.2957460Z   - Installing laravel/prompts (v0.3.8): Extracting archive
2025-12-04T15:16:11.2960138Z   - Installing guzzlehttp/uri-template (v1.0.5): Extracting archive
2025-12-04T15:16:11.2963057Z   - Installing fruitcake/php-cors (v1.4.0): Extracting archive
2025-12-04T15:16:11.2965827Z   - Installing dragonmantank/cron-expression (v3.6.0): Extracting archive
2025-12-04T15:16:11.2968468Z   - Installing doctrine/inflector (2.1.0): Extracting archive
2025-12-04T15:16:11.2971008Z   - Installing laravel/framework (v12.41.1): Extracting archive
2025-12-04T15:16:11.2973832Z   - Installing barryvdh/laravel-debugbar (v3.16.1): Extracting archive
2025-12-04T15:16:11.2976407Z   - Installing catfan/medoo (v2.2.0): Extracting archive
2025-12-04T15:16:11.2979092Z   - Installing league/color-extractor (0.4.0): Extracting archive
2025-12-04T15:16:11.2982029Z   - Installing claviska/simpleimage (4.4.0): Extracting archive
2025-12-04T15:16:11.2984485Z   - Installing coldwinds/torrent-rw (v1.1): Extracting archive
2025-12-04T15:16:11.2987089Z   - Installing dasprid/enum (1.0.7): Extracting archive
2025-12-04T15:16:11.2989645Z   - Installing psr/cache (3.0.0): Extracting archive
2025-12-04T15:16:11.2992333Z   - Installing doctrine/event-manager (2.0.1): Extracting archive
2025-12-04T15:16:11.2994934Z   - Installing doctrine/deprecations (1.1.5): Extracting archive
2025-12-04T15:16:11.2997303Z   - Installing doctrine/dbal (3.10.4): Extracting archive
2025-12-04T15:16:11.2999992Z   - Installing php-http/promise (1.3.1): Extracting archive
2025-12-04T15:16:11.3002781Z   - Installing php-http/httplug (2.4.1): Extracting archive
2025-12-04T15:16:11.3005337Z   - Installing symfony/polyfill-php82 (v1.33.0): Extracting archive
2025-12-04T15:16:11.3007932Z   - Installing open-telemetry/context (1.4.0): Extracting archive
2025-12-04T15:16:11.3010594Z   - Installing open-telemetry/api (1.7.1): Extracting archive
2025-12-04T15:16:11.3013341Z   - Installing elastic/transport (v8.11.0): Extracting archive
2025-12-04T15:16:11.3016034Z   - Installing elasticsearch/elasticsearch (v8.19.0): Extracting archive
2025-12-04T15:16:11.3018632Z   - Installing ezyang/htmlpurifier (v4.19.0): Extracting archive
2025-12-04T15:16:11.3021432Z   - Installing fakerphp/faker (v1.24.1): Extracting archive
2025-12-04T15:16:11.3024121Z   - Installing godruoyi/php-snowflake (3.2.1): Extracting archive
2025-12-04T15:16:11.3026725Z   - Installing paragonie/random_compat (v9.99.100): Extracting archive
2025-12-04T15:16:11.3029439Z   - Installing paragonie/constant_time_encoding (v3.1.3): Extracting archive
2025-12-04T15:16:11.3032287Z   - Installing phpseclib/phpseclib (3.0.47): Extracting archive
2025-12-04T15:16:11.3034826Z   - Installing firebase/php-jwt (v6.11.1): Extracting archive
2025-12-04T15:16:11.3037406Z   - Installing google/auth (v1.49.0): Extracting archive
2025-12-04T15:16:11.3040091Z   - Installing google/apiclient-services (v0.422.0): Extracting archive
2025-12-04T15:16:11.3042863Z   - Installing google/apiclient (v2.15.0): Extracting archive
2025-12-04T15:16:11.3045312Z   - Installing rize/uri-template (0.4.1): Extracting archive
2025-12-04T15:16:11.3047958Z   - Installing grpc/grpc (1.74.0): Extracting archive
2025-12-04T15:16:11.3050686Z   - Installing google/protobuf (v4.33.1): Extracting archive
2025-12-04T15:16:11.3053633Z   - Installing google/longrunning (0.6.0): Extracting archive
2025-12-04T15:16:11.3056244Z   - Installing google/grpc-gcp (v0.4.1): Extracting archive
2025-12-04T15:16:11.3058892Z   - Installing google/common-protos (4.12.4): Extracting archive
2025-12-04T15:16:11.3061581Z   - Installing google/gax (v1.39.0): Extracting archive
2025-12-04T15:16:11.3064209Z   - Installing google/cloud-core (v1.68.2): Extracting archive
2025-12-04T15:16:11.3066752Z   - Installing google/cloud-text-to-speech (v1.12.2): Extracting archive
2025-12-04T15:16:11.3069264Z   - Installing intervention/gif (4.2.2): Extracting archive
2025-12-04T15:16:11.3071862Z   - Installing intervention/image (3.11.5): Extracting archive
2025-12-04T15:16:11.3074937Z   - Installing kitloong/laravel-migrations-generator (v7.2.0): Extracting archive
2025-12-04T15:16:11.3077582Z   - Installing lcobucci/clock (3.3.1): Extracting archive
2025-12-04T15:16:11.3080400Z   - Installing lcobucci/jwt (4.3.0): Extracting archive
2025-12-04T15:16:11.3083062Z   - Installing fig/http-message-util (1.1.5): Extracting archive
2025-12-04T15:16:11.3085425Z   - Installing beste/clock (3.0.0): Extracting archive
2025-12-04T15:16:11.3087897Z   - Installing kreait/firebase-tokens (4.3.0): Extracting archive
2025-12-04T15:16:11.3090190Z   - Installing google/cloud-storage (v1.48.7): Extracting archive
2025-12-04T15:16:11.3092793Z   - Installing beste/json (1.7.0): Extracting archive
2025-12-04T15:16:11.3095215Z   - Installing beste/in-memory-cache (1.4.0): Extracting archive
2025-12-04T15:16:11.3097869Z   - Installing kreait/firebase-php (7.10.0): Extracting archive
2025-12-04T15:16:11.3101015Z   - Installing lad-lib/common (dev-main 6de8aa5): Extracting archive
2025-12-04T15:16:11.3103985Z   - Installing lad-lib/laravel (dev-main bb1e0fe): Extracting archive
2025-12-04T15:16:11.3106448Z   - Installing php-webdriver/webdriver (1.15.2): Extracting archive
2025-12-04T15:16:11.3109019Z   - Installing laravel/dusk (v8.3.4): Extracting archive
2025-12-04T15:16:11.3111602Z   - Installing laravel/pint (v1.26.0): Extracting archive
2025-12-04T15:16:11.3114207Z   - Installing symfony/yaml (v7.4.0): Extracting archive
2025-12-04T15:16:11.3116654Z   - Installing laravel/sail (v1.50.0): Extracting archive
2025-12-04T15:16:11.3119091Z   - Installing laravel/sanctum (v4.2.1): Extracting archive
2025-12-04T15:16:11.3121644Z   - Installing league/oauth1-client (v1.11.0): Extracting archive
2025-12-04T15:16:11.3124180Z   - Installing laravel/socialite (v5.23.2): Extracting archive
2025-12-04T15:16:11.3126621Z   - Installing nikic/php-parser (v5.6.2): Extracting archive
2025-12-04T15:16:11.3128979Z   - Installing psy/psysh (v0.12.15): Extracting archive
2025-12-04T15:16:11.3131460Z   - Installing laravel/tinker (v2.10.2): Extracting archive
2025-12-04T15:16:11.3133889Z   - Installing league/flysystem-ftp (3.29.0): Extracting archive
2025-12-04T15:16:11.3136184Z   - Installing hamcrest/hamcrest-php (v2.1.1): Extracting archive
2025-12-04T15:16:11.3138616Z   - Installing mockery/mockery (1.6.12): Extracting archive
2025-12-04T15:16:11.3141051Z   - Installing mongodb/mongodb (1.21.3): Extracting archive
2025-12-04T15:16:11.3143514Z   - Installing mongodb/laravel-mongodb (5.5.0): Extracting archive
2025-12-04T15:16:11.3145912Z   - Installing setasign/fpdi (v2.6.4): Extracting archive
2025-12-04T15:16:11.3148491Z   - Installing myclabs/deep-copy (1.13.4): Extracting archive
2025-12-04T15:16:11.3150885Z   - Installing mpdf/psr-log-aware-trait (v3.0.0): Extracting archive
2025-12-04T15:16:11.3153495Z   - Installing mpdf/psr-http-message-shim (v2.0.1): Extracting archive
2025-12-04T15:16:11.3155838Z   - Installing mpdf/mpdf (v8.2.7): Extracting archive
2025-12-04T15:16:11.3158421Z   - Installing nekland/tools (2.6.2): Extracting archive
2025-12-04T15:16:11.3160710Z   - Installing filp/whoops (2.18.4): Extracting archive
2025-12-04T15:16:11.3163297Z   - Installing nunomaduro/collision (v8.6.0): Extracting archive
2025-12-04T15:16:11.3165737Z   - Installing phpmailer/phpmailer (v6.12.0): Extracting archive
2025-12-04T15:16:11.3168068Z   - Installing markbaker/matrix (3.0.1): Extracting archive
2025-12-04T15:16:11.3170381Z   - Installing markbaker/complex (3.0.2): Extracting archive
2025-12-04T15:16:11.3173038Z   - Installing maennchen/zipstream-php (3.1.2): Extracting archive
2025-12-04T15:16:11.3175449Z   - Installing composer/pcre (3.3.2): Extracting archive
2025-12-04T15:16:11.3177758Z   - Installing phpoffice/phpspreadsheet (3.10.2): Extracting archive
2025-12-04T15:16:11.3180089Z   - Installing phpoffice/math (0.3.0): Extracting archive
2025-12-04T15:16:11.3182701Z   - Installing phpoffice/phpword (1.4.0): Extracting archive
2025-12-04T15:16:11.3185273Z   - Installing staabm/side-effects-detector (1.0.5): Extracting archive
2025-12-04T15:16:11.3187768Z   - Installing sebastian/version (5.0.2): Extracting archive
2025-12-04T15:16:11.3190313Z   - Installing sebastian/type (5.1.3): Extracting archive
2025-12-04T15:16:11.3192936Z   - Installing sebastian/recursion-context (6.0.3): Extracting archive
2025-12-04T15:16:11.3195220Z   - Installing sebastian/object-reflector (4.0.1): Extracting archive
2025-12-04T15:16:11.3197519Z   - Installing sebastian/object-enumerator (6.0.1): Extracting archive
2025-12-04T15:16:11.3199955Z   - Installing sebastian/global-state (7.0.2): Extracting archive
2025-12-04T15:16:11.3202513Z   - Installing sebastian/exporter (6.3.2): Extracting archive
2025-12-04T15:16:11.3204839Z   - Installing sebastian/environment (7.2.1): Extracting archive
2025-12-04T15:16:11.3207128Z   - Installing sebastian/diff (6.0.2): Extracting archive
2025-12-04T15:16:11.3209789Z   - Installing sebastian/comparator (6.3.2): Extracting archive
2025-12-04T15:16:11.3212097Z   - Installing sebastian/code-unit (3.0.3): Extracting archive
2025-12-04T15:16:11.3214469Z   - Installing sebastian/cli-parser (3.0.2): Extracting archive
2025-12-04T15:16:11.3216743Z   - Installing phpunit/php-timer (7.0.1): Extracting archive
2025-12-04T15:16:11.3219227Z   - Installing phpunit/php-text-template (4.0.1): Extracting archive
2025-12-04T15:16:11.3221614Z   - Installing phpunit/php-invoker (5.0.1): Extracting archive
2025-12-04T15:16:11.3223928Z   - Installing phpunit/php-file-iterator (5.1.0): Extracting archive
2025-12-04T15:16:11.3226354Z   - Installing theseer/tokenizer (1.3.1): Extracting archive
2025-12-04T15:16:11.3228747Z   - Installing sebastian/lines-of-code (3.0.1): Extracting archive
2025-12-04T15:16:11.3231095Z   - Installing sebastian/complexity (4.0.1): Extracting archive
2025-12-04T15:16:11.3233751Z   - Installing sebastian/code-unit-reverse-lookup (4.0.1): Extracting archive
2025-12-04T15:16:11.3235946Z   - Installing phpunit/php-code-coverage (11.0.11): Extracting archive
2025-12-04T15:16:11.3238255Z   - Installing phar-io/version (3.2.1): Extracting archive
2025-12-04T15:16:11.3240721Z   - Installing phar-io/manifest (2.0.4): Extracting archive
2025-12-04T15:16:11.3243208Z   - Installing phpunit/phpunit (11.5.45): Extracting archive
2025-12-04T15:16:11.3245641Z   - Installing picqer/php-barcode-generator (v2.4.2): Extracting archive
2025-12-04T15:16:11.3247857Z   - Installing predis/predis (v2.4.1): Extracting archive
2025-12-04T15:16:11.3250403Z   - Installing paragonie/sodium_compat (v2.4.0): Extracting archive
2025-12-04T15:16:11.3253046Z   - Installing pusher/pusher-php-server (7.2.7): Extracting archive
2025-12-04T15:16:11.3255501Z   - Installing sabre/uri (2.3.4): Extracting archive
2025-12-04T15:16:11.3257901Z   - Installing sabre/xml (2.2.11): Extracting archive
2025-12-04T15:16:11.3260302Z   - Installing sabre/vobject (4.5.7): Extracting archive
2025-12-04T15:16:11.3264706Z   - Installing sabre/event (5.1.7): Extracting archive
2025-12-04T15:16:11.3266873Z   - Installing sabre/http (5.1.13): Extracting archive
2025-12-04T15:16:11.3268960Z   - Installing sabre/dav (4.7.0): Extracting archive
2025-12-04T15:16:11.3271075Z   - Installing bacon/bacon-qr-code (2.0.8): Extracting archive
2025-12-04T15:16:11.3273501Z   - Installing simplesoftwareio/simple-qrcode (4.2.0): Extracting archive
2025-12-04T15:16:11.3275696Z   - Installing spatie/error-solutions (1.1.3): Extracting archive
2025-12-04T15:16:11.3277795Z   - Installing spatie/backtrace (1.8.1): Extracting archive
2025-12-04T15:16:11.3279903Z   - Installing spatie/flare-client-php (1.10.1): Extracting archive
2025-12-04T15:16:11.3282436Z   - Installing spatie/temporary-directory (2.3.0): Extracting archive
2025-12-04T15:16:11.3284706Z   - Installing spatie/laravel-package-tools (1.92.7): Extracting archive
2025-12-04T15:16:11.3286945Z   - Installing spatie/laravel-signal-aware-command (2.1.1): Extracting archive
2025-12-04T15:16:11.3289034Z   - Installing spatie/db-dumper (3.8.1): Extracting archive
2025-12-04T15:16:11.3291277Z   - Installing spatie/laravel-backup (9.3.6): Extracting archive
2025-12-04T15:16:11.3293515Z   - Installing spatie/ignition (1.15.1): Extracting archive
2025-12-04T15:16:11.3295634Z   - Installing spatie/laravel-ignition (2.9.1): Extracting archive
2025-12-04T15:16:11.3297771Z   - Installing spatie/laravel-translatable (6.11.4): Extracting archive
2025-12-04T15:16:11.3299891Z   - Installing stichoza/google-translate-php (v5.3.1): Extracting archive
2025-12-04T15:16:11.3302351Z   - Installing sunra/php-simple-html-dom-parser (v1.5.2): Extracting archive
2025-12-04T15:16:11.3304591Z   - Installing thiagoalessio/tesseract_ocr (2.13.0): Extracting archive
2025-12-04T15:16:11.3306723Z   - Installing tymon/jwt-auth (2.2.1): Extracting archive
2025-12-04T15:16:11.3308927Z   - Installing workerman/workerman (v4.2.1): Extracting archive
2025-12-04T15:16:11.3311100Z   - Installing zaloplatform/zalo-php-sdk (4.0.4): Extracting archive
2025-12-04T15:16:16.1222166Z Generating optimized autoload files
2025-12-04T15:16:21.7103813Z Class new4STest located in ./tests/Feature/new4STest.php does not comply with psr-4 autoloading standard (rule: Tests\ => ./tests). Skipping.
2025-12-04T15:16:21.7105583Z Class Api4S2Test located in ./tests/Feature/Api4S2Test.php does not comply with psr-4 autoloading standard (rule: Tests\ => ./tests). Skipping.
2025-12-04T15:16:21.7107685Z Class ApiUploadFileTest located in ./tests/Feature/ApiUploadFileTest.php does not comply with psr-4 autoloading standard (rule: Tests\ => ./tests). Skipping.
2025-12-04T15:16:21.7109024Z Class Tests\Feature\_NeedTest located in ./tests/_NeedTest.php does not comply with psr-4 autoloading standard (rule: Tests\ => ./tests). Skipping.
2025-12-04T15:16:21.7110351Z Class Tests\Feature\DemoTreeFolderTest located in ./tests/Browser/DemoTreeFolderTest.php does not comply with psr-4 autoloading standard (rule: Tests\ => ./tests). Skipping.
2025-12-04T15:16:21.7112611Z Class Tests\Feature\DemoTableUploadImageTest located in ./tests/Browser/DemoTableUploadImageTest.php does not comply with psr-4 autoloading standard (rule: Tests\ => ./tests). Skipping.
2025-12-04T15:16:21.7114241Z Class Tests\Feature\DemoTableAddTest located in ./tests/Browser/DemoTableAddTest.php does not comply with psr-4 autoloading standard (rule: Tests\ => ./tests). Skipping.
2025-12-04T15:16:21.7115373Z Class Tests\Feature\Product1Test located in ./tests/Browser/Product1Test.php does not comply with psr-4 autoloading standard (rule: Tests\ => ./tests). Skipping.
2025-12-04T15:16:21.7116523Z Class Tests\Feature\DemoTableEditTest located in ./tests/Browser/DemoTableEditTest.php does not comply with psr-4 autoloading standard (rule: Tests\ => ./tests). Skipping.
2025-12-04T15:16:21.7117680Z Class Tests\Feature\UserTableTest located in ./tests/Browser/UserTableTest.php does not comply with psr-4 autoloading standard (rule: Tests\ => ./tests). Skipping.
2025-12-04T15:16:21.7118951Z Class Tests\Feature\DemoTableFilterSearchTest located in ./tests/Browser/DemoTableFilterSearchTest.php does not comply with psr-4 autoloading standard (rule: Tests\ => ./tests). Skipping.
2025-12-04T15:16:21.7120105Z Class Tests\Feature\DemoTableTest located in ./tests/Browser/sampleok1.php does not comply with psr-4 autoloading standard (rule: Tests\ => ./tests). Skipping.
2025-12-04T15:16:21.7121306Z Class Tests\Feature\DemoTableValidationTest located in ./tests/Browser/DemoTableValidationTest.php does not comply with psr-4 autoloading standard (rule: Tests\ => ./tests). Skipping.
2025-12-04T15:16:21.7122372Z Class Tests\Feature\FileFolderTest located in ./tests/Browser/FileFolderTest.php does not comply with psr-4 autoloading standard (rule: Tests\ => ./tests). Skipping.
2025-12-04T15:16:21.7123325Z Class Tests\Feature\CacheMetaTest located in ./tests/Browser/CacheMetaTest.php does not comply with psr-4 autoloading standard (rule: Tests\ => ./tests). Skipping.
2025-12-04T15:16:21.7124250Z Class Tests\Feature\MenuTest located in ./tests/Browser/MenuTest.php does not comply with psr-4 autoloading standard (rule: Tests\ => ./tests). Skipping.
2025-12-04T15:16:21.7125161Z Class Tests\Feature\DemoTableTest located in ./tests/Browser/DemoTableTest.php does not comply with psr-4 autoloading standard (rule: Tests\ => ./tests). Skipping.
2025-12-04T15:16:21.7126129Z Class Tests\Feature\DbPermissionTest located in ./tests/Browser/DbPermissionTest.php does not comply with psr-4 autoloading standard (rule: Tests\ => ./tests). Skipping.
2025-12-04T15:16:21.7127225Z Class Tests\Feature\DemoTableDeleteUnDeleteTest located in ./tests/Browser/DemoTableDeleteUnDeleteTest.php does not comply with psr-4 autoloading standard (rule: Tests\ => ./tests). Skipping.
2025-12-04T15:16:21.7128305Z Class Tests\Feature\ExportApiTest located in ./tests/Browser/ExportApiTest.php does not comply with psr-4 autoloading standard (rule: Tests\ => ./tests). Skipping.
2025-12-04T15:16:21.7129443Z Class Tests\Feature\MyTreeTest located in ./tests/Browser/MyTreeTest.php does not comply with psr-4 autoloading standard (rule: Tests\ => ./tests). Skipping.
2025-12-04T15:16:21.7130513Z Class Tests\Feature\MemberAccessSomeUrlTest located in ./tests/Browser/MemberAccessSomeUrlTest.php does not comply with psr-4 autoloading standard (rule: Tests\ => ./tests). Skipping.
2025-12-04T15:16:21.7131723Z Class Tests\Feature\DemoUseTreeFolderTest located in ./tests/Browser/DemoUseTreeFolderTest.php does not comply with psr-4 autoloading standard (rule: Tests\ => ./tests). Skipping.
2025-12-04T15:16:21.7132701Z Class Tests\Feature\NewsTest located in ./tests/Browser/NewsTest.php does not comply with psr-4 autoloading standard (rule: Tests\ => ./tests). Skipping.
2025-12-04T15:16:21.7133650Z Class Tests\Feature\DemoTableSortTest located in ./tests/Browser/DemoTableSortTest.php does not comply with psr-4 autoloading standard (rule: Tests\ => ./tests). Skipping.
2025-12-04T15:16:21.7134673Z Class Tests\Feature\DemoTableRiskTest located in ./tests/Browser/DemoTableRiskTest.php does not comply with psr-4 autoloading standard (rule: Tests\ => ./tests). Skipping.
2025-12-04T15:16:21.7135808Z Class App\Services\ZaloApiService located in ./app/Http/ControllerApi/ZaloApiService.php does not comply with psr-4 autoloading standard (rule: App\ => ./app). Skipping.
2025-12-04T15:16:21.7136754Z Class simple_html_dom_node located in ./app/Components/simple_html_dom.php does not comply with psr-4 autoloading standard (rule: App\ => ./app). Skipping.
2025-12-04T15:16:21.7137604Z Class simple_html_dom located in ./app/Components/simple_html_dom.php does not comply with psr-4 autoloading standard (rule: App\ => ./app). Skipping.
2025-12-04T15:16:21.7138426Z Class qA_W3School located in ./app/Components/qA_W3School.php does not comply with psr-4 autoloading standard (rule: App\ => ./app). Skipping.
2025-12-04T15:16:21.7139244Z Class App\Models\ProductBak located in ./app/Models/Product_bak.php does not comply with psr-4 autoloading standard (rule: App\ => ./app). Skipping.
2025-12-04T15:16:21.7140014Z Class ladDebug located in ./app/common.php does not comply with psr-4 autoloading standard (rule: App\ => ./app). Skipping.
2025-12-04T15:16:21.7140724Z Class clsDebugHelper located in ./app/common.php does not comply with psr-4 autoloading standard (rule: App\ => ./app). Skipping.
2025-12-04T15:16:21.7141535Z Class Cartesian located in ./app/common.php does not comply with psr-4 autoloading standard (rule: App\ => ./app). Skipping.
2025-12-04T15:16:21.7142251Z Class clsConfigTimeFrame located in ./app/common.php does not comply with psr-4 autoloading standard (rule: App\ => ./app). Skipping.
2025-12-04T15:16:21.7142993Z Class clsHtmlHelper located in ./app/common.php does not comply with psr-4 autoloading standard (rule: App\ => ./app). Skipping.
2025-12-04T15:16:21.7143705Z Class clsPaginator located in ./app/common.php does not comply with psr-4 autoloading standard (rule: App\ => ./app). Skipping.
2025-12-04T15:16:21.7144404Z Class classStr located in ./app/common.php does not comply with psr-4 autoloading standard (rule: App\ => ./app). Skipping.
2025-12-04T15:16:21.7145087Z Class cstring located in ./app/common.php does not comply with psr-4 autoloading standard (rule: App\ => ./app). Skipping.
2025-12-04T15:16:21.7145777Z Class BaoKimAPI2021 located in ./app/common.php does not comply with psr-4 autoloading standard (rule: App\ => ./app). Skipping.
2025-12-04T15:16:21.7146462Z Class JWT located in ./app/common.php does not comply with psr-4 autoloading standard (rule: App\ => ./app). Skipping.
2025-12-04T15:16:21.7147138Z Class clsValidate located in ./app/common.php does not comply with psr-4 autoloading standard (rule: App\ => ./app). Skipping.
2025-12-04T15:16:21.7147809Z Class CDisk located in ./app/common.php does not comply with psr-4 autoloading standard (rule: App\ => ./app). Skipping.
2025-12-04T15:16:21.7148478Z Class retCurl located in ./app/common.php does not comply with psr-4 autoloading standard (rule: App\ => ./app). Skipping.
2025-12-04T15:16:21.7149264Z Class clsMomo located in ./app/common.php does not comply with psr-4 autoloading standard (rule: App\ => ./app). Skipping.
2025-12-04T15:16:21.7149948Z Class clsBaoKim located in ./app/common.php does not comply with psr-4 autoloading standard (rule: App\ => ./app). Skipping.
2025-12-04T15:16:21.7150663Z Class clsReplicateFile located in ./app/common.php does not comply with psr-4 autoloading standard (rule: App\ => ./app). Skipping.
2025-12-04T15:16:21.7151469Z Class ctool located in ./app/common.php does not comply with psr-4 autoloading standard (rule: App\ => ./app). Skipping.
2025-12-04T15:16:21.7152157Z Class FileHelperGlx located in ./app/common.php does not comply with psr-4 autoloading standard (rule: App\ => ./app). Skipping.
2025-12-04T15:16:21.7152851Z Class IdGenDbGlx located in ./app/common.php does not comply with psr-4 autoloading standard (rule: App\ => ./app). Skipping.
2025-12-04T15:16:21.7153551Z Class GlxSnowflake located in ./app/common.php does not comply with psr-4 autoloading standard (rule: App\ => ./app). Skipping.
2025-12-04T15:16:21.7154492Z Class clang1 located in ./app/common.php does not comply with psr-4 autoloading standard (rule: App\ => ./app). Skipping.
2025-12-04T15:16:21.7155224Z Class PDFSignatureExtractor located in ./app/common.php does not comply with psr-4 autoloading standard (rule: App\ => ./app). Skipping.
2025-12-04T15:16:21.7155979Z Class clsExOrderGHTK located in ./app/extra.php does not comply with psr-4 autoloading standard (rule: App\ => ./app). Skipping.
2025-12-04T15:16:21.7156688Z Class clsSalaryExtra located in ./app/extra.php does not comply with psr-4 autoloading standard (rule: App\ => ./app). Skipping.
2025-12-04T15:16:22.0105060Z > Illuminate\Foundation\ComposerScripts::postAutoloadDump
2025-12-04T15:16:22.0781076Z > @php artisan package:discover --ansi
2025-12-04T15:16:22.8676954Z 
2025-12-04T15:16:22.8677689Z   [37;44m INFO [39;49m Discovering packages.  
2025-12-04T15:16:22.8678055Z 
2025-12-04T15:16:22.8759021Z   andyabih/laravel-to-uml [90m.[39m[90m.[39m[90m.[39m[90m.[39m[90m.[39m[90m.[39m[90m.[39m[90m.[39m[90m.[39m[90m.[39m[90m.[39m[90m.[39m[90m.[39m[90m.[39m[90m.[39m[90m.[39m[90m.[39m[90m.[39m[90m.[39m[90m.[39m[90m.[39m[90m.[39m[90m.[39m[90m.[39m[90m.[39m[90m.[39m[90m.[39m[90m.[39m[90m.[39m[90m.[39m[90m.[39m[90m.[39m[90m.[39m[90m.[39m[90m.[39m[90m.[39m[90m.[39m[90m.[39m[90m.[39m[90m.[39m[90m.[39m[90m.[39m[90m.[39m[90m.[39m[90m.[39m[90m.[39m[90m.[39m [32;1mDONE[39;22m
2025-12-04T15:16:22.8795166Z   barryvdh/laravel-debugbar [90m.[39m[90m.[39m[90m.[39m[90m.[39m[90m.[39m[90m.[39m[90m.[39m[90m.[39m[90m.[39m[90m.[39m[90m.[39m[90m.[39m[90m.[39m[90m.[39m[90m.[39m[90m.[39m[90m.[39m[90m.[39m[90m.[39m[90m.[39m[90m.[39m[90m.[39m[90m.[39m[90m.[39m[90m.[39m[90m.[39m[90m.[39m[90m.[39m[90m.[39m[90m.[39m[90m.[39m[90m.[39m[90m.[39m[90m.[39m[90m.[39m[90m.[39m[90m.[39m[90m.[39m[90m.[39m[90m.[39m[90m.[39m[90m.[39m[90m.[39m[90m.[39m[90m.[39m [32;1mDONE[39;22m
2025-12-04T15:16:22.8822222Z   kitloong/laravel-migrations-generator [90m.[39m[90m.[39m[90m.[39m[90m.[39m[90m.[39m[90m.[39m[90m.[39m[90m.[39m[90m.[39m[90m.[39m[90m.[39m[90m.[39m[90m.[39m[90m.[39m[90m.[39m[90m.[39m[90m.[39m[90m.[39m[90m.[39m[90m.[39m[90m.[39m[90m.[39m[90m.[39m[90m.[39m[90m.[39m[90m.[39m[90m.[39m[90m.[39m[90m.[39m[90m.[39m[90m.[39m[90m.[39m[90m.[39m [32;1mDONE[39;22m
2025-12-04T15:16:22.8870707Z   laravel/dusk [90m.[39m[90m.[39m[90m.[39m[90m.[39m[90m.[39m[90m.[39m[90m.[39m[90m.[39m[90m.[39m[90m.[39m[90m.[39m[90m.[39m[90m.[39m[90m.[39m[90m.[39m[90m.[39m[90m.[39m[90m.[39m[90m.[39m[90m.[39m[90m.[39m[90m.[39m[90m.[39m[90m.[39m[90m.[39m[90m.[39m[90m.[39m[90m.[39m[90m.[39m[90m.[39m[90m.[39m[90m.[39m[90m.[39m[90m.[39m[90m.[39m[90m.[39m[90m.[39m[90m.[39m[90m.[39m[90m.[39m[90m.[39m[90m.[39m[90m.[39m[90m.[39m[90m.[39m[90m.[39m[90m.[39m[90m.[39m[90m.[39m[90m.[39m[90m.[39m[90m.[39m[90m.[39m[90m.[39m[90m.[39m[90m.[39m[90m.[39m[90m.[39m [32;1mDONE[39;22m
2025-12-04T15:16:22.8918558Z   laravel/sail [90m.[39m[90m.[39m[90m.[39m[90m.[39m[90m.[39m[90m.[39m[90m.[39m[90m.[39m[90m.[39m[90m.[39m[90m.[39m[90m.[39m[90m.[39m[90m.[39m[90m.[39m[90m.[39m[90m.[39m[90m.[39m[90m.[39m[90m.[39m[90m.[39m[90m.[39m[90m.[39m[90m.[39m[90m.[39m[90m.[39m[90m.[39m[90m.[39m[90m.[39m[90m.[39m[90m.[39m[90m.[39m[90m.[39m[90m.[39m[90m.[39m[90m.[39m[90m.[39m[90m.[39m[90m.[39m[90m.[39m[90m.[39m[90m.[39m[90m.[39m[90m.[39m[90m.[39m[90m.[39m[90m.[39m[90m.[39m[90m.[39m[90m.[39m[90m.[39m[90m.[39m[90m.[39m[90m.[39m[90m.[39m[90m.[39m[90m.[39m[90m.[39m [32;1mDONE[39;22m
2025-12-04T15:16:22.8969270Z   laravel/sanctum [90m.[39m[90m.[39m[90m.[39m[90m.[39m[90m.[39m[90m.[39m[90m.[39m[90m.[39m[90m.[39m[90m.[39m[90m.[39m[90m.[39m[90m.[39m[90m.[39m[90m.[39m[90m.[39m[90m.[39m[90m.[39m[90m.[39m[90m.[39m[90m.[39m[90m.[39m[90m.[39m[90m.[39m[90m.[39m[90m.[39m[90m.[39m[90m.[39m[90m.[39m[90m.[39m[90m.[39m[90m.[39m[90m.[39m[90m.[39m[90m.[39m[90m.[39m[90m.[39m[90m.[39m[90m.[39m[90m.[39m[90m.[39m[90m.[39m[90m.[39m[90m.[39m[90m.[39m[90m.[39m[90m.[39m[90m.[39m[90m.[39m[90m.[39m[90m.[39m[90m.[39m[90m.[39m[90m.[39m[90m.[39m [32;1mDONE[39;22m
2025-12-04T15:16:22.9014563Z   laravel/socialite [90m.[39m[90m.[39m[90m.[39m[90m.[39m[90m.[39m[90m.[39m[90m.[39m[90m.[39m[90m.[39m[90m.[39m[90m.[39m[90m.[39m[90m.[39m[90m.[39m[90m.[39m[90m.[39m[90m.[39m[90m.[39m[90m.[39m[90m.[39m[90m.[39m[90m.[39m[90m.[39m[90m.[39m[90m.[39m[90m.[39m[90m.[39m[90m.[39m[90m.[39m[90m.[39m[90m.[39m[90m.[39m[90m.[39m[90m.[39m[90m.[39m[90m.[39m[90m.[39m[90m.[39m[90m.[39m[90m.[39m[90m.[39m[90m.[39m[90m.[39m[90m.[39m[90m.[39m[90m.[39m[90m.[39m[90m.[39m[90m.[39m[90m.[39m[90m.[39m[90m.[39m[90m.[39m [32;1mDONE[39;22m
2025-12-04T15:16:22.9062088Z   laravel/tinker [90m.[39m[90m.[39m[90m.[39m[90m.[39m[90m.[39m[90m.[39m[90m.[39m[90m.[39m[90m.[39m[90m.[39m[90m.[39m[90m.[39m[90m.[39m[90m.[39m[90m.[39m[90m.[39m[90m.[39m[90m.[39m[90m.[39m[90m.[39m[90m.[39m[90m.[39m[90m.[39m[90m.[39m[90m.[39m[90m.[39m[90m.[39m[90m.[39m[90m.[39m[90m.[39m[90m.[39m[90m.[39m[90m.[39m[90m.[39m[90m.[39m[90m.[39m[90m.[39m[90m.[39m[90m.[39m[90m.[39m[90m.[39m[90m.[39m[90m.[39m[90m.[39m[90m.[39m[90m.[39m[90m.[39m[90m.[39m[90m.[39m[90m.[39m[90m.[39m[90m.[39m[90m.[39m[90m.[39m[90m.[39m[90m.[39m [32;1mDONE[39;22m
2025-12-04T15:16:22.9099885Z   mongodb/laravel-mongodb [90m.[39m[90m.[39m[90m.[39m[90m.[39m[90m.[39m[90m.[39m[90m.[39m[90m.[39m[90m.[39m[90m.[39m[90m.[39m[90m.[39m[90m.[39m[90m.[39m[90m.[39m[90m.[39m[90m.[39m[90m.[39m[90m.[39m[90m.[39m[90m.[39m[90m.[39m[90m.[39m[90m.[39m[90m.[39m[90m.[39m[90m.[39m[90m.[39m[90m.[39m[90m.[39m[90m.[39m[90m.[39m[90m.[39m[90m.[39m[90m.[39m[90m.[39m[90m.[39m[90m.[39m[90m.[39m[90m.[39m[90m.[39m[90m.[39m[90m.[39m[90m.[39m[90m.[39m[90m.[39m[90m.[39m [32;1mDONE[39;22m
2025-12-04T15:16:22.9148523Z   nesbot/carbon [90m.[39m[90m.[39m[90m.[39m[90m.[39m[90m.[39m[90m.[39m[90m.[39m[90m.[39m[90m.[39m[90m.[39m[90m.[39m[90m.[39m[90m.[39m[90m.[39m[90m.[39m[90m.[39m[90m.[39m[90m.[39m[90m.[39m[90m.[39m[90m.[39m[90m.[39m[90m.[39m[90m.[39m[90m.[39m[90m.[39m[90m.[39m[90m.[39m[90m.[39m[90m.[39m[90m.[39m[90m.[39m[90m.[39m[90m.[39m[90m.[39m[90m.[39m[90m.[39m[90m.[39m[90m.[39m[90m.[39m[90m.[39m[90m.[39m[90m.[39m[90m.[39m[90m.[39m[90m.[39m[90m.[39m[90m.[39m[90m.[39m[90m.[39m[90m.[39m[90m.[39m[90m.[39m[90m.[39m[90m.[39m[90m.[39m[90m.[39m [32;1mDONE[39;22m
2025-12-04T15:16:22.9189088Z   nunomaduro/collision [90m.[39m[90m.[39m[90m.[39m[90m.[39m[90m.[39m[90m.[39m[90m.[39m[90m.[39m[90m.[39m[90m.[39m[90m.[39m[90m.[39m[90m.[39m[90m.[39m[90m.[39m[90m.[39m[90m.[39m[90m.[39m[90m.[39m[90m.[39m[90m.[39m[90m.[39m[90m.[39m[90m.[39m[90m.[39m[90m.[39m[90m.[39m[90m.[39m[90m.[39m[90m.[39m[90m.[39m[90m.[39m[90m.[39m[90m.[39m[90m.[39m[90m.[39m[90m.[39m[90m.[39m[90m.[39m[90m.[39m[90m.[39m[90m.[39m[90m.[39m[90m.[39m[90m.[39m[90m.[39m[90m.[39m[90m.[39m[90m.[39m[90m.[39m [32;1mDONE[39;22m
2025-12-04T15:16:22.9231639Z   nunomaduro/termwind [90m.[39m[90m.[39m[90m.[39m[90m.[39m[90m.[39m[90m.[39m[90m.[39m[90m.[39m[90m.[39m[90m.[39m[90m.[39m[90m.[39m[90m.[39m[90m.[39m[90m.[39m[90m.[39m[90m.[39m[90m.[39m[90m.[39m[90m.[39m[90m.[39m[90m.[39m[90m.[39m[90m.[39m[90m.[39m[90m.[39m[90m.[39m[90m.[39m[90m.[39m[90m.[39m[90m.[39m[90m.[39m[90m.[39m[90m.[39m[90m.[39m[90m.[39m[90m.[39m[90m.[39m[90m.[39m[90m.[39m[90m.[39m[90m.[39m[90m.[39m[90m.[39m[90m.[39m[90m.[39m[90m.[39m[90m.[39m[90m.[39m[90m.[39m[90m.[39m [32;1mDONE[39;22m
2025-12-04T15:16:22.9265050Z   simplesoftwareio/simple-qrcode [90m.[39m[90m.[39m[90m.[39m[90m.[39m[90m.[39m[90m.[39m[90m.[39m[90m.[39m[90m.[39m[90m.[39m[90m.[39m[90m.[39m[90m.[39m[90m.[39m[90m.[39m[90m.[39m[90m.[39m[90m.[39m[90m.[39m[90m.[39m[90m.[39m[90m.[39m[90m.[39m[90m.[39m[90m.[39m[90m.[39m[90m.[39m[90m.[39m[90m.[39m[90m.[39m[90m.[39m[90m.[39m[90m.[39m[90m.[39m[90m.[39m[90m.[39m[90m.[39m[90m.[39m[90m.[39m[90m.[39m [32;1mDONE[39;22m
2025-12-04T15:16:22.9306310Z   spatie/laravel-backup [90m.[39m[90m.[39m[90m.[39m[90m.[39m[90m.[39m[90m.[39m[90m.[39m[90m.[39m[90m.[39m[90m.[39m[90m.[39m[90m.[39m[90m.[39m[90m.[39m[90m.[39m[90m.[39m[90m.[39m[90m.[39m[90m.[39m[90m.[39m[90m.[39m[90m.[39m[90m.[39m[90m.[39m[90m.[39m[90m.[39m[90m.[39m[90m.[39m[90m.[39m[90m.[39m[90m.[39m[90m.[39m[90m.[39m[90m.[39m[90m.[39m[90m.[39m[90m.[39m[90m.[39m[90m.[39m[90m.[39m[90m.[39m[90m.[39m[90m.[39m[90m.[39m[90m.[39m[90m.[39m[90m.[39m[90m.[39m[90m.[39m [32;1mDONE[39;22m
2025-12-04T15:16:22.9345065Z   spatie/laravel-ignition [90m.[39m[90m.[39m[90m.[39m[90m.[39m[90m.[39m[90m.[39m[90m.[39m[90m.[39m[90m.[39m[90m.[39m[90m.[39m[90m.[39m[90m.[39m[90m.[39m[90m.[39m[90m.[39m[90m.[39m[90m.[39m[90m.[39m[90m.[39m[90m.[39m[90m.[39m[90m.[39m[90m.[39m[90m.[39m[90m.[39m[90m.[39m[90m.[39m[90m.[39m[90m.[39m[90m.[39m[90m.[39m[90m.[39m[90m.[39m[90m.[39m[90m.[39m[90m.[39m[90m.[39m[90m.[39m[90m.[39m[90m.[39m[90m.[39m[90m.[39m[90m.[39m[90m.[39m[90m.[39m[90m.[39m [32;1mDONE[39;22m
2025-12-04T15:16:22.9373581Z   spatie/laravel-signal-aware-command [90m.[39m[90m.[39m[90m.[39m[90m.[39m[90m.[39m[90m.[39m[90m.[39m[90m.[39m[90m.[39m[90m.[39m[90m.[39m[90m.[39m[90m.[39m[90m.[39m[90m.[39m[90m.[39m[90m.[39m[90m.[39m[90m.[39m[90m.[39m[90m.[39m[90m.[39m[90m.[39m[90m.[39m[90m.[39m[90m.[39m[90m.[39m[90m.[39m[90m.[39m[90m.[39m[90m.[39m[90m.[39m[90m.[39m[90m.[39m[90m.[39m [32;1mDONE[39;22m
2025-12-04T15:16:22.9409381Z   spatie/laravel-translatable [90m.[39m[90m.[39m[90m.[39m[90m.[39m[90m.[39m[90m.[39m[90m.[39m[90m.[39m[90m.[39m[90m.[39m[90m.[39m[90m.[39m[90m.[39m[90m.[39m[90m.[39m[90m.[39m[90m.[39m[90m.[39m[90m.[39m[90m.[39m[90m.[39m[90m.[39m[90m.[39m[90m.[39m[90m.[39m[90m.[39m[90m.[39m[90m.[39m[90m.[39m[90m.[39m[90m.[39m[90m.[39m[90m.[39m[90m.[39m[90m.[39m[90m.[39m[90m.[39m[90m.[39m[90m.[39m[90m.[39m[90m.[39m[90m.[39m[90m.[39m [32;1mDONE[39;22m
2025-12-04T15:16:22.9456918Z   tymon/jwt-auth [90m.[39m[90m.[39m[90m.[39m[90m.[39m[90m.[39m[90m.[39m[90m.[39m[90m.[39m[90m.[39m[90m.[39m[90m.[39m[90m.[39m[90m.[39m[90m.[39m[90m.[39m[90m.[39m[90m.[39m[90m.[39m[90m.[39m[90m.[39m[90m.[39m[90m.[39m[90m.[39m[90m.[39m[90m.[39m[90m.[39m[90m.[39m[90m.[39m[90m.[39m[90m.[39m[90m.[39m[90m.[39m[90m.[39m[90m.[39m[90m.[39m[90m.[39m[90m.[39m[90m.[39m[90m.[39m[90m.[39m[90m.[39m[90m.[39m[90m.[39m[90m.[39m[90m.[39m[90m.[39m[90m.[39m[90m.[39m[90m.[39m[90m.[39m[90m.[39m[90m.[39m[90m.[39m[90m.[39m[90m.[39m[90m.[39m [32;1mDONE[39;22m
2025-12-04T15:16:22.9458293Z 
2025-12-04T15:16:22.9663218Z 122 packages you are using are looking for funding.
2025-12-04T15:16:22.9664031Z Use the `composer fund` command to find out more!
2025-12-04T15:16:23.0169739Z ##[group]Run php artisan key:generate
2025-12-04T15:16:23.0170224Z [36;1mphp artisan key:generate[0m
2025-12-04T15:16:23.0202948Z shell: /usr/bin/bash -e {0}
2025-12-04T15:16:23.0203174Z env:
2025-12-04T15:16:23.0203342Z   COMPOSER_PROCESS_TIMEOUT: 0
2025-12-04T15:16:23.0203581Z   COMPOSER_NO_INTERACTION: 1
2025-12-04T15:16:23.0203780Z   COMPOSER_NO_AUDIT: 1
2025-12-04T15:16:23.0203964Z ##[endgroup]
2025-12-04T15:16:23.7125398Z 
2025-12-04T15:16:23.7125951Z    INFO  Application key set successfully.  
2025-12-04T15:16:23.7126215Z 
2025-12-04T15:16:23.7275507Z ##[group]Run mysql -h 127.0.0.1 -u root -e "SELECT 1;"
2025-12-04T15:16:23.7275853Z [36;1mmysql -h 127.0.0.1 -u root -e "SELECT 1;"[0m
2025-12-04T15:16:23.7276240Z [36;1mphp artisan tinker --execute="DB::connection()->select('select 1');" || true[0m
2025-12-04T15:16:23.7308569Z shell: /usr/bin/bash -e {0}
2025-12-04T15:16:23.7308778Z env:
2025-12-04T15:16:23.7308946Z   COMPOSER_PROCESS_TIMEOUT: 0
2025-12-04T15:16:23.7309169Z   COMPOSER_NO_INTERACTION: 1
2025-12-04T15:16:23.7309374Z   COMPOSER_NO_AUDIT: 1
2025-12-04T15:16:23.7309563Z ##[endgroup]
2025-12-04T15:16:23.7679922Z 1
2025-12-04T15:16:23.7680186Z 1
2025-12-04T15:16:24.8426335Z ##[group]Run nohup php artisan serve --host 127.0.0.1 --port 8000 > /tmp/artisan-serve.log 2>&1 &
2025-12-04T15:16:24.8426942Z [36;1mnohup php artisan serve --host 127.0.0.1 --port 8000 > /tmp/artisan-serve.log 2>&1 &[0m
2025-12-04T15:16:24.8427358Z [36;1mecho $! > /tmp/artisan-serve.pid[0m
2025-12-04T15:16:24.8427595Z [36;1msleep 1[0m
2025-12-04T15:16:24.8459481Z shell: /usr/bin/bash -e {0}
2025-12-04T15:16:24.8459703Z env:
2025-12-04T15:16:24.8459872Z   COMPOSER_PROCESS_TIMEOUT: 0
2025-12-04T15:16:24.8460096Z   COMPOSER_NO_INTERACTION: 1
2025-12-04T15:16:24.8460295Z   COMPOSER_NO_AUDIT: 1
2025-12-04T15:16:24.8460477Z ##[endgroup]
2025-12-04T15:16:25.8557036Z ##[group]Run for i in {1..15}; do
2025-12-04T15:16:25.8557315Z [36;1mfor i in {1..15}; do[0m
2025-12-04T15:16:25.8557609Z [36;1m  if curl -sSf http://127.0.0.1:8000/ >/dev/null 2>&1; then[0m
2025-12-04T15:16:25.8557926Z [36;1m    echo "Server is up"[0m
2025-12-04T15:16:25.8558135Z [36;1m    exit 0[0m
2025-12-04T15:16:25.8558306Z [36;1m  fi[0m
2025-12-04T15:16:25.8558487Z [36;1m  echo "Waiting for server... ($i)"[0m
2025-12-04T15:16:25.8558723Z [36;1m  sleep 1[0m
2025-12-04T15:16:25.8558881Z [36;1mdone[0m
2025-12-04T15:16:25.8559136Z [36;1mecho "Server did not start in time. Dumping last 200 lines of log:"[0m
2025-12-04T15:16:25.8559489Z [36;1mtail -n 200 /tmp/artisan-serve.log || true[0m
2025-12-04T15:16:25.8559739Z [36;1mexit 1[0m
2025-12-04T15:16:25.8592024Z shell: /usr/bin/bash -e {0}
2025-12-04T15:16:25.8592237Z env:
2025-12-04T15:16:25.8592398Z   COMPOSER_PROCESS_TIMEOUT: 0
2025-12-04T15:16:25.8592616Z   COMPOSER_NO_INTERACTION: 1
2025-12-04T15:16:25.8592839Z   COMPOSER_NO_AUDIT: 1
2025-12-04T15:16:25.8593017Z ##[endgroup]
2025-12-04T15:16:26.9044023Z Server is up
2025-12-04T15:16:26.9088471Z ##[group]Run php artisan test
2025-12-04T15:16:26.9088930Z [36;1mphp artisan test[0m
2025-12-04T15:16:26.9089303Z [36;1mTEST_EXIT=$?[0m
2025-12-04T15:16:26.9089725Z [36;1mecho "exit_code=${TEST_EXIT}" >> $GITHUB_OUTPUT[0m
2025-12-04T15:16:26.9090199Z [36;1mexit ${TEST_EXIT}[0m
2025-12-04T15:16:26.9125258Z shell: /usr/bin/bash --noprofile --norc -e -o pipefail {0}
2025-12-04T15:16:26.9125560Z env:
2025-12-04T15:16:26.9125726Z   COMPOSER_PROCESS_TIMEOUT: 0
2025-12-04T15:16:26.9125940Z   COMPOSER_NO_INTERACTION: 1
2025-12-04T15:16:26.9126134Z   COMPOSER_NO_AUDIT: 1
2025-12-04T15:16:26.9126316Z ##[endgroup]
2025-12-04T15:16:34.1998897Z 
2025-12-04T15:16:34.1999443Z    PASS  Tests\Unit\CalculateVpsPriceTest
2025-12-04T15:16:34.2092967Z   âœ“ network dedicated rounding 150 to 200                                0.58s  
2025-12-04T15:16:34.2179409Z   âœ“ ip pricing 5 ips                                                     0.49s  
2025-12-04T15:16:34.2264665Z   âœ“ normal values                                                        0.50s  
2025-12-04T15:16:34.2352229Z   âœ“ network dedicated large 500                                          0.49s  
2025-12-04T15:16:34.2437438Z   âœ“ network dedicated zero                                               0.49s  
2025-12-04T15:16:34.2524647Z   âœ“ decimal cpu and ram                                                  0.49s  
2025-12-04T15:16:34.2610599Z   âœ“ values below minimum                                                 0.48s  
2025-12-04T15:16:34.2698862Z   âœ“ network dedicated above baseline                                     0.48s  
2025-12-04T15:16:34.2787041Z   âœ“ user request case with dedicated                                     0.48s  
2025-12-04T15:16:34.2875202Z   âœ“ ip pricing 1 ip free                                                 0.49s  
2025-12-04T15:16:34.2963079Z   âœ“ ip pricing 2 ips                                                     0.48s  
2025-12-04T15:16:34.3050791Z   âœ“ config loaded correctly                                              0.49s  
2025-12-04T15:16:34.3138103Z   âœ“ disk rounding 88 to 90                                               0.48s  
2025-12-04T15:16:34.3140454Z 
2025-12-04T15:16:34.3142763Z   Tests:    13 passed (18 assertions)
2025-12-04T15:16:34.3144071Z   Duration: 6.49s
2025-12-04T15:16:34.3144315Z 
2025-12-04T15:16:34.3469971Z ##[error]Process completed with exit code 1.
2025-12-04T15:16:34.3513268Z ##[group]Run if [ -f /tmp/artisan-serve.pid ]; then
2025-12-04T15:16:34.3513632Z [36;1mif [ -f /tmp/artisan-serve.pid ]; then[0m
2025-12-04T15:16:34.3513963Z [36;1m  PID=$(cat /tmp/artisan-serve.pid 2>/dev/null || echo "")[0m
2025-12-04T15:16:34.3514266Z [36;1m  if [ -n "$PID" ]; then[0m
2025-12-04T15:16:34.3514501Z [36;1m    kill "$PID" 2>/dev/null || true[0m
2025-12-04T15:16:34.3514726Z [36;1m  fi[0m
2025-12-04T15:16:34.3514942Z [36;1m  rm -f /tmp/artisan-serve.pid 2>/dev/null || true[0m
2025-12-04T15:16:34.3515201Z [36;1mfi[0m
2025-12-04T15:16:34.3515405Z [36;1mpkill -f "php artisan serve" 2>/dev/null || true[0m
2025-12-04T15:16:34.3547144Z shell: /usr/bin/bash -e {0}
2025-12-04T15:16:34.3547360Z env:
2025-12-04T15:16:34.3547535Z   COMPOSER_PROCESS_TIMEOUT: 0
2025-12-04T15:16:34.3547760Z   COMPOSER_NO_INTERACTION: 1
2025-12-04T15:16:34.3547957Z   COMPOSER_NO_AUDIT: 1
2025-12-04T15:16:34.3548136Z ##[endgroup]
2025-12-04T15:16:34.3948993Z ##[group]Run actions/upload-artifact@v4
2025-12-04T15:16:34.3949254Z with:
2025-12-04T15:16:34.3949411Z   name: test-results
2025-12-04T15:16:34.3949600Z   if-no-files-found: warn
2025-12-04T15:16:34.3949823Z   path: .phpunit.result.cache
storage/logs/

2025-12-04T15:16:34.3950074Z   compression-level: 6
2025-12-04T15:16:34.3950264Z   overwrite: false
2025-12-04T15:16:34.3950446Z   include-hidden-files: false
2025-12-04T15:16:34.3950649Z env:
2025-12-04T15:16:34.3950802Z   COMPOSER_PROCESS_TIMEOUT: 0
2025-12-04T15:16:34.3951019Z   COMPOSER_NO_INTERACTION: 1
2025-12-04T15:16:34.3951481Z   COMPOSER_NO_AUDIT: 1
2025-12-04T15:16:34.3951667Z ##[endgroup]
2025-12-04T15:16:34.6128777Z Multiple search paths detected. Calculating the least common ancestor of all paths
2025-12-04T15:16:34.6132084Z The least common ancestor is /home/runner/work/laravel2026/laravel2026. This will be the root directory of the artifact
2025-12-04T15:16:34.6133676Z With the provided path, there will be 1 file uploaded
2025-12-04T15:16:34.6139505Z Artifact name is valid!
2025-12-04T15:16:34.6140219Z Root directory input is valid!
2025-12-04T15:16:34.8069544Z Beginning upload of artifact content to blob storage
2025-12-04T15:16:34.9658560Z Uploaded bytes 1684
2025-12-04T15:16:35.0056231Z Finished uploading artifact content to blob storage!
2025-12-04T15:16:35.0059788Z SHA256 digest of uploaded artifact zip is 436a3091fd16d08f42d133faef036c8a373cd19bae5e4750014f20daf70862f1
2025-12-04T15:16:35.0062181Z Finalizing artifact upload
2025-12-04T15:16:35.1417574Z Artifact test-results.zip successfully finalized. Artifact ID 4765829453
2025-12-04T15:16:35.1419011Z Artifact test-results has been successfully uploaded! Final size is 1684 bytes. Artifact ID is 4765829453
2025-12-04T15:16:35.1425596Z Artifact download URL: https://github.com/dungla2011/laravel2026/actions/runs/19933878403/artifacts/4765829453
2025-12-04T15:16:35.1586893Z Post job cleanup.
2025-12-04T15:16:35.2687274Z [command]/usr/bin/git version
2025-12-04T15:16:35.2723421Z git version 2.52.0
2025-12-04T15:16:35.2767458Z Temporarily overriding HOME='/home/runner/work/_temp/ad04d8d5-2346-43f5-8984-fae7f51545c0' before making global git config changes
2025-12-04T15:16:35.2768646Z Adding repository directory to the temporary git global config as a safe directory
2025-12-04T15:16:35.2773892Z [command]/usr/bin/git config --global --add safe.directory /home/runner/work/laravel2026/laravel2026
2025-12-04T15:16:35.2853185Z [command]/usr/bin/git config --local --name-only --get-regexp core\.sshCommand
2025-12-04T15:16:35.2888216Z [command]/usr/bin/git submodule foreach --recursive sh -c "git config --local --name-only --get-regexp 'core\.sshCommand' && git config --local --unset-all 'core.sshCommand' || :"
2025-12-04T15:16:35.3185435Z [command]/usr/bin/git config --local --name-only --get-regexp http\.https\:\/\/github\.com\/\.extraheader
2025-12-04T15:16:35.3210910Z http.https://github.com/.extraheader
2025-12-04T15:16:35.3226755Z [command]/usr/bin/git config --local --unset-all http.https://github.com/.extraheader
2025-12-04T15:16:35.3261688Z [command]/usr/bin/git submodule foreach --recursive sh -c "git config --local --name-only --get-regexp 'http\.https\:\/\/github\.com\/\.extraheader' && git config --local --unset-all 'http.https://github.com/.extraheader' || :"
2025-12-04T15:16:35.3534413Z [command]/usr/bin/git config --local --name-only --get-regexp ^includeIf\.gitdir:
2025-12-04T15:16:35.3569302Z [command]/usr/bin/git submodule foreach --recursive git config --local --show-origin --name-only --get-regexp remote.origin.url
2025-12-04T15:16:35.3905906Z Print service container logs: 0871247d64b349338b5731292ed6728c_mysql80_f9d4bf
2025-12-04T15:16:35.3910633Z ##[command]/usr/bin/docker logs --details 66f699b70ec57d174e0b084b021697be4d644916d22e00ce03e244b439f94b1b
2025-12-04T15:16:35.4038655Z  2025-12-04T15:15:30.203920Z 0 [Warning] [MY-011068] [Server] The syntax '--skip-host-cache' is deprecated and will be removed in a future release. Please use SET GLOBAL host_cache_size=0 instead.
2025-12-04T15:16:35.4040218Z  2025-12-04T15:15:30.203995Z 0 [System] [MY-013169] [Server] /usr/sbin/mysqld (mysqld 8.0.44) initializing of server in progress as process 80
2025-12-04T15:16:35.4041391Z  2025-12-04T15:15:30.208586Z 1 [System] [MY-013576] [InnoDB] InnoDB initialization has started.
2025-12-04T15:16:35.4042173Z  2025-12-04T15:15:30.371420Z 1 [System] [MY-013577] [InnoDB] InnoDB initialization has ended.
2025-12-04T15:16:35.4043419Z  2025-12-04T15:15:31.122008Z 6 [Warning] [MY-010453] [Server] root@localhost is created with an empty password ! Please consider switching off the --initialize-insecure option.
2025-12-04T15:16:35.4045085Z  2025-12-04T15:15:33.327738Z 0 [Warning] [MY-011068] [Server] The syntax '--skip-host-cache' is deprecated and will be removed in a future release. Please use SET GLOBAL host_cache_size=0 instead.
2025-12-04T15:16:35.4046502Z  2025-12-04T15:15:33.329056Z 0 [System] [MY-010116] [Server] /usr/sbin/mysqld (mysqld 8.0.44) starting as process 124
2025-12-04T15:16:35.4047422Z  2025-12-04T15:15:33.337994Z 1 [System] [MY-013576] [InnoDB] InnoDB initialization has started.
2025-12-04T15:16:35.4048221Z  2025-12-04T15:15:33.423829Z 1 [System] [MY-013577] [InnoDB] InnoDB initialization has ended.
2025-12-04T15:16:35.4049020Z  2025-12-04T15:15:33.551951Z 0 [Warning] [MY-010068] [Server] CA certificate ca.pem is self signed.
2025-12-04T15:16:35.4050163Z  2025-12-04T15:15:33.551988Z 0 [System] [MY-013602] [Server] Channel mysql_main configured to support TLS. Encrypted connections are now supported for this channel.
2025-12-04T15:16:35.4052105Z  2025-12-04T15:15:33.553989Z 0 [Warning] [MY-011810] [Server] Insecure configuration for --pid-file: Location '/var/run/mysqld' in the path is accessible to all OS users. Consider choosing a different directory.
2025-12-04T15:16:35.4053856Z  2025-12-04T15:15:33.569160Z 0 [System] [MY-011323] [Server] X Plugin ready for connections. Socket: /var/run/mysqld/mysqlx.sock
2025-12-04T15:16:35.4055318Z  2025-12-04T15:15:33.569281Z 0 [System] [MY-010931] [Server] /usr/sbin/mysqld: ready for connections. Version: '8.0.44'  socket: '/var/run/mysqld/mysqld.sock'  port: 0  MySQL Community Server - GPL.
2025-12-04T15:16:35.4056585Z  Warning: Unable to load '/usr/share/zoneinfo/iso3166.tab' as time zone. Skipping it.
2025-12-04T15:16:35.4057441Z  Warning: Unable to load '/usr/share/zoneinfo/leap-seconds.list' as time zone. Skipping it.
2025-12-04T15:16:35.4058283Z  Warning: Unable to load '/usr/share/zoneinfo/leapseconds' as time zone. Skipping it.
2025-12-04T15:16:35.4059091Z  Warning: Unable to load '/usr/share/zoneinfo/tzdata.zi' as time zone. Skipping it.
2025-12-04T15:16:35.4059844Z  Warning: Unable to load '/usr/share/zoneinfo/zone.tab' as time zone. Skipping it.
2025-12-04T15:16:35.4061796Z  Warning: Unable to load '/usr/share/zoneinfo/zone1970.tab' as time zone. Skipping it.
2025-12-04T15:16:35.4062806Z  2025-12-04T15:15:35.357357Z 11 [System] [MY-013172] [Server] Received SHUTDOWN from user root. Shutting down mysqld (Version: 8.0.44).
2025-12-04T15:16:35.4064028Z  2025-12-04T15:15:36.053663Z 0 [System] [MY-010910] [Server] /usr/sbin/mysqld: Shutdown complete (mysqld 8.0.44)  MySQL Community Server - GPL.
2025-12-04T15:16:35.4065493Z  2025-12-04T15:15:36.549410Z 0 [Warning] [MY-011068] [Server] The syntax '--skip-host-cache' is deprecated and will be removed in a future release. Please use SET GLOBAL host_cache_size=0 instead.
2025-12-04T15:16:35.4066507Z  2025-12-04T15:15:36.550161Z 0 [System] [MY-010116] [Server] /usr/sbin/mysqld (mysqld 8.0.44) starting as process 1
2025-12-04T15:16:35.4067297Z  2025-12-04T15:15:36.554905Z 1 [System] [MY-013576] [InnoDB] InnoDB initialization has started.
2025-12-04T15:16:35.4067794Z  2025-12-04T15:15:36.634710Z 1 [System] [MY-013577] [InnoDB] InnoDB initialization has ended.
2025-12-04T15:16:35.4068291Z  2025-12-04T15:15:36.781693Z 0 [Warning] [MY-010068] [Server] CA certificate ca.pem is self signed.
2025-12-04T15:16:35.4069005Z  2025-12-04T15:15:36.781725Z 0 [System] [MY-013602] [Server] Channel mysql_main configured to support TLS. Encrypted connections are now supported for this channel.
2025-12-04T15:16:35.4070016Z  2025-12-04T15:15:36.783233Z 0 [Warning] [MY-011810] [Server] Insecure configuration for --pid-file: Location '/var/run/mysqld' in the path is accessible to all OS users. Consider choosing a different directory.
2025-12-04T15:16:35.4070984Z  2025-12-04T15:15:36.795524Z 0 [System] [MY-011323] [Server] X Plugin ready for connections. Bind-address: '::' port: 33060, socket: /var/run/mysqld/mysqlx.sock
2025-12-04T15:16:35.4072116Z  2025-12-04T15:15:36.795611Z 0 [System] [MY-010931] [Server] /usr/sbin/mysqld: ready for connections. Version: '8.0.44'  socket: '/var/run/mysqld/mysqld.sock'  port: 3306  MySQL Community Server - GPL.
2025-12-04T15:16:35.4072912Z  2025-12-04 15:15:29+00:00 [Note] [Entrypoint]: Entrypoint script for MySQL Server 8.0.44-1.el9 started.
2025-12-04T15:16:35.4073379Z  2025-12-04 15:15:30+00:00 [Note] [Entrypoint]: Switching to dedicated user 'mysql'
2025-12-04T15:16:35.4073835Z  2025-12-04 15:15:30+00:00 [Note] [Entrypoint]: Entrypoint script for MySQL Server 8.0.44-1.el9 started.
2025-12-04T15:16:35.4074264Z  2025-12-04 15:15:30+00:00 [Note] [Entrypoint]: Initializing database files
2025-12-04T15:16:35.4074636Z  2025-12-04 15:15:33+00:00 [Note] [Entrypoint]: Database files initialized
2025-12-04T15:16:35.4074992Z  2025-12-04 15:15:33+00:00 [Note] [Entrypoint]: Starting temporary server
2025-12-04T15:16:35.4075370Z  2025-12-04 15:15:33+00:00 [Note] [Entrypoint]: Temporary server started.
2025-12-04T15:16:35.4075734Z  '/var/lib/mysql/mysql.sock' -> '/var/run/mysqld/mysqld.sock'
2025-12-04T15:16:35.4076100Z  2025-12-04 15:15:35+00:00 [Note] [Entrypoint]: Creating database glx2026test
2025-12-04T15:16:35.4076393Z  
2025-12-04T15:16:35.4076612Z  2025-12-04 15:15:35+00:00 [Note] [Entrypoint]: Stopping temporary server
2025-12-04T15:16:35.4077101Z  2025-12-04 15:15:36+00:00 [Note] [Entrypoint]: Temporary server stopped
2025-12-04T15:16:35.4077374Z  
2025-12-04T15:16:35.4077636Z  2025-12-04 15:15:36+00:00 [Note] [Entrypoint]: MySQL init process done. Ready for start up.
2025-12-04T15:16:35.4077965Z  
2025-12-04T15:16:35.4083637Z Stop and remove container: 0871247d64b349338b5731292ed6728c_mysql80_f9d4bf
2025-12-04T15:16:35.4087992Z ##[command]/usr/bin/docker rm --force 66f699b70ec57d174e0b084b021697be4d644916d22e00ce03e244b439f94b1b
2025-12-04T15:16:35.5952904Z 66f699b70ec57d174e0b084b021697be4d644916d22e00ce03e244b439f94b1b
2025-12-04T15:16:35.5977899Z Remove container network: github_network_d8c5c646207d4d8d976e1a7a58f19a62
2025-12-04T15:16:35.5982383Z ##[command]/usr/bin/docker network rm github_network_d8c5c646207d4d8d976e1a7a58f19a62
2025-12-04T15:16:35.7064141Z github_network_d8c5c646207d4d8d976e1a7a58f19a62
2025-12-04T15:16:35.7118986Z Cleaning up orphan processes
2025-12-04T15:16:35.7466848Z Terminate orphan process: pid (4398) (php8.2)